11-17 01:52:46.014  1714  2224 I MiuiNetworkPolicy: isMLEnabled state:5,uid:10175,connect:DISCONNECTED
11-17 01:52:46.014  1714  2224 I MiuiNetworkPolicy: isMLEnabled state:7,uid:10175,connect:DISCONNECTED
11-17 01:52:46.898  1714  2224 I MiuiNetworkPolicy: updateUidState uid = 99004, uidState = 5
11-17 01:52:46.898  1714  2224 I MiuiNetworkPolicy: updateMLUid uid:99004,old:7,new:5
11-17 01:52:46.898  1714  2224 I MiuiNetworkPolicy: updateUidState uid = 10175, uidState = 5
11-17 01:52:46.898  1714  2224 I MiuiNetworkPolicy: updateMLUid uid:10175,old:7,new:5
11-17 01:52:46.898  1714  2224 I MiuiNetworkPolicy: isMLEnabled state:7,uid:10175,connect:DISCONNECTED
11-17 01:52:46.898  1714  2224 I MiuiNetworkPolicy: isMLEnabled state:5,uid:10175,connect:DISCONNECTED
11-17 01:52:46.936  1714  2224 I MiuiNetworkPolicy: updateUidState uid = 99004, uidState = 7
11-17 01:52:46.936  1714  2224 I MiuiNetworkPolicy: updateMLUid uid:99004,old:5,new:7
11-17 01:52:46.936  1714  2224 I MiuiNetworkPolicy: updateUidState uid = 10175, uidState = 7
11-17 01:52:46.936  1714  2224 I MiuiNetworkPolicy: updateMLUid uid:10175,old:5,new:7
11-17 01:52:46.936  1714  2224 I MiuiNetworkPolicy: isMLEnabled state:5,uid:10175,connect:DISCONNECTED
11-17 01:52:46.936  1714  2224 I MiuiNetworkPolicy: isMLEnabled state:7,uid:10175,connect:DISCONNECTED
11-17 01:52:46.945  1714  2224 I MiuiNetworkPolicy: updateUidState uid = 99004, uidState = 5
11-17 01:52:46.945  1714  2224 I MiuiNetworkPolicy: updateMLUid uid:99004,old:7,new:5
11-17 01:52:46.945  1714  2224 I MiuiNetworkPolicy: updateUidState uid = 10175, uidState = 5
11-17 01:52:46.945  1714  2224 I MiuiNetworkPolicy: updateMLUid uid:10175,old:7,new:5
11-17 01:52:46.945  1714  2224 I MiuiNetworkPolicy: isMLEnabled state:7,uid:10175,connect:DISCONNECTED
11-17 01:52:46.945  1714  2224 I MiuiNetworkPolicy: isMLEnabled state:5,uid:10175,connect:DISCONNECTED
11-17 01:52:47.084  1714  2224 I MiuiNetworkPolicy: updateUidState uid = 99004, uidState = 7
11-17 01:52:47.084  1714  2224 I MiuiNetworkPolicy: updateMLUid uid:99004,old:5,new:7
11-17 01:52:47.084  1714  2224 I MiuiNetworkPolicy: updateUidState uid = 10175, uidState = 7
11-17 01:52:47.084  1714  2224 I MiuiNetworkPolicy: updateMLUid uid:10175,old:5,new:7
11-17 01:52:47.084  1714  2224 I MiuiNetworkPolicy: isMLEnabled state:5,uid:10175,connect:DISCONNECTED
11-17 01:52:47.084  1714  2224 I MiuiNetworkPolicy: isMLEnabled state:7,uid:10175,connect:DISCONNECTED
11-17 01:52:47.123  1714  2224 I MiuiNetworkPolicy: updateUidState uid = 99004, uidState = 5
11-17 01:52:47.124  1714  2224 I MiuiNetworkPolicy: updateMLUid uid:99004,old:7,new:5
11-17 01:52:47.124  1714  2224 I MiuiNetworkPolicy: updateUidState uid = 10175, uidState = 5
11-17 01:52:47.124  1714  2224 I MiuiNetworkPolicy: updateMLUid uid:10175,old:7,new:5
11-17 01:52:47.124  1714  2224 I MiuiNetworkPolicy: isMLEnabled state:7,uid:10175,connect:DISCONNECTED
11-17 01:52:47.124  1714  2224 I MiuiNetworkPolicy: isMLEnabled state:5,uid:10175,connect:DISCONNECTED
11-17 01:52:47.136  1714  2224 I MiuiNetworkPolicy: updateUidState uid = 99004, uidState = 7
11-17 01:52:47.136  1714  2224 I MiuiNetworkPolicy: updateMLUid uid:99004,old:5,new:7
11-17 01:52:47.136  1714  2224 I MiuiNetworkPolicy: updateUidState uid = 10175, uidState = 7
11-17 01:52:47.136  1714  2224 I MiuiNetworkPolicy: updateMLUid uid:10175,old:5,new:7
11-17 01:52:47.136  1714  2224 I MiuiNetworkPolicy: isMLEnabled state:5,uid:10175,connect:DISCONNECTED
11-17 01:52:47.136  1714  2224 I MiuiNetworkPolicy: isMLEnabled state:7,uid:10175,connect:DISCONNECTED
11-17 01:52:47.163  1714  2224 I MiuiNetworkPolicy: updateUidState uid = 99004, uidState = 5
11-17 01:52:47.163  1714  2224 I MiuiNetworkPolicy: updateMLUid uid:99004,old:7,new:5
11-17 01:52:47.165  1714  2224 I MiuiNetworkPolicy: updateUidState uid = 10175, uidState = 5
11-17 01:52:47.165  1714  2224 I MiuiNetworkPolicy: updateMLUid uid:10175,old:7,new:5
11-17 01:52:47.165  1714  2224 I MiuiNetworkPolicy: isMLEnabled state:7,uid:10175,connect:DISCONNECTED
11-17 01:52:47.165  1714  2224 I MiuiNetworkPolicy: isMLEnabled state:5,uid:10175,connect:DISCONNECTED
11-17 01:52:47.360  1714  2224 I MiuiNetworkPolicy: updateUidState uid = 99004, uidState = 7
11-17 01:52:47.360  1714  2224 I MiuiNetworkPolicy: updateMLUid uid:99004,old:5,new:7
11-17 01:52:47.360  1714  2224 I MiuiNetworkPolicy: updateUidState uid = 10175, uidState = 7
11-17 01:52:47.360  1714  2224 I MiuiNetworkPolicy: updateMLUid uid:10175,old:5,new:7
11-17 01:52:47.361  1714  2224 I MiuiNetworkPolicy: isMLEnabled state:5,uid:10175,connect:DISCONNECTED
11-17 01:52:47.361  1714  2224 I MiuiNetworkPolicy: isMLEnabled state:7,uid:10175,connect:DISCONNECTED
11-17 01:52:47.413  3728  3728 I GoogleInputMethodService: GoogleInputMethodService.onStartInput():1347 onStartInput(EditorInfo{EditorInfo{packageName=com.pedroocalado.motorbikeparking, inputType=8021, inputTypeString=EmailAddress[AutoCorrect], enableLearning=true, autoCorrection=true, autoComplete=true, imeOptions=2000006, privateImeOptions=null, actionName=DONE, actionLabel=null, initialSelStart=0, initialSelEnd=0, initialCapsMode=0, label=null, fieldId=1, fieldName=null, extras=null, hintText=null, hintLocales=[]}}, false)
11-17 01:52:47.417  3728  3728 I GoogleInputMethodService: GoogleInputMethodService.onStartInputView():1445 onStartInputView(EditorInfo{EditorInfo{packageName=com.pedroocalado.motorbikeparking, inputType=8021, inputTypeString=EmailAddress[AutoCorrect], enableLearning=true, autoCorrection=true, autoComplete=true, imeOptions=2000006, privateImeOptions=null, actionName=DONE, actionLabel=null, initialSelStart=0, initialSelEnd=0, initialCapsMode=0, label=null, fieldId=1, fieldName=null, extras=null, hintText=null, hintLocales=[]}}, false)
11-17 01:52:47.426  1714  2224 I MiuiNetworkPolicy: updateUidState uid = 99004, uidState = 5
11-17 01:52:47.426  1714  2224 I MiuiNetworkPolicy: updateMLUid uid:99004,old:7,new:5
11-17 01:52:47.426  1714  2224 I MiuiNetworkPolicy: updateUidState uid = 10175, uidState = 5
11-17 01:52:47.426  1714  2224 I MiuiNetworkPolicy: updateMLUid uid:10175,old:7,new:5
11-17 01:52:47.426  1714  2224 I MiuiNetworkPolicy: isMLEnabled state:7,uid:10175,connect:DISCONNECTED
11-17 01:52:47.426  1714  2224 I MiuiNetworkPolicy: isMLEnabled state:5,uid:10175,connect:DISCONNECTED
11-17 01:52:47.428  3728  3728 I AndroidIME: AbstractIme.onActivate():96 LatinIme.onActivate() : EditorInfo = EditorInfo{packageName=com.pedroocalado.motorbikeparking, inputType=8021, inputTypeString=EmailAddress[AutoCorrect], enableLearning=true, autoCorrection=true, autoComplete=true, imeOptions=2000006, privateImeOptions=null, actionName=DONE, actionLabel=null, initialSelStart=0, initialSelEnd=0, initialCapsMode=0, label=null, fieldId=1, fieldName=null, extras=null, hintText=null, hintLocales=[]}, IncognitoMode = false, DeviceLocked = false
11-17 01:52:47.460  1714  2224 I MiuiNetworkPolicy: updateUidState uid = 99004, uidState = 7
11-17 01:52:47.460  1714  2224 I MiuiNetworkPolicy: updateMLUid uid:99004,old:5,new:7
11-17 01:52:47.460  1714  2224 I MiuiNetworkPolicy: updateUidState uid = 10175, uidState = 7
11-17 01:52:47.460  1714  2224 I MiuiNetworkPolicy: updateMLUid uid:10175,old:5,new:7
11-17 01:52:47.460  1714  2224 I MiuiNetworkPolicy: isMLEnabled state:5,uid:10175,connect:DISCONNECTED
11-17 01:52:47.460  1714  2224 I MiuiNetworkPolicy: isMLEnabled state:7,uid:10175,connect:DISCONNECTED
11-17 01:52:47.470  1714  2224 I MiuiNetworkPolicy: updateUidState uid = 99004, uidState = 5
11-17 01:52:47.470  1714  2224 I MiuiNetworkPolicy: updateMLUid uid:99004,old:7,new:5
11-17 01:52:47.470  1714  2224 I MiuiNetworkPolicy: updateUidState uid = 10175, uidState = 5
11-17 01:52:47.470  1714  2224 I MiuiNetworkPolicy: updateMLUid uid:10175,old:7,new:5
11-17 01:52:47.470  1714  2224 I MiuiNetworkPolicy: isMLEnabled state:7,uid:10175,connect:DISCONNECTED
11-17 01:52:47.470  1714  2224 I MiuiNetworkPolicy: isMLEnabled state:5,uid:10175,connect:DISCONNECTED
11-17 01:52:47.507  3526  3526 D BoundBrokerSvc: onBind: Intent { act=com.google.android.gms.auth.api.phone.service.SmsRetrieverApiService.START dat=chimera-action: cmp=com.google.android.gms/.chimera.GmsApiService }
11-17 01:52:47.507  3526  3526 D BoundBrokerSvc: Loading bound service for intent: Intent { act=com.google.android.gms.auth.api.phone.service.SmsRetrieverApiService.START dat=chimera-action: cmp=com.google.android.gms/.chimera.GmsApiService }
11-17 01:52:47.527  3129  3129 D BoundBrokerSvc: onRebind: Intent { act=com.google.android.gms.auth.aang.events.services.START dat=chimera-action: cmp=com.google.android.gms/.chimera.PersistentApiService }
11-17 01:52:47.538  2320  2896 D NetworkController.MobileSignalController(2): 4G level = 1
11-17 01:52:48.218  1714  6773 I PackageManager.DexOptimizer: Running dexopt (dexoptNeeded=1) on: /data/app/com.pedroocalado.motorbikeparking-AZ1Oycfcqz6bF7AA4-itUg==/base.apk pkg=com.pedroocalado.motorbikeparking isa=arm64 dexoptFlags=boot_complete,debuggable,public,enable_hidden_api_checks targetFilter=quicken oatDir=/data/app/com.pedroocalado.motorbikeparking-AZ1Oycfcqz6bF7AA4-itUg==/oat classLoaderContext=PCL[]{PCL[/system/framework/org.apache.http.legacy.jar]}
11-17 01:52:48.220  1093  1093 V installd: DexInv: --- BEGIN '/data/app/com.pedroocalado.motorbikeparking-AZ1Oycfcqz6bF7AA4-itUg==/base.apk' ---
11-17 01:52:48.372 10410 10410 I dex2oat : /apex/com.android.runtime/bin/dex2oat --input-vdex-fd=-1 --output-vdex-fd=11 --call-from-installd=1 --resolve-startup-const-strings=true --max-image-block-size=524288 --compiler-filter=quicken -j6 --debuggable --classpath-dir=/data/app/com.pedroocalado.motorbikeparking-AZ1Oycfcqz6bF7AA4-itUg== --class-loader-context=PCL[]{PCL[/system/framework/org.apache.http.legacy.jar]} --generate-mini-debug-info --compilation-reason=unknown
11-17 01:52:51.197  1093  1093 V installd: DexInv: --- END '/data/app/com.pedroocalado.motorbikeparking-AZ1Oycfcqz6bF7AA4-itUg==/base.apk' (success) ---
11-17 01:52:51.198  1714  6773 I PackageManagerServiceInjector: FirstUseActivity Pinning optimized code com.pedroocalado.motorbikeparking
11-17 01:52:51.337  3728  3728 I GoogleInputMethodService: GoogleInputMethodService.onStartInput():1347 onStartInput(EditorInfo{EditorInfo{packageName=com.pedroocalado.motorbikeparking, inputType=0, inputTypeString=NULL, enableLearning=false, autoCorrection=false, autoComplete=false, imeOptions=0, privateImeOptions=null, actionName=UNSPECIFIED, actionLabel=null, initialSelStart=-1, initialSelEnd=-1, initialCapsMode=0, label=null, fieldId=1, fieldName=null, extras=null, hintText=null, hintLocales=[]}}, true)
11-17 01:52:51.340  3728  3728 I GoogleInputMethodService: GoogleInputMethodService.onStartInputView():1445 onStartInputView(EditorInfo{EditorInfo{packageName=com.pedroocalado.motorbikeparking, inputType=0, inputTypeString=NULL, enableLearning=false, autoCorrection=false, autoComplete=false, imeOptions=0, privateImeOptions=null, actionName=UNSPECIFIED, actionLabel=null, initialSelStart=-1, initialSelEnd=-1, initialCapsMode=0, label=null, fieldId=1, fieldName=null, extras=null, hintText=null, hintLocales=[]}}, true)
11-17 01:52:51.352  3728  3728 I AndroidIME: AbstractIme.onActivate():96 PasswordIme.onActivate() : EditorInfo = EditorInfo{packageName=com.pedroocalado.motorbikeparking, inputType=0, inputTypeString=NULL, enableLearning=false, autoCorrection=false, autoComplete=false, imeOptions=0, privateImeOptions=null, actionName=UNSPECIFIED, actionLabel=null, initialSelStart=-1, initialSelEnd=-1, initialCapsMode=0, label=null, fieldId=1, fieldName=null, extras=null, hintText=null, hintLocales=[]}, IncognitoMode = false, DeviceLocked = false
11-17 01:52:51.401  3728  3728 I GoogleInputMethodService: GoogleInputMethodService.onStartInput():1347 onStartInput(EditorInfo{EditorInfo{packageName=com.pedroocalado.motorbikeparking, inputType=80081, inputTypeString=Password[NoSuggestion], enableLearning=false, autoCorrection=false, autoComplete=true, imeOptions=2000006, privateImeOptions=null, actionName=DONE, actionLabel=null, initialSelStart=0, initialSelEnd=0, initialCapsMode=0, label=null, fieldId=1, fieldName=null, extras=null, hintText=null, hintLocales=[]}}, true)
11-17 01:52:51.403  3728  3728 I GoogleInputMethodService: GoogleInputMethodService.onStartInputView():1445 onStartInputView(EditorInfo{EditorInfo{packageName=com.pedroocalado.motorbikeparking, inputType=80081, inputTypeString=Password[NoSuggestion], enableLearning=false, autoCorrection=false, autoComplete=true, imeOptions=2000006, privateImeOptions=null, actionName=DONE, actionLabel=null, initialSelStart=0, initialSelEnd=0, initialCapsMode=0, label=null, fieldId=1, fieldName=null, extras=null, hintText=null, hintLocales=[]}}, true)
11-17 01:52:51.420  3728  3728 I AndroidIME: AbstractIme.onActivate():96 PasswordIme.onActivate() : EditorInfo = EditorInfo{packageName=com.pedroocalado.motorbikeparking, inputType=80081, inputTypeString=Password[NoSuggestion], enableLearning=false, autoCorrection=false, autoComplete=true, imeOptions=2000006, privateImeOptions=null, actionName=DONE, actionLabel=null, initialSelStart=0, initialSelEnd=0, initialCapsMode=0, label=null, fieldId=1, fieldName=null, extras=null, hintText=null, hintLocales=[]}, IncognitoMode = false, DeviceLocked = false
11-17 01:52:52.342  2320  2896 D NetworkController.MobileSignalController(2): 4G level = 1
11-17 01:52:54.899  2320  2896 D NetworkController.MobileSignalController(2): 4G level = 2
11-17 01:52:57.358  2320  2896 D NetworkController.MobileSignalController(2): 4G level = 2
11-17 01:52:59.597  2320  2896 D NetworkController.MobileSignalController(2): 4G level = 1
11-17 01:52:59.869  3129  9576 I NearbySharing: Network state changed: NetworkState(isRestricted=false, isOnline=true, isCongested=false, isMetered=false, isWifiConnected=true)
11-17 01:53:01.494  3782  3782 I WearAuthWrapper_3782_3782: start auth connect
11-17 01:53:02.604  3129  3129 D BoundBrokerSvc: onUnbind: Intent { act=com.google.android.gms.auth.aang.events.services.START dat=chimera-action: cmp=com.google.android.gms/.chimera.PersistentApiService }
11-17 01:53:03.029  1714  2224 I MiuiNetworkPolicy: updateUidState uid = 1000, uidState = 0
11-17 01:53:06.076  3129 10382 I NearbySharing: Network state changed: NetworkState(isRestricted=false, isOnline=true, isCongested=false, isMetered=false, isWifiConnected=true)
11-17 01:53:06.428  2320  2896 D NetworkController.MobileSignalController(2): 4G level = 2
11-17 01:53:06.431  3526  3526 D BoundBrokerSvc: onUnbind: Intent { act=com.google.android.gms.auth.api.phone.service.SmsRetrieverApiService.START dat=chimera-action: cmp=com.google.android.gms/.chimera.GmsApiService }
11-17 01:53:06.446  1714  2224 I MiuiNetworkPolicy: updateUidState uid = 10175, uidState = 11
11-17 01:53:06.446  1714  2224 I MiuiNetworkPolicy: updateMLUid uid:10175,old:5,new:11
11-17 01:53:06.446  1714  2224 I MiuiNetworkPolicy: isMLEnabled state:5,uid:10175,connect:DISCONNECTED
11-17 01:53:06.446  1714  2224 I MiuiNetworkPolicy: isMLEnabled state:11,uid:10175,connect:DISCONNECTED
11-17 01:53:06.515  1714  2224 I MiuiNetworkPolicy: updateUidState uid = 99004, uidState = 7
11-17 01:53:06.515  1714  2224 I MiuiNetworkPolicy: updateMLUid uid:99004,old:5,new:7
11-17 01:53:08.668  2320  2896 D NetworkController.MobileSignalController(2): 4G level = 2
11-17 01:53:13.469  2320  2896 D NetworkController.MobileSignalController(2): 4G level = 2
11-17 01:53:23.710  2320  2896 D NetworkController.MobileSignalController(2): 4G level = 2
11-17 01:53:27.550  2320  2896 D NetworkController.MobileSignalController(2): 4G level = 2
11-17 01:53:27.715  3129 10382 I NearbySharing: Network state changed: NetworkState(isRestricted=false, isOnline=true, isCongested=false, isMetered=false, isWifiConnected=true)
11-17 01:53:34.144  1714  2224 I MiuiNetworkPolicy: updateUidState uid = 10161, uidState = 20
11-17 01:53:34.145  1714  2224 I MiuiNetworkPolicy: updateUidState uid = 10121, uidState = 9
11-17 01:53:35.542  3782  3782 I WearAuthWrapper_3782_3782: start auth connect
11-17 01:53:38.428  2320  2896 D NetworkController.MobileSignalController(2): 4G level = 2
11-17 01:53:42.910  2320  2896 D NetworkController.MobileSignalController(2): 4G level = 1
11-17 01:53:51.226  2320  2896 D NetworkController.MobileSignalController(2): 4G level = 1
11-17 01:53:54.624  2320  2896 D NetworkController.MobileSignalController(2): 4G level = 1
11-17 01:53:57.538  2320  2896 D NetworkController.MobileSignalController(2): 4G level = 1
11-17 01:54:00.187  2320  2896 D NetworkController.MobileSignalController(2): 4G level = 1
11-17 01:54:02.745  2320  2896 D NetworkController.MobileSignalController(2): 4G level = 1
11-17 01:54:02.912  1714  2224 I MiuiNetworkPolicy: updateUidState uid = 10093, uidState = 7
11-17 01:54:02.912  1714  2224 I MiuiNetworkPolicy: updateMLUid uid:10093,old:6,new:7
11-17 01:54:02.912  1714  2224 I MiuiNetworkPolicy: isMLEnabled state:6,uid:10093,connect:DISCONNECTED
11-17 01:54:02.912  1714  2224 I MiuiNetworkPolicy: isMLEnabled state:7,uid:10093,connect:DISCONNECTED
11-17 01:54:02.943  3728  3728 I GoogleInputMethodService: GoogleInputMethodService.onStartInput():1347 onStartInput(EditorInfo{EditorInfo{packageName=com.pedroocalado.motorbikeparking, inputType=80081, inputTypeString=Password[NoSuggestion], enableLearning=false, autoCorrection=false, autoComplete=true, imeOptions=2000006, privateImeOptions=null, actionName=DONE, actionLabel=null, initialSelStart=12, initialSelEnd=12, initialCapsMode=0, label=null, fieldId=1, fieldName=null, extras=null, hintText=null, hintLocales=[]}}, false)
11-17 01:54:02.945  3728  3728 I GoogleInputMethodService: GoogleInputMethodService.onStartInputView():1445 onStartInputView(EditorInfo{EditorInfo{packageName=com.pedroocalado.motorbikeparking, inputType=80081, inputTypeString=Password[NoSuggestion], enableLearning=false, autoCorrection=false, autoComplete=true, imeOptions=2000006, privateImeOptions=null, actionName=DONE, actionLabel=null, initialSelStart=12, initialSelEnd=12, initialCapsMode=0, label=null, fieldId=1, fieldName=null, extras=null, hintText=null, hintLocales=[]}}, false)
11-17 01:54:02.948  3728  3728 I AndroidIME: AbstractIme.onActivate():96 PasswordIme.onActivate() : EditorInfo = EditorInfo{packageName=com.pedroocalado.motorbikeparking, inputType=80081, inputTypeString=Password[NoSuggestion], enableLearning=false, autoCorrection=false, autoComplete=true, imeOptions=2000006, privateImeOptions=null, actionName=DONE, actionLabel=null, initialSelStart=12, initialSelEnd=12, initialCapsMode=0, label=null, fieldId=1, fieldName=null, extras=null, hintText=null, hintLocales=[]}, IncognitoMode = false, DeviceLocked = false
11-17 01:54:02.960  2320 10401 D KeyguardWallpaperUtils: getCurrentWallpaperInfo infoString={"authority":"com.miui.android.fashiongallery.lockscreen_magazine_provider","content":"","cp":"","ex":"{\"title_click_uri\":\"miglobal:\\/\\/wallpapercarousel\\/web?id\u003da5b93aaec935a59987f8a5f2280e7cd7\u0026entry_source\u003drmtle\u0026wallpaper_type\u003d1\u0026click_pixel\u003d\",\"deeplink\":\"\"}","key":"a5b93aaec935a59987f8a5f2280e7cd7","landingPageUrl":"","like":false,"pos":111,"supportLike":true,"tag":"","title":"","wallpaperUri":"content://com.miui.android.fashiongallery.file/app_cache/ng_gallery_img/a5b93aaec935a59987f8a5f2280e7cd7"}
11-17 01:54:02.973  1714  2224 I MiuiNetworkPolicy: updateUidState uid = 10218, uidState = 6
11-17 01:54:02.974  1714  2224 I MiuiNetworkPolicy: updateMLUid uid:10218,old:20,new:6
11-17 01:54:02.974  1714  2224 I MiuiNetworkPolicy: isMLEnabled state:20,uid:10218,connect:DISCONNECTED
11-17 01:54:02.974  1714  2224 I MiuiNetworkPolicy: isMLEnabled state:6,uid:10218,connect:DISCONNECTED
11-17 01:54:02.974  1714  2224 I MiuiNetworkPolicy: updateUidState uid = 10093, uidState = 6
11-17 01:54:02.974  1714  2224 I MiuiNetworkPolicy: updateMLUid uid:10093,old:7,new:6
11-17 01:54:02.974  1714  2224 I MiuiNetworkPolicy: isMLEnabled state:7,uid:10093,connect:DISCONNECTED
11-17 01:54:02.974  1714  2224 I MiuiNetworkPolicy: isMLEnabled state:6,uid:10093,connect:DISCONNECTED
11-17 01:54:02.974  1714  2224 I MiuiNetworkPolicy: updateUidState uid = 99004, uidState = 5
11-17 01:54:02.974  1714  2224 I MiuiNetworkPolicy: updateMLUid uid:99004,old:7,new:5
11-17 01:54:02.987  1232  1525 I [goodixHAL][gf_hal]: [gf_hal_get_auth_id]
11-17 01:54:02.995  1232  1525 I [goodixHAL][gf_hal]: [gf_hal_authenticate] group_id=0
11-17 01:54:02.998  1714  2224 I MiuiNetworkPolicy: updateUidState uid = 10175, uidState = 9
11-17 01:54:02.998  1714  2224 I MiuiNetworkPolicy: updateMLUid uid:10175,old:11,new:9
11-17 01:54:02.998  1714  2224 I MiuiNetworkPolicy: isMLEnabled state:11,uid:10175,connect:DISCONNECTED
11-17 01:54:02.998  1714  2224 I MiuiNetworkPolicy: isMLEnabled state:9,uid:10175,connect:DISCONNECTED
11-17 01:54:03.002  2664  2664 W RecentsImpl: getTopActivity from observer.   cn=ComponentInfo{com.pedroocalado.motorbikeparking/com.pedroocalado.motorbikeparking.MainActivity}
11-17 01:54:03.002  2664  2664 W RecentsImpl: adaptToTopActivity   cn=ComponentInfo{com.pedroocalado.motorbikeparking/com.pedroocalado.motorbikeparking.MainActivity}
11-17 01:54:03.002  2664  2664 W RecentsImpl: onResumed className=com.pedroocalado.motorbikeparking.MainActivity   mIsInAnotherPro=false
11-17 01:54:03.003  9188 10318 I FG_LOG  : APIContentProviderDelegate: resultJson == {"previewComponent":"com.miui.android.fashiongallery/com.miui.cw.feature.ui.home.HomeActivity","wallpaperInfos":[{"authority":"com.miui.android.fashiongallery.lockscreen_magazine_provider","category":3,"content":"","cp":"","ex":"{\"title_click_uri\":\"miglobal:\\/\\/wallpapercarousel\\/web?id\u003d952575f59148e0a9ceb364fdba14f8c5\u0026entry_source\u003drmtle\u0026wallpaper_type\u003d1\u0026click_pixel\u003d\",\"deeplink\":\"\"}","key":"952575f59148e0a9ceb364fdba14f8c5","landingPageUrl":"","like":false,"pos":111,"provider":"","source":"","supportLike":true,"tag":"","title":"","wallpaperUri":"content://com.miui.android.fashiongallery.file/app_cache/ng_gallery_img/952575f59148e0a9ceb364fdba14f8c5"}]}
11-17 01:54:03.049  1714  1714 W FingerprintService: client com.android.systemui is authenticating...
11-17 01:54:03.268  1714  2224 I MiuiNetworkPolicy: updateUidState uid = 9801, uidState = 6
11-17 01:54:03.268  1714  2224 I MiuiNetworkPolicy: updateMLUid uid:9801,old:20,new:6
11-17 01:54:03.296  1714  2224 I MiuiNetworkPolicy: updateUidState uid = 10323, uidState = 13
11-17 01:54:03.296  1714  2224 I MiuiNetworkPolicy: updateWmmForUidState uid: 10323 state: 13 wmm: 0
11-17 01:54:03.297  1714  2224 I MiuiNetworkPolicy: updateMLUid uid:10323,old:2,new:13
11-17 01:54:03.297  1714  2224 I MiuiNetworkPolicy: isMLEnabled state:2,uid:10323,connect:DISCONNECTED
11-17 01:54:03.297  1714  2224 I MiuiNetworkPolicy: isMLEnabled state:13,uid:10323,connect:DISCONNECTED
11-17 01:54:03.373  2320 10401 D KeyguardWallpaperUtils: getCurrentWallpaperInfo infoString={"authority":"com.miui.android.fashiongallery.lockscreen_magazine_provider","content":"","cp":"","ex":"{\"title_click_uri\":\"miglobal:\\/\\/wallpapercarousel\\/web?id\u003d952575f59148e0a9ceb364fdba14f8c5\u0026entry_source\u003drmtle\u0026wallpaper_type\u003d1\u0026click_pixel\u003d\",\"deeplink\":\"\"}","key":"952575f59148e0a9ceb364fdba14f8c5","landingPageUrl":"","like":false,"pos":111,"supportLike":true,"tag":"","title":"","wallpaperUri":"content://com.miui.android.fashiongallery.file/app_cache/ng_gallery_img/952575f59148e0a9ceb364fdba14f8c5"}
11-17 01:54:03.533  1714  2224 I MiuiNetworkPolicy: updateUidState uid = 10222, uidState = 12
11-17 01:54:03.533  1714  2224 I MiuiNetworkPolicy: updateMLUid uid:10222,old:20,new:12
11-17 01:54:03.533  1714  2224 I MiuiNetworkPolicy: isMLEnabled state:20,uid:10222,connect:DISCONNECTED
11-17 01:54:03.533  1714  2224 I MiuiNetworkPolicy: isMLEnabled state:12,uid:10222,connect:DISCONNECTED
11-17 01:54:03.542  1714  2224 I MiuiNetworkPolicy: updateUidState uid = 10222, uidState = 20
11-17 01:54:03.542  1714  2224 I MiuiNetworkPolicy: updateMLUid uid:10222,old:12,new:20
11-17 01:54:03.542  1714  2224 I MiuiNetworkPolicy: isMLEnabled state:12,uid:10222,connect:DISCONNECTED
11-17 01:54:03.542  1714  2224 I MiuiNetworkPolicy: isMLEnabled state:20,uid:10222,connect:DISCONNECTED
11-17 01:54:03.614  3728  3728 I AndroidIME: AbstractIme.onActivate():96 PasswordIme.onActivate() : EditorInfo = EditorInfo{packageName=com.pedroocalado.motorbikeparking, inputType=80081, inputTypeString=Password[NoSuggestion], enableLearning=false, autoCorrection=false, autoComplete=true, imeOptions=2000006, privateImeOptions=null, actionName=DONE, actionLabel=null, initialSelStart=12, initialSelEnd=12, initialCapsMode=0, label=null, fieldId=1, fieldName=null, extras=null, hintText=null, hintLocales=[]}, IncognitoMode = false, DeviceLocked = true
11-17 01:54:03.622  1714  2224 I MiuiNetworkPolicy: updateUidState uid = 10189, uidState = 12
11-17 01:54:03.622  1714  2224 I MiuiNetworkPolicy: updateMLUid uid:10189,old:20,new:12
11-17 01:54:03.622  1714  2224 I MiuiNetworkPolicy: isMLEnabled state:20,uid:10189,connect:DISCONNECTED
11-17 01:54:03.622  1714  2224 I MiuiNetworkPolicy: isMLEnabled state:12,uid:10189,connect:DISCONNECTED
11-17 01:54:03.643  5387  6361 D PowerCheckerService: foreground, uid = 10323, app = com.pedroocalado.motorbikeparking
11-17 01:54:03.758  1714  2224 I MiuiNetworkPolicy: updateUidState uid = 10189, uidState = 20
11-17 01:54:03.758  1714  2224 I MiuiNetworkPolicy: updateMLUid uid:10189,old:12,new:20
11-17 01:54:03.758  1714  2224 I MiuiNetworkPolicy: isMLEnabled state:12,uid:10189,connect:DISCONNECTED
11-17 01:54:03.758  1714  2224 I MiuiNetworkPolicy: isMLEnabled state:20,uid:10189,connect:DISCONNECTED
11-17 01:54:04.108  1714  2224 I MiuiNetworkPolicy: updateUidState uid = 10218, uidState = 16
11-17 01:54:04.108  1714  2224 I MiuiNetworkPolicy: updateMLUid uid:10218,old:6,new:16
11-17 01:54:04.108  1714  2224 I MiuiNetworkPolicy: isMLEnabled state:6,uid:10218,connect:DISCONNECTED
11-17 01:54:04.108  1714  2224 I MiuiNetworkPolicy: isMLEnabled state:16,uid:10218,connect:DISCONNECTED
11-17 01:54:04.164  1714  1846 W NetworkStatsFactorySysApp: stats=NetworkStatsSysApp: elapsedRealtime=35434087
11-17 01:54:04.164  1714  1846 W NetworkStatsFactorySysApp:   [0] iface=wlan0 nameOrHashs=com.miui.daemon rxBytes=240 rxPackets=2 txBytes=1800 txPackets=59  [1] iface=wlan0 nameOrHashs=curitycenter:ui rxBytes=18845 rxPackets=41 txBytes=6467 txPackets=44  [2] iface=wlan0 nameOrHashs=iui.cleanmaster rxBytes=8409 rxPackets=13 txBytes=3609 txPackets=19  [3] iface=wlan0 nameOrHashs=m.xiaomi.joyose rxBytes=6127 rxPackets=15 txBytes=1710 txPackets=15  [4] iface=wlan0 nameOrHashs=ndroid.settings rxBytes=44171 rxPackets=103 txBytes=13984 txPackets=118  [5] iface=wlan0 nameOrHashs=settings:remote rxBytes=23951 rxPackets=57 txBytes=24135 txPackets=67  [6] iface=wlan0 nameOrHashs=system_server rxBytes=856 rxPackets=13 txBytes=980 txPackets=15  [7] iface=wlan0 nameOrHashs=tycenter.remote rxBytes=5728 rxPackets=13 txBytes=1641 txPackets=12
11-17 01:54:04.169  1714  1846 W NetworkStatsFactorySysApp: stats=NetworkStatsSysApp: elapsedRealtime=35434092
11-17 01:54:04.169  1714  1846 W NetworkStatsFactorySysApp:   [0] iface=rmnet_data2 nameOrHashs=ndroid.settings rxBytes=3594 rxPackets=6 txBytes=997 txPackets=9  [1] iface=rmnet_data2 nameOrHashs=obalminusscreen rxBytes=6051 rxPackets=20 txBytes=3333 txPackets=19  [2] iface=rmnet_data2 nameOrHashs=system_server rxBytes=312 rxPackets=6 txBytes=312 txPackets=6  [3] iface=rmnet_data1 nameOrHashs=curitycenter:ui rxBytes=6214 rxPackets=15 txBytes=1829 txPackets=15  [4] iface=rmnet_data1 nameOrHashs=m.xiaomi.joyose rxBytes=4885 rxPackets=10 txBytes=1579 txPackets=13  [5] iface=rmnet_data1 nameOrHashs=ndroid.settings rxBytes=34229 rxPackets=68 txBytes=10472 txPackets=83  [6] iface=rmnet_data1 nameOrHashs=obalminusscreen rxBytes=203944 rxPackets=319 txBytes=74916 txPackets=344  [7] iface=rmnet_data1 nameOrHashs=system_server rxBytes=468 rxPackets=9 txBytes=520 txPackets=10  [8] iface=rmnet_data1 nameOrHashs=tycenter.remote rxBytes=5893 rxPackets=13 txBytes=2337 txPackets=16
11-17 01:54:04.260  1714  2224 I MiuiNetworkPolicy: updateUidState uid = 10222, uidState = 12
11-17 01:54:04.260  1714  2224 I MiuiNetworkPolicy: updateMLUid uid:10222,old:20,new:12
11-17 01:54:04.260  1714  2224 I MiuiNetworkPolicy: isMLEnabled state:20,uid:10222,connect:DISCONNECTED
11-17 01:54:04.260  1714  2224 I MiuiNetworkPolicy: isMLEnabled state:12,uid:10222,connect:DISCONNECTED
11-17 01:54:04.268  1714  2224 I MiuiNetworkPolicy: updateUidState uid = 10222, uidState = 20
11-17 01:54:04.268  1714  2224 I MiuiNetworkPolicy: updateMLUid uid:10222,old:12,new:20
11-17 01:54:04.268  1714  2224 I MiuiNetworkPolicy: isMLEnabled state:12,uid:10222,connect:DISCONNECTED
11-17 01:54:04.268  1714  2224 I MiuiNetworkPolicy: isMLEnabled state:20,uid:10222,connect:DISCONNECTED
11-17 01:54:04.272  9188  9188 I FG_LOG  : NetworkEventImpl: onScreenOff。。。。。。
11-17 01:54:04.275  1714  2224 I MiuiNetworkPolicy: updateUidState uid = 9801, uidState = 16
11-17 01:54:04.275  1714  2224 I MiuiNetworkPolicy: updateMLUid uid:9801,old:6,new:16
11-17 01:54:04.275  1714  2224 I MiuiNetworkPolicy: updateUidState uid = 10218, uidState = 12
11-17 01:54:04.275  1714  2224 I MiuiNetworkPolicy: updateMLUid uid:10218,old:16,new:12
11-17 01:54:04.275  1714  2224 I MiuiNetworkPolicy: isMLEnabled state:16,uid:10218,connect:DISCONNECTED
11-17 01:54:04.275  1714  2224 I MiuiNetworkPolicy: isMLEnabled state:12,uid:10218,connect:DISCONNECTED
11-17 01:54:04.287  1714  2224 I MiuiNetworkPolicy: updateUidState uid = 10218, uidState = 16
11-17 01:54:04.287  1714  2224 I MiuiNetworkPolicy: updateMLUid uid:10218,old:12,new:16
11-17 01:54:04.287  1714  2224 I MiuiNetworkPolicy: isMLEnabled state:12,uid:10218,connect:DISCONNECTED
11-17 01:54:04.287  1714  2224 I MiuiNetworkPolicy: isMLEnabled state:16,uid:10218,connect:DISCONNECTED
11-17 01:54:04.293  1714  2224 I MiuiNetworkPolicy: updateUidState uid = 99018, uidState = 12
11-17 01:54:04.293  1714  2224 I MiuiNetworkPolicy: updateMLUid uid:99018,old:20,new:12
11-17 01:54:04.293  1714  2224 I MiuiNetworkPolicy: updateUidState uid = 10161, uidState = 12
11-17 01:54:04.293  1714  2224 I MiuiNetworkPolicy: updateMLUid uid:10161,old:20,new:12
11-17 01:54:04.293  1714  2224 I MiuiNetworkPolicy: isMLEnabled state:20,uid:10161,connect:DISCONNECTED
11-17 01:54:04.293  1714  2224 I MiuiNetworkPolicy: isMLEnabled state:12,uid:10161,connect:DISCONNECTED
11-17 01:54:04.302  1714  2224 I MiuiNetworkPolicy: updateUidState uid = 99018, uidState = 20
11-17 01:54:04.302  1714  2224 I MiuiNetworkPolicy: updateMLUid uid:99018,old:12,new:20
11-17 01:54:04.302  1714  2224 I MiuiNetworkPolicy: updateUidState uid = 10161, uidState = 20
11-17 01:54:04.303  1714  2224 I MiuiNetworkPolicy: updateMLUid uid:10161,old:12,new:20
11-17 01:54:04.303  1714  2224 I MiuiNetworkPolicy: isMLEnabled state:12,uid:10161,connect:DISCONNECTED
11-17 01:54:04.303  1714  2224 I MiuiNetworkPolicy: isMLEnabled state:20,uid:10161,connect:DISCONNECTED
11-17 01:54:05.558  3129  3129 D BoundBrokerSvc: onRebind: Intent { act=com.google.android.gms.auth.aang.events.services.START dat=chimera-action: cmp=com.google.android.gms/.chimera.PersistentApiService }
11-17 01:54:06.444  1714  2224 I MiuiNetworkPolicy: updateUidState uid = 10175, uidState = 9
11-17 01:54:07.112  1714  2224 I MiuiNetworkPolicy: updateUidState uid = 10175, uidState = 11
11-17 01:54:07.112  1714  2224 I MiuiNetworkPolicy: updateMLUid uid:10175,old:9,new:11
11-17 01:54:07.112  1714  2224 I MiuiNetworkPolicy: isMLEnabled state:9,uid:10175,connect:DISCONNECTED
11-17 01:54:07.112  1714  2224 I MiuiNetworkPolicy: isMLEnabled state:11,uid:10175,connect:DISCONNECTED
11-17 01:54:07.868  2320  2896 D NetworkController.MobileSignalController(2): 4G level = 1
11-17 01:54:10.425  2320  2896 D NetworkController.MobileSignalController(2): 4G level = 1
11-17 01:54:11.349  1714  2224 I MiuiNetworkPolicy: updateUidState uid = 10262, uidState = 12
11-17 01:54:11.349  1714  2224 I MiuiNetworkPolicy: updateMLUid uid:10262,old:20,new:12
11-17 01:54:11.349  1714  2224 I MiuiNetworkPolicy: isMLEnabled state:20,uid:10262,connect:DISCONNECTED
11-17 01:54:11.350  1714  2224 I MiuiNetworkPolicy: isMLEnabled state:12,uid:10262,connect:DISCONNECTED
11-17 01:54:12.343  2320  2896 D NetworkController.MobileSignalController(2): 4G level = 1
11-17 01:54:12.362  1714  2226 D WifiNetworkFactory: got request NetworkRequest [ TRACK_DEFAULT id=932, [ Capabilities: INTERNET&NOT_RESTRICTED&TRUSTED Uid: 10262] ] with score 60 and serial -1
11-17 01:54:12.362  1714  2226 D UntrustedWifiNetworkFactory: got request NetworkRequest [ TRACK_DEFAULT id=932, [ Capabilities: INTERNET&NOT_RESTRICTED&TRUSTED Uid: 10262] ] with score 60 and serial -1
11-17 01:54:12.362  1714  2281 D Ethernet: got request NetworkRequest [ TRACK_DEFAULT id=932, [ Capabilities: INTERNET&NOT_RESTRICTED&TRUSTED Uid: 10262] ] with score 60 and serial -1
11-17 01:54:12.362  2651  2651 D PhoneSwitcherNetworkRequstListener: got request NetworkRequest [ TRACK_DEFAULT id=932, [ Capabilities: INTERNET&NOT_RESTRICTED&TRUSTED Uid: 10262] ] with score 60 and serial -1
11-17 01:54:13.580  3782  3782 I WearAuthWrapper_3782_3782: start auth connect
11-17 01:54:13.592  1714  2224 I MiuiNetworkPolicy: updateUidState uid = 10262, uidState = 20
11-17 01:54:13.592  1714  2224 I MiuiNetworkPolicy: updateMLUid uid:10262,old:12,new:20
11-17 01:54:13.592  1714  2224 I MiuiNetworkPolicy: isMLEnabled state:12,uid:10262,connect:DISCONNECTED
11-17 01:54:13.592  1714  2224 I MiuiNetworkPolicy: isMLEnabled state:20,uid:10262,connect:DISCONNECTED
11-17 01:54:13.717  1714  2224 I MiuiNetworkPolicy: updateUidState uid = 10262, uidState = 11
11-17 01:54:13.717  1714  2224 I MiuiNetworkPolicy: updateMLUid uid:10262,old:20,new:11
11-17 01:54:13.717  1714  2224 I MiuiNetworkPolicy: isMLEnabled state:20,uid:10262,connect:DISCONNECTED
11-17 01:54:13.717  1714  2224 I MiuiNetworkPolicy: isMLEnabled state:11,uid:10262,connect:DISCONNECTED
11-17 01:54:13.899  1714  2224 I MiuiNetworkPolicy: updateUidState uid = 10262, uidState = 20
11-17 01:54:13.899  1714  2224 I MiuiNetworkPolicy: updateMLUid uid:10262,old:11,new:20
11-17 01:54:13.899  1714  2224 I MiuiNetworkPolicy: isMLEnabled state:11,uid:10262,connect:DISCONNECTED
11-17 01:54:13.899  1714  2224 I MiuiNetworkPolicy: isMLEnabled state:20,uid:10262,connect:DISCONNECTED
11-17 01:54:13.952  1714  2281 D Ethernet: got request NetworkRequest [ TRACK_DEFAULT id=933, [ Capabilities: INTERNET&NOT_RESTRICTED&TRUSTED Uid: 10262] ] with score 60 and serial -1
11-17 01:54:13.952  1714  2226 D WifiNetworkFactory: got request NetworkRequest [ TRACK_DEFAULT id=933, [ Capabilities: INTERNET&NOT_RESTRICTED&TRUSTED Uid: 10262] ] with score 60 and serial -1
11-17 01:54:13.952  1714  2226 D UntrustedWifiNetworkFactory: got request NetworkRequest [ TRACK_DEFAULT id=933, [ Capabilities: INTERNET&NOT_RESTRICTED&TRUSTED Uid: 10262] ] with score 60 and serial -1
11-17 01:54:13.952  2651  2651 D PhoneSwitcherNetworkRequstListener: got request NetworkRequest [ TRACK_DEFAULT id=933, [ Capabilities: INTERNET&NOT_RESTRICTED&TRUSTED Uid: 10262] ] with score 60 and serial -1
11-17 01:54:14.031  3526  3526 D BoundBrokerSvc: onBind: Intent { act=com.google.android.gms.auth.blockstore.service.START dat=chimera-action: cmp=com.google.android.gms/.chimera.GmsApiService }
11-17 01:54:14.031  3526  3526 D BoundBrokerSvc: Loading bound service for intent: Intent { act=com.google.android.gms.auth.blockstore.service.START dat=chimera-action: cmp=com.google.android.gms/.chimera.GmsApiService }
11-17 01:54:14.853 10569 10662 D NetworkSecurityConfig: Using Network Security Config from resource 2132213766 debugBuild: false
11-17 01:54:15.218  2320  2896 D NetworkController.MobileSignalController(2): 4G level = 1
11-17 01:54:15.749  1714  2281 D Ethernet: got request NetworkRequest [ TRACK_DEFAULT id=937, [ Capabilities: INTERNET&NOT_RESTRICTED&TRUSTED Uid: 10262] ] with score 60 and serial -1
11-17 01:54:15.749  1714  2226 D WifiNetworkFactory: got request NetworkRequest [ TRACK_DEFAULT id=937, [ Capabilities: INTERNET&NOT_RESTRICTED&TRUSTED Uid: 10262] ] with score 60 and serial -1
11-17 01:54:15.749  1714  2226 D UntrustedWifiNetworkFactory: got request NetworkRequest [ TRACK_DEFAULT id=937, [ Capabilities: INTERNET&NOT_RESTRICTED&TRUSTED Uid: 10262] ] with score 60 and serial -1
11-17 01:54:15.749  2651  2651 D PhoneSwitcherNetworkRequstListener: got request NetworkRequest [ TRACK_DEFAULT id=937, [ Capabilities: INTERNET&NOT_RESTRICTED&TRUSTED Uid: 10262] ] with score 60 and serial -1
11-17 01:54:15.809  1714  2224 I MiuiNetworkPolicy: updateUidState uid = 10262, uidState = 12
11-17 01:54:15.809  1714  2224 I MiuiNetworkPolicy: updateMLUid uid:10262,old:20,new:12
11-17 01:54:15.809  1714  2224 I MiuiNetworkPolicy: isMLEnabled state:20,uid:10262,connect:DISCONNECTED
11-17 01:54:15.809  1714  2224 I MiuiNetworkPolicy: isMLEnabled state:12,uid:10262,connect:DISCONNECTED
11-17 01:54:15.872  1714  2224 I MiuiNetworkPolicy: updateUidState uid = 10262, uidState = 20
11-17 01:54:15.872  1714  2224 I MiuiNetworkPolicy: updateMLUid uid:10262,old:12,new:20
11-17 01:54:15.872  1714  2224 I MiuiNetworkPolicy: isMLEnabled state:12,uid:10262,connect:DISCONNECTED
11-17 01:54:15.872  1714  2224 I MiuiNetworkPolicy: isMLEnabled state:20,uid:10262,connect:DISCONNECTED
11-17 01:54:18.063  1714  2224 I MiuiNetworkPolicy: updateUidState uid = 99004, uidState = 7
11-17 01:54:18.063  1714  2224 I MiuiNetworkPolicy: updateMLUid uid:99004,old:5,new:7
11-17 01:54:20.598  3129  3129 D BoundBrokerSvc: onUnbind: Intent { act=com.google.android.gms.auth.aang.events.services.START dat=chimera-action: cmp=com.google.android.gms/.chimera.PersistentApiService }
11-17 01:54:22.581  2320  2896 D NetworkController.MobileSignalController(2): 4G level = 2
11-17 01:54:29.174  3526  3526 D BoundBrokerSvc: onUnbind: Intent { act=com.google.android.gms.auth.blockstore.service.START dat=chimera-action: cmp=com.google.android.gms/.chimera.GmsApiService }
11-17 01:54:29.188  1714  2224 I MiuiNetworkPolicy: updateUidState uid = 10218, uidState = 20
11-17 01:54:29.188  1714  2224 I MiuiNetworkPolicy: updateMLUid uid:10218,old:16,new:20
11-17 01:54:29.188  1714  2224 I MiuiNetworkPolicy: isMLEnabled state:16,uid:10218,connect:DISCONNECTED
11-17 01:54:29.188  1714  2224 I MiuiNetworkPolicy: isMLEnabled state:20,uid:10218,connect:DISCONNECTED
11-17 01:54:29.189  1714  2224 I MiuiNetworkPolicy: updateUidState uid = 9801, uidState = 20
11-17 01:54:29.189  1714  2224 I MiuiNetworkPolicy: updateMLUid uid:9801,old:16,new:20
11-17 01:54:30.271  2320  2896 D NetworkController.MobileSignalController(2): 4G level = 2
11-17 01:54:39.504  2320  2896 D NetworkController.MobileSignalController(2): 4G level = 2
11-17 01:54:44.663  2320  2896 D NetworkController.MobileSignalController(2): 4G level = 1
11-17 01:54:45.845  1714  2281 D Ethernet: got request NetworkRequest [ TRACK_DEFAULT id=938, [ Capabilities: INTERNET&NOT_RESTRICTED&TRUSTED Uid: 10262] ] with score 60 and serial -1
11-17 01:54:45.845  1714  2226 D WifiNetworkFactory: got request NetworkRequest [ TRACK_DEFAULT id=938, [ Capabilities: INTERNET&NOT_RESTRICTED&TRUSTED Uid: 10262] ] with score 60 and serial -1
11-17 01:54:45.845  1714  2226 D UntrustedWifiNetworkFactory: got request NetworkRequest [ TRACK_DEFAULT id=938, [ Capabilities: INTERNET&NOT_RESTRICTED&TRUSTED Uid: 10262] ] with score 60 and serial -1
11-17 01:54:45.845  2651  2651 D PhoneSwitcherNetworkRequstListener: got request NetworkRequest [ TRACK_DEFAULT id=938, [ Capabilities: INTERNET&NOT_RESTRICTED&TRUSTED Uid: 10262] ] with score 60 and serial -1
11-17 01:54:49.470  2320  2896 D NetworkController.MobileSignalController(2): 4G level = 1
11-17 01:54:52.031  2320  2896 D NetworkController.MobileSignalController(2): 4G level = 2
11-17 01:54:54.590  2320  2896 D NetworkController.MobileSignalController(2): 4G level = 2
11-17 01:54:57.150  2320  2896 D NetworkController.MobileSignalController(2): 4G level = 2
11-17 01:54:59.649  3782  3782 I WearAuthWrapper_3782_3782: start auth connect
11-17 01:55:03.292  1714  2224 I MiuiNetworkPolicy: updateUidState uid = 10323, uidState = 13
11-17 01:55:03.555  2320  2896 D NetworkController.MobileSignalController(2): 4G level = 2
11-17 01:55:04.109  1714  2224 I MiuiNetworkPolicy: updateUidState uid = 10218, uidState = 20
11-17 01:55:04.276  1714  2224 I MiuiNetworkPolicy: updateUidState uid = 9801, uidState = 20
11-17 01:55:09.952  2320  2896 D NetworkController.MobileSignalController(2): 4G level = 2
11-17 01:55:12.401  2320  2896 D NetworkController.MobileSignalController(2): 4G level = 2
11-17 01:55:24.994  2320  2896 D NetworkController.MobileSignalController(2): 4G level = 2
11-17 01:55:26.884  1232  1450 I [goodixHAL][gf_hal_common]: [hal_milan_hv_series_image_irq] authenticate_time=2ms
11-17 01:55:26.899  2320  2320 I miui_keyguard_fingerprint: onAuthenticationSucceeded: authUserId = 0
11-17 01:55:26.957  1714  2224 I MiuiNetworkPolicy: updateUidState uid = 10222, uidState = 12
11-17 01:55:26.957  1714  2224 I MiuiNetworkPolicy: updateMLUid uid:10222,old:20,new:12
11-17 01:55:26.957  1714  2224 I MiuiNetworkPolicy: isMLEnabled state:20,uid:10222,connect:DISCONNECTED
11-17 01:55:26.957  1714  2224 I MiuiNetworkPolicy: isMLEnabled state:12,uid:10222,connect:DISCONNECTED
11-17 01:55:27.007  2664  2664 D RecentsImpl: mActivityStateObserver com.pedroocalado.motorbikeparking.MainActivity
11-17 01:55:27.007  2664  2664 W RecentsImpl: onResumed className=com.pedroocalado.motorbikeparking.MainActivity   mIsInAnotherPro=false
11-17 01:55:27.020  1714  2224 I MiuiNetworkPolicy: updateUidState uid = 10222, uidState = 20
11-17 01:55:27.020  1714  2224 I MiuiNetworkPolicy: updateMLUid uid:10222,old:12,new:20
11-17 01:55:27.020  1714  2224 I MiuiNetworkPolicy: isMLEnabled state:12,uid:10222,connect:DISCONNECTED
11-17 01:55:27.020  1714  2224 I MiuiNetworkPolicy: isMLEnabled state:20,uid:10222,connect:DISCONNECTED
11-17 01:55:27.021  1714  2224 I MiuiNetworkPolicy: updateUidState uid = 10323, uidState = 2
11-17 01:55:27.021  1714  2224 I MiuiNetworkPolicy: updateWmmForUidState uid: 10323 state: 2 wmm: 1
11-17 01:55:27.026  1714  2224 I MiuiNetworkPolicy: updateMLUid uid:10323,old:13,new:2
11-17 01:55:27.026  1714  2224 I MiuiNetworkPolicy: isMLEnabled state:13,uid:10323,connect:DISCONNECTED
11-17 01:55:27.026  1714  2224 I MiuiNetworkPolicy: isMLEnabled state:2,uid:10323,connect:DISCONNECTED
11-17 01:55:27.076  1714  1846 W NetworkStatsFactorySysApp: stats=NetworkStatsSysApp: elapsedRealtime=35516999
11-17 01:55:27.076  1714  1846 W NetworkStatsFactorySysApp:   [0] iface=wlan0 nameOrHashs=com.miui.daemon rxBytes=240 rxPackets=2 txBytes=1800 txPackets=59  [1] iface=wlan0 nameOrHashs=curitycenter:ui rxBytes=18845 rxPackets=41 txBytes=6467 txPackets=44  [2] iface=wlan0 nameOrHashs=iui.cleanmaster rxBytes=8409 rxPackets=13 txBytes=3609 txPackets=19  [3] iface=wlan0 nameOrHashs=m.xiaomi.joyose rxBytes=6127 rxPackets=15 txBytes=1710 txPackets=15  [4] iface=wlan0 nameOrHashs=ndroid.settings rxBytes=44171 rxPackets=103 txBytes=13984 txPackets=118  [5] iface=wlan0 nameOrHashs=settings:remote rxBytes=23951 rxPackets=57 txBytes=24135 txPackets=67  [6] iface=wlan0 nameOrHashs=system_server rxBytes=856 rxPackets=13 txBytes=980 txPackets=15  [7] iface=wlan0 nameOrHashs=tycenter.remote rxBytes=5728 rxPackets=13 txBytes=1641 txPackets=12
11-17 01:55:27.088  1714  2224 I MiuiNetworkPolicy: updateUidState uid = 10189, uidState = 12
11-17 01:55:27.088  1714  2224 I MiuiNetworkPolicy: updateMLUid uid:10189,old:20,new:12
11-17 01:55:27.088  1714  2224 I MiuiNetworkPolicy: isMLEnabled state:20,uid:10189,connect:DISCONNECTED
11-17 01:55:27.088  1714  2224 I MiuiNetworkPolicy: isMLEnabled state:12,uid:10189,connect:DISCONNECTED
11-17 01:55:27.094  1714  1846 W NetworkStatsFactorySysApp: stats=NetworkStatsSysApp: elapsedRealtime=35517017
11-17 01:55:27.094  1714  1846 W NetworkStatsFactorySysApp:   [0] iface=rmnet_data2 nameOrHashs=ndroid.settings rxBytes=3594 rxPackets=6 txBytes=997 txPackets=9  [1] iface=rmnet_data2 nameOrHashs=obalminusscreen rxBytes=6051 rxPackets=20 txBytes=3333 txPackets=19  [2] iface=rmnet_data2 nameOrHashs=system_server rxBytes=312 rxPackets=6 txBytes=312 txPackets=6  [3] iface=rmnet_data1 nameOrHashs=curitycenter:ui rxBytes=6214 rxPackets=15 txBytes=1829 txPackets=15  [4] iface=rmnet_data1 nameOrHashs=m.xiaomi.joyose rxBytes=4885 rxPackets=10 txBytes=1579 txPackets=13  [5] iface=rmnet_data1 nameOrHashs=ndroid.settings rxBytes=34229 rxPackets=68 txBytes=10472 txPackets=83  [6] iface=rmnet_data1 nameOrHashs=obalminusscreen rxBytes=203944 rxPackets=319 txBytes=74916 txPackets=344  [7] iface=rmnet_data1 nameOrHashs=system_server rxBytes=468 rxPackets=9 txBytes=520 txPackets=10  [8] iface=rmnet_data1 nameOrHashs=tycenter.remote rxBytes=5893 rxPackets=13 txBytes=2337 txPackets=16
11-17 01:55:27.101  5387  6361 D PowerCheckerService: foreground, uid = 10323, app = com.pedroocalado.motorbikeparking
11-17 01:55:27.124  9188  9188 I FG_LOG  : NetworkEventImpl: onScreenOff。。。。。。
11-17 01:55:27.129  2664  2664 W RecentsImpl: getTopActivity from observer.   cn=ComponentInfo{com.pedroocalado.motorbikeparking/com.pedroocalado.motorbikeparking.MainActivity}
11-17 01:55:27.129  2664  2664 W RecentsImpl: adaptToTopActivity   cn=ComponentInfo{com.pedroocalado.motorbikeparking/com.pedroocalado.motorbikeparking.MainActivity}
11-17 01:55:27.129  2664  2664 W RecentsImpl: onResumed className=com.pedroocalado.motorbikeparking.MainActivity   mIsInAnotherPro=false
11-17 01:55:27.166  3813 10774 I GameBoosterService: restartGameMode: com.pedroocalado.motorbikeparking
11-17 01:55:27.222  2320  2896 D NetworkController.MobileSignalController(2): 4G level = 2
11-17 01:55:27.227  2664  2664 W RecentsImpl: getTopActivity from observer.   cn=ComponentInfo{com.pedroocalado.motorbikeparking/com.pedroocalado.motorbikeparking.MainActivity}
11-17 01:55:27.227  2664  2664 W RecentsImpl: adaptToTopActivity   cn=ComponentInfo{com.pedroocalado.motorbikeparking/com.pedroocalado.motorbikeparking.MainActivity}
11-17 01:55:27.227  2664  2664 W RecentsImpl: onResumed className=com.pedroocalado.motorbikeparking.MainActivity   mIsInAnotherPro=false
11-17 01:55:27.272  1714  2224 I MiuiNetworkPolicy: updateUidState uid = 99004, uidState = 5
11-17 01:55:27.272  1714  2224 I MiuiNetworkPolicy: updateMLUid uid:99004,old:7,new:5
11-17 01:55:27.282  1714  1800 W BroadcastQueue: Background execution not allowed: receiving Intent { act=android.intent.action.USER_PRESENT flg=0x24200010 } to com.google.android.gms/.auth.setup.devicesignals.LockScreenReceiver
11-17 01:55:27.282  1714  2224 I MiuiNetworkPolicy: updateUidState uid = 10189, uidState = 20
11-17 01:55:27.282  1714  2224 I MiuiNetworkPolicy: updateMLUid uid:10189,old:12,new:20
11-17 01:55:27.282  1714  2224 I MiuiNetworkPolicy: isMLEnabled state:12,uid:10189,connect:DISCONNECTED
11-17 01:55:27.282  1714  2224 I MiuiNetworkPolicy: isMLEnabled state:20,uid:10189,connect:DISCONNECTED
11-17 01:55:27.319  3728  3728 I GoogleInputMethodService: GoogleInputMethodService.onStartInput():1347 onStartInput(EditorInfo{EditorInfo{packageName=com.pedroocalado.motorbikeparking, inputType=0, inputTypeString=NULL, enableLearning=false, autoCorrection=false, autoComplete=false, imeOptions=0, privateImeOptions=null, actionName=UNSPECIFIED, actionLabel=null, initialSelStart=-1, initialSelEnd=-1, initialCapsMode=0, label=null, fieldId=-1, fieldName=null, extras=null, hintText=null, hintLocales=[]}}, false)
11-17 01:55:27.320  3728  3728 I GoogleInputMethodService: GoogleInputMethodService.onStartInputView():1445 onStartInputView(EditorInfo{EditorInfo{packageName=com.pedroocalado.motorbikeparking, inputType=0, inputTypeString=NULL, enableLearning=false, autoCorrection=false, autoComplete=false, imeOptions=0, privateImeOptions=null, actionName=UNSPECIFIED, actionLabel=null, initialSelStart=-1, initialSelEnd=-1, initialCapsMode=0, label=null, fieldId=-1, fieldName=null, extras=null, hintText=null, hintLocales=[]}}, false)
11-17 01:55:27.326  3728  3728 I AndroidIME: AbstractIme.onActivate():96 PasswordIme.onActivate() : EditorInfo = EditorInfo{packageName=com.pedroocalado.motorbikeparking, inputType=0, inputTypeString=NULL, enableLearning=false, autoCorrection=false, autoComplete=false, imeOptions=0, privateImeOptions=null, actionName=UNSPECIFIED, actionLabel=null, initialSelStart=-1, initialSelEnd=-1, initialCapsMode=0, label=null, fieldId=-1, fieldName=null, extras=null, hintText=null, hintLocales=[]}, IncognitoMode = false, DeviceLocked = false
11-17 01:55:27.341  1714  1780 I Timeline: Timeline: Activity_windows_visible id: ActivityRecord{3bd8532 u0 com.pedroocalado.motorbikeparking/.MainActivity t20353} time:19318866
11-17 01:55:27.540  3129 10772 I NearbySharing: Network state changed: NetworkState(isRestricted=false, isOnline=true, isCongested=false, isMetered=false, isWifiConnected=true)
11-17 01:55:27.711  1714  2224 I MiuiNetworkPolicy: updateUidState uid = 10222, uidState = 12
11-17 01:55:27.712  1714  2224 I MiuiNetworkPolicy: updateMLUid uid:10222,old:20,new:12
11-17 01:55:27.712  1714  2224 I MiuiNetworkPolicy: isMLEnabled state:20,uid:10222,connect:DISCONNECTED
11-17 01:55:27.712  1714  2224 I MiuiNetworkPolicy: isMLEnabled state:12,uid:10222,connect:DISCONNECTED
11-17 01:55:27.715  1714  2224 I MiuiNetworkPolicy: updateUidState uid = 10222, uidState = 20
11-17 01:55:27.716  1714  2224 I MiuiNetworkPolicy: updateMLUid uid:10222,old:12,new:20
11-17 01:55:27.716  1714  2224 I MiuiNetworkPolicy: isMLEnabled state:12,uid:10222,connect:DISCONNECTED
