11-17 01:55:27.716  1714  2224 I MiuiNetworkPolicy: isMLEnabled state:20,uid:10222,connect:DISCONNECTED
11-17 01:55:27.722  1714  2224 I MiuiNetworkPolicy: updateUidState uid = 10218, uidState = 12
11-17 01:55:27.723  1714  2224 I MiuiNetworkPolicy: updateMLUid uid:10218,old:20,new:12
11-17 01:55:27.723  1714  2224 I MiuiNetworkPolicy: isMLEnabled state:20,uid:10218,connect:DISCONNECTED
11-17 01:55:27.723  1714  2224 I MiuiNetworkPolicy: isMLEnabled state:12,uid:10218,connect:DISCONNECTED
11-17 01:55:27.723  9188  9188 I FG_LOG  : NetworkEventImpl: onLsShow。。。。。。
11-17 01:55:27.723  9188  9188 I FG_LOG  : NetworkEventImpl: onStart。。。。。。
11-17 01:55:27.735  1714  2224 I MiuiNetworkPolicy: updateUidState uid = 99018, uidState = 12
11-17 01:55:27.735  1714  2224 I MiuiNetworkPolicy: updateMLUid uid:99018,old:20,new:12
11-17 01:55:27.735  1714  2224 I MiuiNetworkPolicy: updateUidState uid = 10218, uidState = 20
11-17 01:55:27.735  1714  2224 I MiuiNetworkPolicy: updateMLUid uid:10218,old:12,new:20
11-17 01:55:27.735  1714  2224 I MiuiNetworkPolicy: isMLEnabled state:12,uid:10218,connect:DISCONNECTED
11-17 01:55:27.735  1714  2224 I MiuiNetworkPolicy: isMLEnabled state:20,uid:10218,connect:DISCONNECTED
11-17 01:55:27.735  1714  2224 I MiuiNetworkPolicy: updateUidState uid = 10161, uidState = 12
11-17 01:55:27.735  1714  2224 I MiuiNetworkPolicy: updateMLUid uid:10161,old:20,new:12
11-17 01:55:27.735  1714  2224 I MiuiNetworkPolicy: isMLEnabled state:20,uid:10161,connect:DISCONNECTED
11-17 01:55:27.735  1714  2224 I MiuiNetworkPolicy: isMLEnabled state:12,uid:10161,connect:DISCONNECTED
11-17 01:55:27.751  1714  2224 I MiuiNetworkPolicy: updateUidState uid = 99018, uidState = 20
11-17 01:55:27.751  1714  2224 I MiuiNetworkPolicy: updateMLUid uid:99018,old:12,new:20
11-17 01:55:27.751  1714  2224 I MiuiNetworkPolicy: updateUidState uid = 10262, uidState = 12
11-17 01:55:27.751  1714  2224 I MiuiNetworkPolicy: updateMLUid uid:10262,old:20,new:12
11-17 01:55:27.751  1714  2224 I MiuiNetworkPolicy: isMLEnabled state:20,uid:10262,connect:DISCONNECTED
11-17 01:55:27.751  1714  2224 I MiuiNetworkPolicy: isMLEnabled state:12,uid:10262,connect:DISCONNECTED
11-17 01:55:27.751  1714  2224 I MiuiNetworkPolicy: updateUidState uid = 10161, uidState = 20
11-17 01:55:27.751  1714  2224 I MiuiNetworkPolicy: updateMLUid uid:10161,old:12,new:20
11-17 01:55:27.751  1714  2224 I MiuiNetworkPolicy: isMLEnabled state:12,uid:10161,connect:DISCONNECTED
11-17 01:55:27.751  1714  2224 I MiuiNetworkPolicy: isMLEnabled state:20,uid:10161,connect:DISCONNECTED
11-17 01:55:27.756  1714  2224 I MiuiNetworkPolicy: updateUidState uid = 10262, uidState = 20
11-17 01:55:27.756  1714  2224 I MiuiNetworkPolicy: updateMLUid uid:10262,old:12,new:20
11-17 01:55:27.756  1714  2224 I MiuiNetworkPolicy: isMLEnabled state:12,uid:10262,connect:DISCONNECTED
11-17 01:55:27.756  1714  2224 I MiuiNetworkPolicy: isMLEnabled state:20,uid:10262,connect:DISCONNECTED
11-17 01:55:28.007  3129 10785 I NetworkScheduler: (REDACTED) Error inserting %s
11-17 01:55:29.473  2320  2896 D NetworkController.MobileSignalController(2): 4G level = 2
11-17 01:55:30.587  3129 10544 I NearbySharing: Network state changed: NetworkState(isRestricted=false, isOnline=true, isCongested=false, isMetered=false, isWifiConnected=true)
11-17 01:55:33.692  3129 10544 I NearbySharing: Network state changed: NetworkState(isRestricted=false, isOnline=true, isCongested=false, isMetered=false, isWifiConnected=true)
11-17 01:55:34.269  2320  2896 D NetworkController.MobileSignalController(2): 4G level = 2
11-17 01:55:36.693  1714  2209 W InputTransport: Slow Input: 150ms so far, channel '4a21b19 com.pedroocalado.motorbikeparking/com.pedroocalado.motorbikeparking.MainActivity (server)' publisher ~ publishMotionEvent: seq=71478, deviceId=4, source=0x1002, action=0x0, actionButton=0x00000000, flags=0x10000, edgeFlags=0x0, metaState=0x0, buttonState=0x0, xOffset=0.000000, yOffset=0.000000, xPrecision=1.000000, yPrecision=1.000000, downTime=19328067405000, eventTime=19328067405000, pointerCount=1
11-17 01:55:36.792  3129 10544 I NearbySharing: Network state changed: NetworkState(isRestricted=false, isOnline=true, isCongested=false, isMetered=false, isWifiConnected=true)
11-17 01:55:36.821  2320  2896 D NetworkController.MobileSignalController(2): 4G level = 1
11-17 01:55:41.040  2664  2699 D LauncherFsGestureCompat: componentName is com.pedroocalado.motorbikeparking/.MainActivity
11-17 01:55:41.052 12377 12393 I GST     : forePkg: com.miui.home, preForePkg: com.pedroocalado.motorbikeparking
11-17 01:55:41.054  3813 22189 I ProcessMonitor: onForegroundInfoChanged: ForegroundInfo{mForegroundPackageName='com.miui.home', mForegroundUid=10093, mForegroundPid=2664, mLastForegroundPackageName='com.pedroocalado.motorbikeparking', mLastForegroundUid=10323, mLastForegroundPid=10296, mMultiWindowForegroundPackageName='null', mMultiWindowForegroundUid=-1, mFlags=0}
11-17 01:55:41.057  3813 22189 I GameBoosterService: onForegroundInfoChanged: Cur=com.miui.home	 last=com.pedroocalado.motorbikeparking
11-17 01:55:41.058  3813 22189 D GameBoosterService: onGameStatusChange foreground:ForegroundInfo{mForegroundPackageName='com.miui.home', mForegroundUid=10093, mForegroundPid=2664, mLastForegroundPackageName='com.pedroocalado.motorbikeparking', mLastForegroundUid=10323, mLastForegroundPid=10296, mMultiWindowForegroundPackageName='null', mMultiWindowForegroundUid=-1, mFlags=0}
11-17 01:55:41.063  1714  2224 I MiuiNetworkPolicy: updateUidState uid = 10093, uidState = 2
11-17 01:55:41.063  1714  2224 I MiuiNetworkPolicy: updateWmmForUidState uid: 10093 state: 2 wmm: 1
11-17 01:55:41.065  1714  2224 I MiuiNetworkPolicy: updateMLUid uid:10093,old:6,new:2
11-17 01:55:41.065  1714  2224 I MiuiNetworkPolicy: isMLEnabled state:6,uid:10093,connect:DISCONNECTED
11-17 01:55:41.065  1714  2224 I MiuiNetworkPolicy: isMLEnabled state:2,uid:10093,connect:DISCONNECTED
11-17 01:55:41.623   922   922 E Layer   : [Surface(name=AppWindowToken{c5bcc00 token=Token{cf32283 ActivityRecord{3bd8532 u0 com.pedroocalado.motorbikeparking/.MainActivity t20353}}})/@0x232cbad - animation-leash#0] No local sync point found
11-17 01:55:41.628  1714  2224 I MiuiNetworkPolicy: updateUidState uid = 10323, uidState = 19
11-17 01:55:41.628  1714  2224 I MiuiNetworkPolicy: updateWmmForUidState uid: 10323 state: 19 wmm: 0
11-17 01:55:41.632  1714  2224 I MiuiNetworkPolicy: updateMLUid uid:10323,old:2,new:19
11-17 01:55:41.632  1714  2224 I MiuiNetworkPolicy: isMLEnabled state:2,uid:10323,connect:DISCONNECTED
11-17 01:55:41.632  1714  2224 I MiuiNetworkPolicy: isMLEnabled state:19,uid:10323,connect:DISCONNECTED
11-17 01:55:41.695  1714  2224 I MiuiNetworkPolicy: updateUidState uid = 10323, uidState = 11
11-17 01:55:41.695  1714  2224 I MiuiNetworkPolicy: updateMLUid uid:10323,old:19,new:11
11-17 01:55:41.695  1714  2224 I MiuiNetworkPolicy: isMLEnabled state:19,uid:10323,connect:DISCONNECTED
11-17 01:55:41.695  1714  2224 I MiuiNetworkPolicy: isMLEnabled state:11,uid:10323,connect:DISCONNECTED
11-17 01:55:41.912 10296 10296 W Activity: Slow Operation: Activity com.pedroocalado.motorbikeparking/.MainActivity onDestroy took 234ms
11-17 01:55:41.937  1714  2224 I MiuiNetworkPolicy: updateUidState uid = 10323, uidState = 19
11-17 01:55:41.937  1714  2224 I MiuiNetworkPolicy: updateMLUid uid:10323,old:11,new:19
11-17 01:55:41.937  1714  2224 I MiuiNetworkPolicy: isMLEnabled state:11,uid:10323,connect:DISCONNECTED
11-17 01:55:41.937  1714  2224 I MiuiNetworkPolicy: isMLEnabled state:19,uid:10323,connect:DISCONNECTED
11-17 01:55:42.123  1714  2224 I MiuiNetworkPolicy: wasConnected = true mWifiConnected = true mNetworkPriorityMode =0
11-17 01:55:42.128  2651  2651 D HingeNetworkManager: NETWORK_STATE_CHANGED_ACTION: mIsWifiConnected=true
11-17 01:55:42.178  1714  2230 E ConnectivityService: BUG: NetworkAgentInfo{ ni{[type: WIFI[], state: CONNECTED/CONNECTED, reason: (unspecified), extra: (none), failover: false, available: true, roaming: false]}  network{126}  nethandle{544571576333}  lp{{InterfaceName: wlan0 LinkAddresses: [ fe80::a650:46ff:fed4:ce34/64,2001:8a0:5954:9200:a650:46ff:fed4:ce34/64,2001:8a0:5954:9200:b1dd:dc2f:1d74:4d51/64,192.168.1.77/24 ] DnsAddresses: [ /192.168.1.254 ] Domains: Home MTU: 0 TcpBufferSizes: 524288,1048576,5505024,262144,524288,4194304 Routes: [ fe80::/64 -> :: wlan0,::/0 -> fe80::206:91ff:feea:23cf wlan0,2001:8a0:5954:9200::/64 -> fe80::206:91ff:feea:23cf wlan0,2001:8a0:5954:9200::/64 -> :: wlan0,192.168.1.0/24 -> 0.0.0.0 wlan0,0.0.0.0/0 -> 192.168.1.254 wlan0 ]}}  nc{[ Transports: WIFI Capabilities: NOT_METERED&INTERNET&NOT_RESTRICTED&TRUSTED&NOT_VPN&VALIDATED&NOT_ROAMING&FOREGROUND&NOT_CONGESTED&NOT_SUSPENDED LinkUpBandwidth>=1048576Kbps LinkDnBandwidth>=1048576Kbps Specifier: <WifiNetworkAgentSpecifier [WifiConfiguration=, SSID="CCF Headquarters", BSSID=00:06:91:ea:23:d1, mOriginalRequestorUid=-1, mOriginalRequestorPackageName=]> SignalStrength: -67 SSID: "CCF Headquarters"]}  Score{60}  everValidated{true}  lastValidated{true}  created{true} lingering{false} explicitlySelected{false} acceptUnvalidated{true} everCaptivePortalDetected{false} lastCaptivePortalDetected{false} captivePortalValidationPending{false} partialConnectivity{false} acceptPartialConnectivity{true} clat{mBaseIface: null, mIface: null, mState: IDLE} } lost immutable capabilities:specifier changed: WifiNetworkAgentSpecifier [WifiConfiguration=, SSID="CCF Headquarters", BSSID=00:06:91:ea:23:d1, mOriginalRequestorUid=-1, mOriginalRequestorPackageName=] -> WifiNetworkAgentSpecifier [WifiConfiguration=, SSID="CCF Headquarters", BSSID=00:06:91:ea:23:d0, mOriginalRequestorUid=-1, mOriginalRequestorPackageName=]
11-17 01:55:42.463  1714  2224 I MiuiNetworkPolicy: updateUidState uid = 99004, uidState = 7
11-17 01:55:42.464  1714  2224 I MiuiNetworkPolicy: updateMLUid uid:99004,old:5,new:7
11-17 01:55:42.957  3129 10548 I NearbySharing: Network state changed: NetworkState(isRestricted=false, isOnline=true, isCongested=false, isMetered=false, isWifiConnected=true)
11-17 01:55:44.496  2664  2664 D Launcher.CellLayout: touch item:ShortcutInfo, id=190, itemType=0, user=UserHandle{0}, mIconType=0, pkgName=com.pedroocalado.motorbikeparking, className=com.pedroocalado.motorbikeparking.MainActivity, screenId=1, container=-100, cellX=1, cellY=5, spanX=1, spanY=1, isLandscapePos=false
11-17 01:55:44.592  1714  3948 I ActivityTaskManager: START u0 {act=android.intent.action.MAIN cat=[android.intent.category.LAUNCHER] flg=0x10200000 cmp=com.pedroocalado.motorbikeparking/.MainActivity bnds=[335,1607][503,1775] (has extras)} from uid 10093
11-17 01:55:44.608  1714  3948 I ActivityTaskManager: The Process com.pedroocalado.motorbikeparking Already Exists in BG. So sending its PID: 10296
11-17 01:55:44.610  3813  3866 I ProcessMonitor: onForegroundInfoChanged: ForegroundInfo{mForegroundPackageName='com.pedroocalado.motorbikeparking', mForegroundUid=10323, mForegroundPid=10296, mLastForegroundPackageName='com.miui.home', mLastForegroundUid=10093, mLastForegroundPid=2664, mMultiWindowForegroundPackageName='null', mMultiWindowForegroundUid=-1, mFlags=0}
11-17 01:55:44.610 12377 12393 I GST     : forePkg: com.pedroocalado.motorbikeparking, preForePkg: com.miui.home
11-17 01:55:44.610  3813  3866 I GameBoosterService: onForegroundInfoChanged: Cur=com.pedroocalado.motorbikeparking	 last=com.miui.home
11-17 01:55:44.612  3813  3866 D GameBoosterService: onGameStatusChange foreground:ForegroundInfo{mForegroundPackageName='com.pedroocalado.motorbikeparking', mForegroundUid=10323, mForegroundPid=10296, mLastForegroundPackageName='com.miui.home', mLastForegroundUid=10093, mLastForegroundPid=2664, mMultiWindowForegroundPackageName='null', mMultiWindowForegroundUid=-1, mFlags=0}
11-17 01:55:44.615  1714  2224 I MiuiNetworkPolicy: updateUidState uid = 10323, uidState = 2
11-17 01:55:44.615  1714  2224 I MiuiNetworkPolicy: updateWmmForUidState uid: 10323 state: 2 wmm: 1
11-17 01:55:44.616  1714  2224 I MiuiNetworkPolicy: updateMLUid uid:10323,old:19,new:2
11-17 01:55:44.616  1714  2224 I MiuiNetworkPolicy: isMLEnabled state:19,uid:10323,connect:DISCONNECTED
11-17 01:55:44.616  1714  2224 I MiuiNetworkPolicy: isMLEnabled state:2,uid:10323,connect:DISCONNECTED
11-17 01:55:44.642 10296 10296 D ForceDarkHelper: updateByCheckExcludeList: pkg: com.pedroocalado.motorbikeparking activity: com.pedroocalado.motorbikeparking.MainActivity@c0518a5
11-17 01:55:44.643 10296 10296 D ForceDarkHelper: updateByCheckExcludeList: pkg: com.pedroocalado.motorbikeparking activity: com.pedroocalado.motorbikeparking.MainActivity@c0518a5
11-17 01:55:44.652 10296 10296 D ForceDarkHelper: updateByCheckExcludeList: pkg: com.pedroocalado.motorbikeparking activity: com.pedroocalado.motorbikeparking.MainActivity@c0518a5
11-17 01:55:44.653 10296 10296 D ForceDarkHelper: updateByCheckExcludeList: pkg: com.pedroocalado.motorbikeparking activity: com.pedroocalado.motorbikeparking.MainActivity@c0518a5
11-17 01:55:44.653 10296 10296 D ForceDarkHelper: updateByCheckExcludeList: pkg: com.pedroocalado.motorbikeparking activity: com.pedroocalado.motorbikeparking.MainActivity@c0518a5
11-17 01:55:44.673  2664  2664 D RecentsImpl: mActivityStateObserver com.pedroocalado.motorbikeparking.MainActivity
11-17 01:55:44.673  2664  2664 W RecentsImpl: onResumed className=com.pedroocalado.motorbikeparking.MainActivity   mIsInAnotherPro=false
11-17 01:55:44.702  3728  3728 I GoogleInputMethodService: GoogleInputMethodService.onStartInput():1347 onStartInput(EditorInfo{EditorInfo{packageName=com.pedroocalado.motorbikeparking, inputType=0, inputTypeString=NULL, enableLearning=false, autoCorrection=false, autoComplete=false, imeOptions=0, privateImeOptions=null, actionName=UNSPECIFIED, actionLabel=null, initialSelStart=-1, initialSelEnd=-1, initialCapsMode=0, label=null, fieldId=-1, fieldName=null, extras=null, hintText=null, hintLocales=[]}}, false)
11-17 01:55:45.840 10296 10860 I flutter : === API SERVICE INITIALIZATION ===
11-17 01:55:45.840 10296 10860 I flutter : Base URL: http://192.168.1.67:3000
11-17 01:55:45.841 10296 10860 I flutter : Environment: EnvironmentType.production
11-17 01:55:45.843 10296 10860 I flutter : Timeout: 30000ms
11-17 01:55:45.843 10296 10860 I flutter : ==================================
11-17 01:55:46.220  1714  1799 I ActivityTaskManager: Fully drawn com.pedroocalado.motorbikeparking/.MainActivity: +1s629ms
11-17 01:55:46.235  1714  1780 I Timeline: Timeline: Activity_windows_visible id: ActivityRecord{2b04954 u0 com.pedroocalado.motorbikeparking/.MainActivity t20354} time:19337760
11-17 01:55:46.238  1714  1799 I ActivityTaskManager: Displayed com.pedroocalado.motorbikeparking/.MainActivity: +1s645ms
11-17 01:55:46.244  1714  2224 I MiuiNetworkPolicy: updateUidState uid = 10093, uidState = 6
11-17 01:55:46.244  1714  2224 I MiuiNetworkPolicy: updateWmmForUidState uid: 10093 state: 6 wmm: 0
11-17 01:55:46.246  1714  2224 I MiuiNetworkPolicy: updateMLUid uid:10093,old:2,new:6
11-17 01:55:46.246  1714  2224 I MiuiNetworkPolicy: isMLEnabled state:2,uid:10093,connect:DISCONNECTED
11-17 01:55:46.246  1714  2224 I MiuiNetworkPolicy: isMLEnabled state:6,uid:10093,connect:DISCONNECTED
11-17 01:55:46.999  1714  2224 I MiuiNetworkPolicy: updateUidState uid = 10099, uidState = 11
11-17 01:55:48.662  2320  2896 D NetworkController.MobileSignalController(2): 4G level = 2
11-17 01:55:50.719  3728  3728 I GoogleInputMethodService: GoogleInputMethodService.onStartInput():1347 onStartInput(EditorInfo{EditorInfo{packageName=com.pedroocalado.motorbikeparking, inputType=8021, inputTypeString=EmailAddress[AutoCorrect], enableLearning=true, autoCorrection=true, autoComplete=true, imeOptions=2000006, privateImeOptions=null, actionName=DONE, actionLabel=null, initialSelStart=0, initialSelEnd=0, initialCapsMode=0, label=null, fieldId=1, fieldName=null, extras=null, hintText=null, hintLocales=[]}}, false)
11-17 01:55:50.721  3728  3728 I GoogleInputMethodService: GoogleInputMethodService.onStartInputView():1445 onStartInputView(EditorInfo{EditorInfo{packageName=com.pedroocalado.motorbikeparking, inputType=8021, inputTypeString=EmailAddress[AutoCorrect], enableLearning=true, autoCorrection=true, autoComplete=true, imeOptions=2000006, privateImeOptions=null, actionName=DONE, actionLabel=null, initialSelStart=0, initialSelEnd=0, initialCapsMode=0, label=null, fieldId=1, fieldName=null, extras=null, hintText=null, hintLocales=[]}}, false)
11-17 01:55:50.740  3728  3728 I AndroidIME: AbstractIme.onActivate():96 LatinIme.onActivate() : EditorInfo = EditorInfo{packageName=com.pedroocalado.motorbikeparking, inputType=8021, inputTypeString=EmailAddress[AutoCorrect], enableLearning=true, autoCorrection=true, autoComplete=true, imeOptions=2000006, privateImeOptions=null, actionName=DONE, actionLabel=null, initialSelStart=0, initialSelEnd=0, initialCapsMode=0, label=null, fieldId=1, fieldName=null, extras=null, hintText=null, hintLocales=[]}, IncognitoMode = false, DeviceLocked = false
11-17 01:55:50.767  1714  2224 I MiuiNetworkPolicy: updateUidState uid = 99004, uidState = 5
11-17 01:55:50.768  1714  2224 I MiuiNetworkPolicy: updateMLUid uid:99004,old:7,new:5
11-17 01:55:50.898  2320  2896 D NetworkController.MobileSignalController(2): 4G level = 2
11-17 01:55:50.928  3526  3526 D BoundBrokerSvc: onBind: Intent { act=com.google.android.gms.auth.api.phone.service.SmsRetrieverApiService.START dat=chimera-action: cmp=com.google.android.gms/.chimera.GmsApiService }
11-17 01:55:50.928  3526  3526 D BoundBrokerSvc: Loading bound service for intent: Intent { act=com.google.android.gms.auth.api.phone.service.SmsRetrieverApiService.START dat=chimera-action: cmp=com.google.android.gms/.chimera.GmsApiService }
11-17 01:55:50.952  3129  3129 D BoundBrokerSvc: onRebind: Intent { act=com.google.android.gms.auth.aang.events.services.START dat=chimera-action: cmp=com.google.android.gms/.chimera.PersistentApiService }
11-17 01:55:52.127  3129 10548 I NearbySharing: Network state changed: NetworkState(isRestricted=false, isOnline=true, isCongested=false, isMetered=false, isWifiConnected=true)
11-17 01:55:57.012  1714  2224 I MiuiNetworkPolicy: updateUidState uid = 10099, uidState = 11
11-17 01:55:57.219  3728  3728 I GoogleInputMethodService: GoogleInputMethodService.onStartInput():1347 onStartInput(EditorInfo{EditorInfo{packageName=com.pedroocalado.motorbikeparking, inputType=0, inputTypeString=NULL, enableLearning=false, autoCorrection=false, autoComplete=false, imeOptions=0, privateImeOptions=null, actionName=UNSPECIFIED, actionLabel=null, initialSelStart=-1, initialSelEnd=-1, initialCapsMode=0, label=null, fieldId=1, fieldName=null, extras=null, hintText=null, hintLocales=[]}}, true)
11-17 01:55:57.222  3728  3728 I GoogleInputMethodService: GoogleInputMethodService.onStartInputView():1445 onStartInputView(EditorInfo{EditorInfo{packageName=com.pedroocalado.motorbikeparking, inputType=0, inputTypeString=NULL, enableLearning=false, autoCorrection=false, autoComplete=false, imeOptions=0, privateImeOptions=null, actionName=UNSPECIFIED, actionLabel=null, initialSelStart=-1, initialSelEnd=-1, initialCapsMode=0, label=null, fieldId=1, fieldName=null, extras=null, hintText=null, hintLocales=[]}}, true)
11-17 01:55:57.258  3728  3728 I AndroidIME: AbstractIme.onActivate():96 PasswordIme.onActivate() : EditorInfo = EditorInfo{packageName=com.pedroocalado.motorbikeparking, inputType=0, inputTypeString=NULL, enableLearning=false, autoCorrection=false, autoComplete=false, imeOptions=0, privateImeOptions=null, actionName=UNSPECIFIED, actionLabel=null, initialSelStart=-1, initialSelEnd=-1, initialCapsMode=0, label=null, fieldId=1, fieldName=null, extras=null, hintText=null, hintLocales=[]}, IncognitoMode = false, DeviceLocked = false
11-17 01:55:57.290  3728  3728 I GoogleInputMethodService: GoogleInputMethodService.onStartInput():1347 onStartInput(EditorInfo{EditorInfo{packageName=com.pedroocalado.motorbikeparking, inputType=80081, inputTypeString=Password[NoSuggestion], enableLearning=false, autoCorrection=false, autoComplete=true, imeOptions=2000006, privateImeOptions=null, actionName=DONE, actionLabel=null, initialSelStart=0, initialSelEnd=0, initialCapsMode=0, label=null, fieldId=1, fieldName=null, extras=null, hintText=null, hintLocales=[]}}, true)
11-17 01:55:57.291  3728  3728 I GoogleInputMethodService: GoogleInputMethodService.onStartInputView():1445 onStartInputView(EditorInfo{EditorInfo{packageName=com.pedroocalado.motorbikeparking, inputType=80081, inputTypeString=Password[NoSuggestion], enableLearning=false, autoCorrection=false, autoComplete=true, imeOptions=2000006, privateImeOptions=null, actionName=DONE, actionLabel=null, initialSelStart=0, initialSelEnd=0, initialCapsMode=0, label=null, fieldId=1, fieldName=null, extras=null, hintText=null, hintLocales=[]}}, true)
11-17 01:55:57.295  3728  3728 I AndroidIME: AbstractIme.onActivate():96 PasswordIme.onActivate() : EditorInfo = EditorInfo{packageName=com.pedroocalado.motorbikeparking, inputType=80081, inputTypeString=Password[NoSuggestion], enableLearning=false, autoCorrection=false, autoComplete=true, imeOptions=2000006, privateImeOptions=null, actionName=DONE, actionLabel=null, initialSelStart=0, initialSelEnd=0, initialCapsMode=0, label=null, fieldId=1, fieldName=null, extras=null, hintText=null, hintLocales=[]}, IncognitoMode = false, DeviceLocked = false
11-17 01:55:57.622  2320  2896 D NetworkController.MobileSignalController(2): 4G level = 2
11-17 01:55:59.866  2320  2896 D NetworkController.MobileSignalController(2): 4G level = 2
11-17 01:56:01.697  3782  3782 I WearAuthWrapper_3782_3782: start auth connect
11-17 01:56:04.388  3129 10544 I NearbySharing: Network state changed: NetworkState(isRestricted=false, isOnline=true, isCongested=false, isMetered=false, isWifiConnected=true)
11-17 01:56:06.013  3129  3129 D BoundBrokerSvc: onUnbind: Intent { act=com.google.android.gms.auth.aang.events.services.START dat=chimera-action: cmp=com.google.android.gms/.chimera.PersistentApiService }
11-17 01:56:07.173  2320  2896 D NetworkController.MobileSignalController(2): 4G level = 2
11-17 01:56:09.463  2320  2896 D NetworkController.MobileSignalController(2): 4G level = 2
11-17 01:56:12.023  2320  2896 D NetworkController.MobileSignalController(2): 4G level = 2
11-17 01:56:12.322  3526  3526 D BoundBrokerSvc: onUnbind: Intent { act=com.google.android.gms.auth.api.phone.service.SmsRetrieverApiService.START dat=chimera-action: cmp=com.google.android.gms/.chimera.GmsApiService }
11-17 01:56:12.353  1714  2224 I MiuiNetworkPolicy: updateUidState uid = 99004, uidState = 7
11-17 01:56:12.353  1714  2224 I MiuiNetworkPolicy: updateMLUid uid:99004,old:5,new:7
11-17 01:56:19.070  2320  2896 D NetworkController.MobileSignalController(2): 4G level = 2
11-17 01:56:21.630  2320  2896 D NetworkController.MobileSignalController(2): 4G level = 2
11-17 01:56:23.870  2320  2896 D NetworkController.MobileSignalController(2): 4G level = 2
11-17 01:56:25.959  3129 10941 I NearbySharing: Network state changed: NetworkState(isRestricted=false, isOnline=true, isCongested=false, isMetered=false, isWifiConnected=true)
11-17 01:56:29.033  3129 10889 I NearbySharing: Network state changed: NetworkState(isRestricted=false, isOnline=true, isCongested=false, isMetered=false, isWifiConnected=true)
11-17 01:56:29.103  2320  2896 D NetworkController.MobileSignalController(2): 4G level = 2
11-17 01:56:32.103  2320  2896 D NetworkController.MobileSignalController(2): 4G level = 2
11-17 01:56:32.112  3129 10889 I NearbySharing: Network state changed: NetworkState(isRestricted=false, isOnline=true, isCongested=false, isMetered=false, isWifiConnected=true)
11-17 01:56:35.216  2320  2896 D NetworkController.MobileSignalController(2): 4G level = 2
11-17 01:56:35.249  3129 10889 I NearbySharing: Network state changed: NetworkState(isRestricted=false, isOnline=true, isCongested=false, isMetered=false, isWifiConnected=true)
11-17 01:56:36.881  1714  2224 I MiuiNetworkPolicy: wasConnected = true mWifiConnected = true mNetworkPriorityMode =0
11-17 01:56:36.884  2651  2651 D HingeNetworkManager: NETWORK_STATE_CHANGED_ACTION: mIsWifiConnected=true
11-17 01:56:36.920  1714  2230 E ConnectivityService: BUG: NetworkAgentInfo{ ni{[type: WIFI[], state: CONNECTED/CONNECTED, reason: (unspecified), extra: (none), failover: false, available: true, roaming: false]}  network{126}  nethandle{544571576333}  lp{{InterfaceName: wlan0 LinkAddresses: [ fe80::a650:46ff:fed4:ce34/64,2001:8a0:5954:9200:a650:46ff:fed4:ce34/64,2001:8a0:5954:9200:b1dd:dc2f:1d74:4d51/64,192.168.1.77/24 ] DnsAddresses: [ /192.168.1.254 ] Domains: Home MTU: 0 TcpBufferSizes: 524288,1048576,5505024,262144,524288,4194304 Routes: [ fe80::/64 -> :: wlan0,::/0 -> fe80::206:91ff:feea:23cf wlan0,2001:8a0:5954:9200::/64 -> fe80::206:91ff:feea:23cf wlan0,2001:8a0:5954:9200::/64 -> :: wlan0,192.168.1.0/24 -> 0.0.0.0 wlan0,0.0.0.0/0 -> 192.168.1.254 wlan0 ]}}  nc{[ Transports: WIFI Capabilities: NOT_METERED&INTERNET&NOT_RESTRICTED&TRUSTED&NOT_VPN&VALIDATED&NOT_ROAMING&FOREGROUND&NOT_CONGESTED&NOT_SUSPENDED LinkUpBandwidth>=1048576Kbps LinkDnBandwidth>=1048576Kbps Specifier: <WifiNetworkAgentSpecifier [WifiConfiguration=, SSID="CCF Headquarters", BSSID=00:06:91:ea:23:d0, mOriginalRequestorUid=-1, mOriginalRequestorPackageName=]> SignalStrength: -66 SSID: "CCF Headquarters"]}  Score{60}  everValidated{true}  lastValidated{true}  created{true} lingering{false} explicitlySelected{false} acceptUnvalidated{true} everCaptivePortalDetected{false} lastCaptivePortalDetected{false} captivePortalValidationPending{false} partialConnectivity{false} acceptPartialConnectivity{true} clat{mBaseIface: null, mIface: null, mState: IDLE} } lost immutable capabilities:specifier changed: WifiNetworkAgentSpecifier [WifiConfiguration=, SSID="CCF Headquarters", BSSID=00:06:91:ea:23:d0, mOriginalRequestorUid=-1, mOriginalRequestorPackageName=] -> WifiNetworkAgentSpecifier [WifiConfiguration=, SSID="CCF Headquarters", BSSID=00:06:91:ea:23:d1, mOriginalRequestorUid=-1, mOriginalRequestorPackageName=]
11-17 01:56:37.434  3129 10949 I NearbySharing: Network state changed: NetworkState(isRestricted=false, isOnline=true, isCongested=false, isMetered=false, isWifiConnected=true)
11-17 01:56:40.261  1714  2224 I MiuiNetworkPolicy: updateUidState uid = 10222, uidState = 12
11-17 01:56:40.261  1714  2224 I MiuiNetworkPolicy: updateMLUid uid:10222,old:20,new:12
11-17 01:56:40.261  1714  2224 I MiuiNetworkPolicy: isMLEnabled state:20,uid:10222,connect:DISCONNECTED
11-17 01:56:40.261  1714  2224 I MiuiNetworkPolicy: isMLEnabled state:12,uid:10222,connect:DISCONNECTED
11-17 01:56:40.286  1714  2224 I MiuiNetworkPolicy: updateUidState uid = 10222, uidState = 20
11-17 01:56:40.287  1714  2224 I MiuiNetworkPolicy: updateMLUid uid:10222,old:12,new:20
11-17 01:56:40.287  1714  2224 I MiuiNetworkPolicy: isMLEnabled state:12,uid:10222,connect:DISCONNECTED
11-17 01:56:40.287  1714  2224 I MiuiNetworkPolicy: isMLEnabled state:20,uid:10222,connect:DISCONNECTED
11-17 01:56:41.383  3129 10949 I NearbySharing: Network state changed: NetworkState(isRestricted=false, isOnline=true, isCongested=false, isMetered=false, isWifiConnected=true)
11-17 01:56:41.870  2320  2896 D NetworkController.MobileSignalController(2): 4G level = 2
11-17 01:56:44.449  3129 10949 I NearbySharing: Network state changed: NetworkState(isRestricted=false, isOnline=true, isCongested=false, isMetered=false, isWifiConnected=true)
11-17 01:56:44.669  2320  2896 D NetworkController.MobileSignalController(2): 4G level = 2
11-17 01:56:51.704  2320  2896 D NetworkController.MobileSignalController(2): 4G level = 1
11-17 01:56:53.942  2320  2896 D NetworkController.MobileSignalController(2): 4G level = 1
11-17 01:56:57.022  1714  2224 I MiuiNetworkPolicy: updateUidState uid = 10099, uidState = 11
11-17 01:56:58.753  2320  2896 D NetworkController.MobileSignalController(2): 4G level = 1
11-17 01:56:59.869  3129 10947 I NearbySharing: Network state changed: NetworkState(isRestricted=false, isOnline=true, isCongested=false, isMetered=false, isWifiConnected=true)
11-17 01:57:01.309  2320  2896 D NetworkController.MobileSignalController(2): 4G level = 1
11-17 01:57:02.958  3129 10977 I NearbySharing: Network state changed: NetworkState(isRestricted=false, isOnline=true, isCongested=false, isMetered=false, isWifiConnected=true)
11-17 01:57:03.869  2320  2896 D NetworkController.MobileSignalController(2): 4G level = 1
11-17 01:57:06.420  2320  2896 D NetworkController.MobileSignalController(2): 4G level = 1
11-17 01:57:08.675  2320  2896 D NetworkController.MobileSignalController(2): 4G level = 1
11-17 01:57:12.412  2320  2896 D NetworkController.MobileSignalController(2): 4G level = 1
11-17 01:57:16.026  2320  2896 D NetworkController.MobileSignalController(2): 4G level = 2
11-17 01:57:18.586  2320  2896 D NetworkController.MobileSignalController(2): 4G level = 1
11-17 01:57:20.940  2320  2896 D NetworkController.MobileSignalController(2): 4G level = 1
11-17 01:57:23.584  1714  2224 I MiuiNetworkPolicy: updateUidState uid = 10093, uidState = 7
11-17 01:57:23.584  1714  2224 I MiuiNetworkPolicy: updateMLUid uid:10093,old:6,new:7
11-17 01:57:23.584  1714  2224 I MiuiNetworkPolicy: isMLEnabled state:6,uid:10093,connect:DISCONNECTED
11-17 01:57:23.584  1714  2224 I MiuiNetworkPolicy: isMLEnabled state:7,uid:10093,connect:DISCONNECTED
11-17 01:57:23.603  3728  3728 I GoogleInputMethodService: GoogleInputMethodService.onStartInput():1347 onStartInput(EditorInfo{EditorInfo{packageName=com.pedroocalado.motorbikeparking, inputType=80081, inputTypeString=Password[NoSuggestion], enableLearning=false, autoCorrection=false, autoComplete=true, imeOptions=2000006, privateImeOptions=null, actionName=DONE, actionLabel=null, initialSelStart=12, initialSelEnd=12, initialCapsMode=0, label=null, fieldId=1, fieldName=null, extras=null, hintText=null, hintLocales=[]}}, false)
11-17 01:57:23.604  3728  3728 I GoogleInputMethodService: GoogleInputMethodService.onStartInputView():1445 onStartInputView(EditorInfo{EditorInfo{packageName=com.pedroocalado.motorbikeparking, inputType=80081, inputTypeString=Password[NoSuggestion], enableLearning=false, autoCorrection=false, autoComplete=true, imeOptions=2000006, privateImeOptions=null, actionName=DONE, actionLabel=null, initialSelStart=12, initialSelEnd=12, initialCapsMode=0, label=null, fieldId=1, fieldName=null, extras=null, hintText=null, hintLocales=[]}}, false)
11-17 01:57:23.608  3728  3728 I AndroidIME: AbstractIme.onActivate():96 PasswordIme.onActivate() : EditorInfo = EditorInfo{packageName=com.pedroocalado.motorbikeparking, inputType=80081, inputTypeString=Password[NoSuggestion], enableLearning=false, autoCorrection=false, autoComplete=true, imeOptions=2000006, privateImeOptions=null, actionName=DONE, actionLabel=null, initialSelStart=12, initialSelEnd=12, initialCapsMode=0, label=null, fieldId=1, fieldName=null, extras=null, hintText=null, hintLocales=[]}, IncognitoMode = false, DeviceLocked = false
11-17 01:57:23.635  1714  2224 I MiuiNetworkPolicy: updateUidState uid = 99004, uidState = 5
11-17 01:57:23.635  1714  2224 I MiuiNetworkPolicy: updateMLUid uid:99004,old:7,new:5
11-17 01:57:23.635  1714  2224 I MiuiNetworkPolicy: updateUidState uid = 10093, uidState = 6
11-17 01:57:23.635  1714  2224 I MiuiNetworkPolicy: updateMLUid uid:10093,old:7,new:6
11-17 01:57:23.635  1714  2224 I MiuiNetworkPolicy: isMLEnabled state:7,uid:10093,connect:DISCONNECTED
11-17 01:57:23.635  1714  2224 I MiuiNetworkPolicy: isMLEnabled state:6,uid:10093,connect:DISCONNECTED
11-17 01:57:23.635  2320 10968 D KeyguardWallpaperUtils: getCurrentWallpaperInfo infoString={"authority":"com.miui.android.fashiongallery.lockscreen_magazine_provider","content":"","cp":"","ex":"{\"title_click_uri\":\"miglobal:\\/\\/wallpapercarousel\\/web?id\u003d952575f59148e0a9ceb364fdba14f8c5\u0026entry_source\u003drmtle\u0026wallpaper_type\u003d1\u0026click_pixel\u003d\",\"deeplink\":\"\"}","key":"952575f59148e0a9ceb364fdba14f8c5","landingPageUrl":"","like":false,"pos":111,"supportLike":true,"tag":"","title":"","wallpaperUri":"content://com.miui.android.fashiongallery.file/app_cache/ng_gallery_img/952575f59148e0a9ceb364fdba14f8c5"}
11-17 01:57:23.639  1714  2224 I MiuiNetworkPolicy: updateUidState uid = 10218, uidState = 6
11-17 01:57:23.639  1714  2224 I MiuiNetworkPolicy: updateMLUid uid:10218,old:20,new:6
11-17 01:57:23.639  1714  2224 I MiuiNetworkPolicy: isMLEnabled state:20,uid:10218,connect:DISCONNECTED
11-17 01:57:23.639  1714  2224 I MiuiNetworkPolicy: isMLEnabled state:6,uid:10218,connect:DISCONNECTED
11-17 01:57:23.666  1232  1525 I [goodixHAL][gf_hal]: [gf_hal_get_auth_id]
11-17 01:57:23.666  9188  9207 I FG_LOG  : APIContentProviderDelegate: resultJson == {"previewComponent":"com.miui.android.fashiongallery/com.miui.cw.feature.ui.home.HomeActivity","wallpaperInfos":[{"authority":"com.miui.android.fashiongallery.lockscreen_magazine_provider","category":3,"content":"","cp":"","ex":"{\"title_click_uri\":\"miglobal:\\/\\/wallpapercarousel\\/web?id\u003ddf0e09d6f25a15a815563df9827f48fa\u0026entry_source\u003drmtle\u0026wallpaper_type\u003d1\u0026click_pixel\u003d\",\"deeplink\":\"\"}","key":"df0e09d6f25a15a815563df9827f48fa","landingPageUrl":"","like":false,"pos":111,"provider":"","source":"","supportLike":true,"tag":"","title":"","wallpaperUri":"content://com.miui.android.fashiongallery.file/app_cache/ng_gallery_img/df0e09d6f25a15a815563df9827f48fa"}]}
11-17 01:57:23.674  1232  1232 I [goodixHAL][gf_hal]: [gf_hal_authenticate] group_id=0
11-17 01:57:23.679  2664  2664 W RecentsImpl: getTopActivity from observer.   cn=ComponentInfo{com.pedroocalado.motorbikeparking/com.pedroocalado.motorbikeparking.MainActivity}
11-17 01:57:23.679  2664  2664 W RecentsImpl: adaptToTopActivity   cn=ComponentInfo{com.pedroocalado.motorbikeparking/com.pedroocalado.motorbikeparking.MainActivity}
11-17 01:57:23.679  2664  2664 W RecentsImpl: onResumed className=com.pedroocalado.motorbikeparking.MainActivity   mIsInAnotherPro=false
11-17 01:57:23.727  1714  1714 W FingerprintService: client com.android.systemui is authenticating...
11-17 01:57:23.864  1714  2224 I MiuiNetworkPolicy: updateUidState uid = 9801, uidState = 6
11-17 01:57:23.864  1714  2224 I MiuiNetworkPolicy: updateMLUid uid:9801,old:20,new:6
11-17 01:57:23.969  1714  2224 I MiuiNetworkPolicy: updateUidState uid = 10323, uidState = 13
11-17 01:57:23.969  1714  2224 I MiuiNetworkPolicy: updateWmmForUidState uid: 10323 state: 13 wmm: 0
11-17 01:57:23.972  1714  2224 I MiuiNetworkPolicy: updateMLUid uid:10323,old:2,new:13
11-17 01:57:23.972  1714  2224 I MiuiNetworkPolicy: isMLEnabled state:2,uid:10323,connect:DISCONNECTED
11-17 01:57:23.972  1714  2224 I MiuiNetworkPolicy: isMLEnabled state:13,uid:10323,connect:DISCONNECTED
11-17 01:57:23.974  2320 10968 D KeyguardWallpaperUtils: getCurrentWallpaperInfo infoString={"authority":"com.miui.android.fashiongallery.lockscreen_magazine_provider","content":"","cp":"","ex":"{\"title_click_uri\":\"miglobal:\\/\\/wallpapercarousel\\/web?id\u003ddf0e09d6f25a15a815563df9827f48fa\u0026entry_source\u003drmtle\u0026wallpaper_type\u003d1\u0026click_pixel\u003d\",\"deeplink\":\"\"}","key":"df0e09d6f25a15a815563df9827f48fa","landingPageUrl":"","like":false,"pos":111,"supportLike":true,"tag":"","title":"","wallpaperUri":"content://com.miui.android.fashiongallery.file/app_cache/ng_gallery_img/df0e09d6f25a15a815563df9827f48fa"}
11-17 01:57:24.197  1714  2224 I MiuiNetworkPolicy: updateUidState uid = 10222, uidState = 12
11-17 01:57:24.198  1714  2224 I MiuiNetworkPolicy: updateMLUid uid:10222,old:20,new:12
11-17 01:57:24.198  1714  2224 I MiuiNetworkPolicy: isMLEnabled state:20,uid:10222,connect:DISCONNECTED
11-17 01:57:24.198  1714  2224 I MiuiNetworkPolicy: isMLEnabled state:12,uid:10222,connect:DISCONNECTED
11-17 01:57:24.213  1714  2224 I MiuiNetworkPolicy: updateUidState uid = 10222, uidState = 20
11-17 01:57:24.213  1714  2224 I MiuiNetworkPolicy: updateMLUid uid:10222,old:12,new:20
11-17 01:57:24.214  1714  2224 I MiuiNetworkPolicy: isMLEnabled state:12,uid:10222,connect:DISCONNECTED
11-17 01:57:24.214  1714  2224 I MiuiNetworkPolicy: isMLEnabled state:20,uid:10222,connect:DISCONNECTED
11-17 01:57:24.310  3728  3728 I AndroidIME: AbstractIme.onActivate():96 PasswordIme.onActivate() : EditorInfo = EditorInfo{packageName=com.pedroocalado.motorbikeparking, inputType=80081, inputTypeString=Password[NoSuggestion], enableLearning=false, autoCorrection=false, autoComplete=true, imeOptions=2000006, privateImeOptions=null, actionName=DONE, actionLabel=null, initialSelStart=12, initialSelEnd=12, initialCapsMode=0, label=null, fieldId=1, fieldName=null, extras=null, hintText=null, hintLocales=[]}, IncognitoMode = false, DeviceLocked = true
11-17 01:57:24.321  1714  2224 I MiuiNetworkPolicy: updateUidState uid = 10189, uidState = 12
11-17 01:57:24.321  1714  2224 I MiuiNetworkPolicy: updateMLUid uid:10189,old:20,new:12
11-17 01:57:24.321  1714  2224 I MiuiNetworkPolicy: isMLEnabled state:20,uid:10189,connect:DISCONNECTED
11-17 01:57:24.321  1714  2224 I MiuiNetworkPolicy: isMLEnabled state:12,uid:10189,connect:DISCONNECTED
11-17 01:57:24.337  5387  6361 D PowerCheckerService: foreground, uid = 10323, app = com.pedroocalado.motorbikeparking
11-17 01:57:24.420  1714  2224 I MiuiNetworkPolicy: updateUidState uid = 10189, uidState = 20
11-17 01:57:24.420  1714  2224 I MiuiNetworkPolicy: updateMLUid uid:10189,old:12,new:20
11-17 01:57:24.420  1714  2224 I MiuiNetworkPolicy: isMLEnabled state:12,uid:10189,connect:DISCONNECTED
11-17 01:57:24.420  1714  2224 I MiuiNetworkPolicy: isMLEnabled state:20,uid:10189,connect:DISCONNECTED
11-17 01:57:24.693  1714  2224 I MiuiNetworkPolicy: updateUidState uid = 10218, uidState = 16
11-17 01:57:24.693  1714  2224 I MiuiNetworkPolicy: updateMLUid uid:10218,old:6,new:16
11-17 01:57:24.693  1714  2224 I MiuiNetworkPolicy: isMLEnabled state:6,uid:10218,connect:DISCONNECTED
11-17 01:57:24.693  1714  2224 I MiuiNetworkPolicy: isMLEnabled state:16,uid:10218,connect:DISCONNECTED
11-17 01:57:24.872  1714  2224 I MiuiNetworkPolicy: updateUidState uid = 9801, uidState = 16
11-17 01:57:24.872  1714  2224 I MiuiNetworkPolicy: updateMLUid uid:9801,old:6,new:16
11-17 01:57:24.879  1714  1846 W NetworkStatsFactorySysApp: stats=NetworkStatsSysApp: elapsedRealtime=35634802
11-17 01:57:24.879  1714  1846 W NetworkStatsFactorySysApp:   [0] iface=wlan0 nameOrHashs=com.miui.daemon rxBytes=240 rxPackets=2 txBytes=1800 txPackets=59  [1] iface=wlan0 nameOrHashs=curitycenter:ui rxBytes=18845 rxPackets=41 txBytes=6467 txPackets=44  [2] iface=wlan0 nameOrHashs=iui.cleanmaster rxBytes=8409 rxPackets=13 txBytes=3609 txPackets=19  [3] iface=wlan0 nameOrHashs=m.xiaomi.joyose rxBytes=6127 rxPackets=15 txBytes=1710 txPackets=15  [4] iface=wlan0 nameOrHashs=ndroid.settings rxBytes=44171 rxPackets=103 txBytes=13984 txPackets=118  [5] iface=wlan0 nameOrHashs=settings:remote rxBytes=23951 rxPackets=57 txBytes=24135 txPackets=67  [6] iface=wlan0 nameOrHashs=system_server rxBytes=856 rxPackets=13 txBytes=980 txPackets=15  [7] iface=wlan0 nameOrHashs=tycenter.remote rxBytes=5728 rxPackets=13 txBytes=1641 txPackets=12
11-17 01:57:24.884  1714  1846 W NetworkStatsFactorySysApp: stats=NetworkStatsSysApp: elapsedRealtime=35634807
11-17 01:57:24.884  1714  1846 W NetworkStatsFactorySysApp:   [0] iface=rmnet_data2 nameOrHashs=ndroid.settings rxBytes=3594 rxPackets=6 txBytes=997 txPackets=9  [1] iface=rmnet_data2 nameOrHashs=obalminusscreen rxBytes=6051 rxPackets=20 txBytes=3333 txPackets=19  [2] iface=rmnet_data2 nameOrHashs=system_server rxBytes=312 rxPackets=6 txBytes=312 txPackets=6  [3] iface=rmnet_data1 nameOrHashs=curitycenter:ui rxBytes=6214 rxPackets=15 txBytes=1829 txPackets=15  [4] iface=rmnet_data1 nameOrHashs=m.xiaomi.joyose rxBytes=4885 rxPackets=10 txBytes=1579 txPackets=13  [5] iface=rmnet_data1 nameOrHashs=ndroid.settings rxBytes=34229 rxPackets=68 txBytes=10472 txPackets=83  [6] iface=rmnet_data1 nameOrHashs=obalminusscreen rxBytes=203944 rxPackets=319 txBytes=74916 txPackets=344  [7] iface=rmnet_data1 nameOrHashs=system_server rxBytes=468 rxPackets=9 txBytes=520 txPackets=10  [8] iface=rmnet_data1 nameOrHashs=tycenter.remote rxBytes=5893 rxPackets=13 txBytes=2337 txPackets=16
11-17 01:57:24.908  1714  2224 I MiuiNetworkPolicy: updateUidState uid = 10222, uidState = 12
11-17 01:57:24.908  1714  2224 I MiuiNetworkPolicy: updateMLUid uid:10222,old:20,new:12
11-17 01:57:24.908  1714  2224 I MiuiNetworkPolicy: isMLEnabled state:20,uid:10222,connect:DISCONNECTED
11-17 01:57:24.908  1714  2224 I MiuiNetworkPolicy: isMLEnabled state:12,uid:10222,connect:DISCONNECTED
11-17 01:57:24.910  1714  2224 I MiuiNetworkPolicy: updateUidState uid = 10222, uidState = 20
11-17 01:57:24.910  1714  2224 I MiuiNetworkPolicy: updateMLUid uid:10222,old:12,new:20
11-17 01:57:24.910  1714  2224 I MiuiNetworkPolicy: isMLEnabled state:12,uid:10222,connect:DISCONNECTED
11-17 01:57:24.910  1714  2224 I MiuiNetworkPolicy: isMLEnabled state:20,uid:10222,connect:DISCONNECTED
11-17 01:57:24.917  9188  9188 I FG_LOG  : NetworkEventImpl: onScreenOff。。。。。。
11-17 01:57:24.917  1714  2224 I MiuiNetworkPolicy: updateUidState uid = 10218, uidState = 12
11-17 01:57:24.917  1714  2224 I MiuiNetworkPolicy: updateMLUid uid:10218,old:16,new:12
11-17 01:57:24.917  1714  2224 I MiuiNetworkPolicy: isMLEnabled state:16,uid:10218,connect:DISCONNECTED
11-17 01:57:24.917  1714  2224 I MiuiNetworkPolicy: isMLEnabled state:12,uid:10218,connect:DISCONNECTED
11-17 01:57:24.925  1714  2224 I MiuiNetworkPolicy: updateUidState uid = 99018, uidState = 12
11-17 01:57:24.925  1714  2224 I MiuiNetworkPolicy: updateMLUid uid:99018,old:20,new:12
11-17 01:57:24.925  1714  2224 I MiuiNetworkPolicy: updateUidState uid = 10218, uidState = 16
11-17 01:57:24.925  1714  2224 I MiuiNetworkPolicy: updateMLUid uid:10218,old:12,new:16
11-17 01:57:24.925  1714  2224 I MiuiNetworkPolicy: isMLEnabled state:12,uid:10218,connect:DISCONNECTED
11-17 01:57:24.925  1714  2224 I MiuiNetworkPolicy: isMLEnabled state:16,uid:10218,connect:DISCONNECTED
11-17 01:57:24.925  1714  2224 I MiuiNetworkPolicy: updateUidState uid = 10161, uidState = 12
11-17 01:57:24.925  1714  2224 I MiuiNetworkPolicy: updateMLUid uid:10161,old:20,new:12
11-17 01:57:24.925  1714  2224 I MiuiNetworkPolicy: isMLEnabled state:20,uid:10161,connect:DISCONNECTED
11-17 01:57:24.925  1714  2224 I MiuiNetworkPolicy: isMLEnabled state:12,uid:10161,connect:DISCONNECTED
11-17 01:57:24.938  1714  2224 I MiuiNetworkPolicy: updateUidState uid = 99018, uidState = 20
11-17 01:57:24.938  1714  2224 I MiuiNetworkPolicy: updateMLUid uid:99018,old:12,new:20
11-17 01:57:24.938  1714  2224 I MiuiNetworkPolicy: updateUidState uid = 10262, uidState = 12
11-17 01:57:24.938  1714  2224 I MiuiNetworkPolicy: updateMLUid uid:10262,old:20,new:12
11-17 01:57:24.938  1714  2224 I MiuiNetworkPolicy: isMLEnabled state:20,uid:10262,connect:DISCONNECTED
11-17 01:57:24.938  1714  2224 I MiuiNetworkPolicy: isMLEnabled state:12,uid:10262,connect:DISCONNECTED
11-17 01:57:24.938  1714  2224 I MiuiNetworkPolicy: updateUidState uid = 10161, uidState = 20
11-17 01:57:24.938  1714  2224 I MiuiNetworkPolicy: updateMLUid uid:10161,old:12,new:20
11-17 01:57:24.938  1714  2224 I MiuiNetworkPolicy: isMLEnabled state:12,uid:10161,connect:DISCONNECTED
11-17 01:57:24.938  1714  2224 I MiuiNetworkPolicy: isMLEnabled state:20,uid:10161,connect:DISCONNECTED
11-17 01:57:24.940  1714  2224 I MiuiNetworkPolicy: updateUidState uid = 10262, uidState = 20
11-17 01:57:24.940  1714  2224 I MiuiNetworkPolicy: updateMLUid uid:10262,old:12,new:20
11-17 01:57:24.940  1714  2224 I MiuiNetworkPolicy: isMLEnabled state:12,uid:10262,connect:DISCONNECTED
11-17 01:57:24.940  1714  2224 I MiuiNetworkPolicy: isMLEnabled state:20,uid:10262,connect:DISCONNECTED
11-17 01:57:28.823  2320  2896 D NetworkController.MobileSignalController(2): 4G level = 1
11-17 01:57:30.566  5467  9541 W PlayCommon: [4364] No account for auth token provided
11-17 01:57:31.390  2320  2896 D NetworkController.MobileSignalController(2): 4G level = 1
11-17 01:57:35.746  3782  3782 I WearAuthWrapper_3782_3782: start auth connect
11-17 01:57:36.513  2320  2896 D NetworkController.MobileSignalController(2): 4G level = 1
11-17 01:57:38.691  1714  2224 I MiuiNetworkPolicy: updateUidState uid = 99004, uidState = 7
11-17 01:57:38.691  1714  2224 I MiuiNetworkPolicy: updateMLUid uid:99004,old:5,new:7
11-17 01:57:38.748  2320  2896 D NetworkController.MobileSignalController(2): 4G level = 1
11-17 01:57:39.308  2651  2651 D HingeNetworkManager: NETWORK_STATE_CHANGED_ACTION: mIsWifiConnected=true
11-17 01:57:39.306  1714  2224 I MiuiNetworkPolicy: wasConnected = true mWifiConnected = true mNetworkPriorityMode =0
11-17 01:57:39.826  3129 10947 I NearbySharing: Network state changed: NetworkState(isRestricted=false, isOnline=true, isCongested=false, isMetered=false, isWifiConnected=true)
11-17 01:57:43.233  2320  2896 D NetworkController.MobileSignalController(2): 4G level = 1
11-17 01:57:49.142  1714  2224 I MiuiNetworkPolicy: updateUidState uid = 10218, uidState = 20
11-17 01:57:49.142  1714  2224 I MiuiNetworkPolicy: updateMLUid uid:10218,old:16,new:20
11-17 01:57:49.142  1714  2224 I MiuiNetworkPolicy: isMLEnabled state:16,uid:10218,connect:DISCONNECTED
11-17 01:57:49.143  1714  2224 I MiuiNetworkPolicy: isMLEnabled state:20,uid:10218,connect:DISCONNECTED
11-17 01:57:49.143  1714  2224 I MiuiNetworkPolicy: updateUidState uid = 9801, uidState = 20
11-17 01:57:49.143  1714  2224 I MiuiNetworkPolicy: updateMLUid uid:9801,old:16,new:20
11-17 01:57:49.267  1714  2224 I MiuiNetworkPolicy: removeUidState uid = 10222
11-17 01:57:53.148  2320  2896 D NetworkController.MobileSignalController(2): 4G level = 1
11-17 01:57:53.785  2320  2896 D NetworkController.MobileSignalController(2): 4G level = 1
11-17 01:58:00.184  2320  2896 D NetworkController.MobileSignalController(2): 4G level = 1
11-17 01:58:02.750  2320  2896 D NetworkController.MobileSignalController(2): 4G level = 1
11-17 01:58:07.864  2320  2896 D NetworkController.MobileSignalController(2): 4G level = 1
11-17 01:58:10.346  1714  2224 I MiuiNetworkPolicy: updateUidState uid = 99004, uidState = 6
11-17 01:58:10.347  1714  2224 I MiuiNetworkPolicy: updateMLUid uid:99004,old:7,new:6
11-17 01:58:10.347  1714  2224 I MiuiNetworkPolicy: updateUidState uid = 10107, uidState = 6
11-17 01:58:10.347  1714  2224 I MiuiNetworkPolicy: updateMLUid uid:10107,old:7,new:6
11-17 01:58:10.347  1714  2224 I MiuiNetworkPolicy: isMLEnabled state:7,uid:10107,connect:DISCONNECTED
11-17 01:58:10.347  1714  2224 I MiuiNetworkPolicy: isMLEnabled state:6,uid:10107,connect:DISCONNECTED
11-17 01:58:10.354  1714  2224 I MiuiNetworkPolicy: updateUidState uid = 99004, uidState = 7
11-17 01:58:10.354  1714  2224 I MiuiNetworkPolicy: updateMLUid uid:99004,old:6,new:7
11-17 01:58:10.355  1714  2224 I MiuiNetworkPolicy: updateUidState uid = 10107, uidState = 7
11-17 01:58:10.355  1714  2224 I MiuiNetworkPolicy: updateMLUid uid:10107,old:6,new:7
11-17 01:58:10.355  1714  2224 I MiuiNetworkPolicy: isMLEnabled state:6,uid:10107,connect:DISCONNECTED
11-17 01:58:10.355  1714  2224 I MiuiNetworkPolicy: isMLEnabled state:7,uid:10107,connect:DISCONNECTED
11-17 01:58:10.423  2320  2896 D NetworkController.MobileSignalController(2): 4G level = 1
11-17 01:58:12.666  2320  2896 D NetworkController.MobileSignalController(2): 4G level = 1
11-17 01:58:14.908  2320  2896 D NetworkController.MobileSignalController(2): 4G level = 1
11-17 01:58:20.666  2320  2896 D NetworkController.MobileSignalController(2): 4G level = 1
11-17 01:58:23.973  1714  2224 I MiuiNetworkPolicy: updateUidState uid = 10323, uidState = 13
11-17 01:58:24.499  2320  2896 D NetworkController.MobileSignalController(2): 4G level = 1
11-17 01:58:24.697  1714  2224 I MiuiNetworkPolicy: updateUidState uid = 10218, uidState = 20
11-17 01:58:24.869  1714  2224 I MiuiNetworkPolicy: updateUidState uid = 9801, uidState = 20
11-17 01:58:27.704  2320  2896 D NetworkController.MobileSignalController(2): 4G level = 1
11-17 01:58:29.942  2320  2896 D NetworkController.MobileSignalController(2): 4G level = 1
11-17 01:58:30.063  1714  2224 I MiuiNetworkPolicy: wasConnected = true mWifiConnected = true mNetworkPriorityMode =0
11-17 01:58:30.064  2651  2651 D HingeNetworkManager: NETWORK_STATE_CHANGED_ACTION: mIsWifiConnected=true
