11-17 01:52:30.510  2320  2896 D NetworkController.MobileSignalController(2): 4G level = 1
11-17 01:52:30.886  5467  9542 I Finsky  : [4365] VerifyApps: Anti-malware verification task started for package=com.pedroocalado.motorbikeparking
11-17 01:52:30.925  1714  2224 I MiuiNetworkPolicy: updateUidState uid = 10115, uidState = 16
11-17 01:52:30.925  1714  2224 I MiuiNetworkPolicy: updateMLUid uid:10115,old:6,new:16
11-17 01:52:30.925  1714  2224 I MiuiNetworkPolicy: isMLEnabled state:6,uid:10115,connect:DISCONNECTED
11-17 01:52:30.925  1714  2224 I MiuiNetworkPolicy: isMLEnabled state:16,uid:10115,connect:DISCONNECTED
11-17 01:52:31.326  5467  5531 I Finsky  : [4293] VerifyApps: Starting APK Analysis scan for com.pedroocalado.motorbikeparking.
11-17 01:52:31.329  5467  5531 I Finsky  : [4293] Scanning package com.pedroocalado.motorbikeparking contents with client side protections. File: [rH2o6HMQ2D4vvvJINLclKIYUTDDUURtWKL5lc2Dfz9Q]
11-17 01:52:31.330  5467  5531 I Finsky  : [4293] VerifyApps: APK Analysis scan finished for com.pedroocalado.motorbikeparking. Verdict: SAFE
11-17 01:52:31.759  1232  1450 I [goodixHAL][gf_hal_common]: [hal_milan_hv_series_image_irq] authenticate_time=2ms
11-17 01:52:31.778  2320  2320 I miui_keyguard_fingerprint: onAuthenticationSucceeded: authUserId = 0
11-17 01:52:31.821  1714  2224 I MiuiNetworkPolicy: updateUidState uid = 10222, uidState = 12
11-17 01:52:31.821  1714  2224 I MiuiNetworkPolicy: updateMLUid uid:10222,old:20,new:12
11-17 01:52:31.821  1714  2224 I MiuiNetworkPolicy: isMLEnabled state:20,uid:10222,connect:DISCONNECTED
11-17 01:52:31.821  1714  2224 I MiuiNetworkPolicy: isMLEnabled state:12,uid:10222,connect:DISCONNECTED
11-17 01:52:31.829  1714  2224 I MiuiNetworkPolicy: updateUidState uid = 10222, uidState = 20
11-17 01:52:31.829  1714  2224 I MiuiNetworkPolicy: updateMLUid uid:10222,old:12,new:20
11-17 01:52:31.829  1714  2224 I MiuiNetworkPolicy: isMLEnabled state:12,uid:10222,connect:DISCONNECTED
11-17 01:52:31.829  1714  2224 I MiuiNetworkPolicy: isMLEnabled state:20,uid:10222,connect:DISCONNECTED
11-17 01:52:31.852  5467  9547 I Finsky  : [4368] VerifyApps: Verification package=com.pedroocalado.motorbikeparking, id=2, response=0, upload_requested=false, enable_ecm=false
11-17 01:52:31.898  5467  9547 I Finsky  : [4368] VerifyApps: PAM result saving to datastore delayed for package: com.pedroocalado.motorbikeparking
11-17 01:52:31.909  1714  2224 I MiuiNetworkPolicy: updateUidState uid = 10093, uidState = 2
11-17 01:52:31.909  1714  2224 I MiuiNetworkPolicy: updateWmmForUidState uid: 10093 state: 2 wmm: 1
11-17 01:52:31.911  1714  2224 I MiuiNetworkPolicy: updateMLUid uid:10093,old:6,new:2
11-17 01:52:31.911  1714  2224 I MiuiNetworkPolicy: isMLEnabled state:6,uid:10093,connect:DISCONNECTED
11-17 01:52:31.911  1714  2224 I MiuiNetworkPolicy: isMLEnabled state:2,uid:10093,connect:DISCONNECTED
11-17 01:52:31.945  5467  9542 I Finsky  : [4365] VerifyApps: Starting required split types check for com.pedroocalado.motorbikeparking.
11-17 01:52:31.968  5467  9542 I Finsky  : [4365] VerifyApps: Required split types check successful for com.pedroocalado.motorbikeparking.
11-17 01:52:31.998  1714  2224 I MiuiNetworkPolicy: updateUidState uid = 10189, uidState = 12
11-17 01:52:31.998  1714  2224 I MiuiNetworkPolicy: updateMLUid uid:10189,old:20,new:12
11-17 01:52:31.998  1714  2224 I MiuiNetworkPolicy: isMLEnabled state:20,uid:10189,connect:DISCONNECTED
11-17 01:52:31.998  1714  2224 I MiuiNetworkPolicy: isMLEnabled state:12,uid:10189,connect:DISCONNECTED
11-17 01:52:31.998  1714  1846 W NetworkStatsFactorySysApp: stats=NetworkStatsSysApp: elapsedRealtime=35341921
11-17 01:52:31.998  1714  1846 W NetworkStatsFactorySysApp:   [0] iface=wlan0 nameOrHashs=com.miui.daemon rxBytes=240 rxPackets=2 txBytes=1800 txPackets=59  [1] iface=wlan0 nameOrHashs=curitycenter:ui rxBytes=18845 rxPackets=41 txBytes=6467 txPackets=44  [2] iface=wlan0 nameOrHashs=iui.cleanmaster rxBytes=8409 rxPackets=13 txBytes=3609 txPackets=19  [3] iface=wlan0 nameOrHashs=m.xiaomi.joyose rxBytes=6127 rxPackets=15 txBytes=1710 txPackets=15  [4] iface=wlan0 nameOrHashs=ndroid.settings rxBytes=44171 rxPackets=103 txBytes=13984 txPackets=118  [5] iface=wlan0 nameOrHashs=settings:remote rxBytes=23951 rxPackets=57 txBytes=24135 txPackets=67  [6] iface=wlan0 nameOrHashs=system_server rxBytes=856 rxPackets=13 txBytes=980 txPackets=15  [7] iface=wlan0 nameOrHashs=tycenter.remote rxBytes=5728 rxPackets=13 txBytes=1641 txPackets=12
11-17 01:52:32.008  1714  1846 W NetworkStatsFactorySysApp: stats=NetworkStatsSysApp: elapsedRealtime=35341931
11-17 01:52:32.008  1714  1846 W NetworkStatsFactorySysApp:   [0] iface=rmnet_data2 nameOrHashs=ndroid.settings rxBytes=3594 rxPackets=6 txBytes=997 txPackets=9  [1] iface=rmnet_data2 nameOrHashs=obalminusscreen rxBytes=6051 rxPackets=20 txBytes=3333 txPackets=19  [2] iface=rmnet_data2 nameOrHashs=system_server rxBytes=312 rxPackets=6 txBytes=312 txPackets=6  [3] iface=rmnet_data1 nameOrHashs=curitycenter:ui rxBytes=6214 rxPackets=15 txBytes=1829 txPackets=15  [4] iface=rmnet_data1 nameOrHashs=m.xiaomi.joyose rxBytes=4885 rxPackets=10 txBytes=1579 txPackets=13  [5] iface=rmnet_data1 nameOrHashs=ndroid.settings rxBytes=34229 rxPackets=68 txBytes=10472 txPackets=83  [6] iface=rmnet_data1 nameOrHashs=obalminusscreen rxBytes=203944 rxPackets=319 txBytes=74916 txPackets=344  [7] iface=rmnet_data1 nameOrHashs=system_server rxBytes=468 rxPackets=9 txBytes=520 txPackets=10  [8] iface=rmnet_data1 nameOrHashs=tycenter.remote rxBytes=5893 rxPackets=13 txBytes=2337 txPackets=16
11-17 01:52:32.048  9188  9188 I FG_LOG  : NetworkEventImpl: onScreenOff。。。。。。
11-17 01:52:32.079  5467  9542 I Finsky  : [4365] VerifyApps V31SignatureVerification: Successful verification for the package: com.pedroocalado.motorbikeparking using APK Signature Scheme v3
11-17 01:52:32.086  5467  5467 I Finsky  : [2] VerifyApps: Install-time verification complete: id=2, package_name=com.pedroocalado.motorbikeparking
11-17 01:52:32.142  1714  2224 I MiuiNetworkPolicy: updateUidState uid = 99004, uidState = 5
11-17 01:52:32.142  1714  2224 I MiuiNetworkPolicy: updateMLUid uid:99004,old:7,new:5
11-17 01:52:32.189  1714  1873 I PackageManager: Update package com.pedroocalado.motorbikeparking code path from /data/app/com.pedroocalado.motorbikeparking-_AzHBte3RSiDwNB2Y26JpQ== to /data/app/com.pedroocalado.motorbikeparking-AZ1Oycfcqz6bF7AA4-itUg==; Retain data and using new
11-17 01:52:32.190  1714  1873 I PackageManager: Update package com.pedroocalado.motorbikeparking resource path from /data/app/com.pedroocalado.motorbikeparking-_AzHBte3RSiDwNB2Y26JpQ== to /data/app/com.pedroocalado.motorbikeparking-AZ1Oycfcqz6bF7AA4-itUg==; Retain data and using new
11-17 01:52:32.191  1714  1800 I ActivityManager: Force stopping com.pedroocalado.motorbikeparking appid=10323 user=-1: installPackageLI
11-17 01:52:32.192  1714  1800 I ActivityManager: Killing 8655:com.pedroocalado.motorbikeparking/u0a323 (adj 900): stop com.pedroocalado.motorbikeparking: installPackageLI
11-17 01:52:32.197  1714  2224 I MiuiNetworkPolicy: removeUidState uid = 10323
11-17 01:52:32.197  1714  2224 I MiuiNetworkPolicy: updateMLUid uid:10323,old:19,new:20
11-17 01:52:32.197  1714  2224 I MiuiNetworkPolicy: isMLEnabled state:19,uid:10323,connect:DISCONNECTED
11-17 01:52:32.197  1714  2224 I MiuiNetworkPolicy: isMLEnabled state:20,uid:10323,connect:DISCONNECTED
11-17 01:52:32.485  3129  3129 D SharedPreferencesImpl: Time required to fsync /data/user/0/com.google.android.gms/shared_prefs/com.google.android.gms.auth.devicesignals.DeviceSignalsStore.xml: [<1: 0, <2: 4, <4: 37, <8: 40, <16: 5, <32: 0, <64: 3, <128: 2, <256: 0, <512: 1, <1024: 0, <2048: 0, <4096: 0, <8192: 0, <16384: 0, >=16384: 0]
11-17 01:52:32.964  3129  9575 I NearbySharing: Network state changed: NetworkState(isRestricted=false, isOnline=true, isCongested=false, isMetered=false, isWifiConnected=true)
11-17 01:52:32.971  1714  1873 I InstallationStatistic: com.pedroocalado.motorbikeparking|null|9572|4223|360|2106|1725|0
11-17 01:52:32.986  1714  2224 I MiuiNetworkPolicy: updateUidState uid = 10323, uidState = 21
11-17 01:52:32.986  1714  2224 I MiuiNetworkPolicy: updateMLUid uid:10323,old:20,new:21
11-17 01:52:32.986  1714  2224 I MiuiNetworkPolicy: isMLEnabled state:20,uid:10323,connect:DISCONNECTED
11-17 01:52:32.986  1714  2224 I MiuiNetworkPolicy: isMLEnabled state:21,uid:10323,connect:DISCONNECTED
11-17 01:52:33.008  1714  1873 I ActivityManager: Force stopping com.pedroocalado.motorbikeparking appid=10323 user=0: pkg removed
11-17 01:52:33.023  1714  2224 I MiuiNetworkPolicy: ACTION_PACKAGE_REMOVED uid = 10323
11-17 01:52:33.024  2664  2829 E InstallApkReceiver: uninstall:package:com.pedroocalado.motorbikeparking
11-17 01:52:33.042  1714  2257 I MiuiCompatModePackages: package com.pedroocalado.motorbikeparking updated, removing config
11-17 01:52:33.043  1714  2224 I MiuiNetworkPolicy: ACTION_PACKAGE_ADDED uid = 10323
11-17 01:52:33.043  2320  2320 E Recents : packageMonitor   onPackageModified  packageName=com.pedroocalado.motorbikeparking   mIsRecentsWithinLauncher=true
11-17 01:52:33.044  2664  2829 E InstallApkReceiver: install:package:com.pedroocalado.motorbikeparking
11-17 01:52:33.050  3813  4547 D AppInstalledReceiver: packageName: com.pedroocalado.motorbikeparking
11-17 01:52:33.050  1714  2224 I MiuiNetworkPolicy: updateUidState uid = 1000, uidState = 0
11-17 01:52:33.053  2299  2299 D BluetoothMapAppObserver: The removed package is: com.pedroocalado.motorbikeparking
11-17 01:52:33.053  2299  2299 D Avrcp_ext: AvrcpServiceBroadcastReceiver-> packageName: com.pedroocalado.motorbikeparking
11-17 01:52:33.053  2299  2299 D Avrcp_ext: packageName: com.pedroocalado.motorbikeparking removed: false
11-17 01:52:33.072  2299  2299 D BluetoothMapAppObserver: The installed package is: com.pedroocalado.motorbikeparking
11-17 01:52:33.133  1714  2224 I MiuiNetworkPolicy: updateUidState uid = 10115, uidState = 5
11-17 01:52:33.134  1714  2224 I MiuiNetworkPolicy: updateMLUid uid:10115,old:16,new:5
11-17 01:52:33.134  1714  2224 I MiuiNetworkPolicy: isMLEnabled state:16,uid:10115,connect:DISCONNECTED
11-17 01:52:33.134  1714  2224 I MiuiNetworkPolicy: isMLEnabled state:5,uid:10115,connect:DISCONNECTED
11-17 01:52:33.157  4058  4058 D RegisteredNxpServicesCache: uninstall packageName:com.pedroocalado.motorbikeparking
11-17 01:52:33.173 32576 32576 D AggregateListener: onPackageRemoved packageName:com.pedroocalado.motorbikeparking
11-17 01:52:33.203  2651  2651 D ImsResolver: maybeAddedImsService, packageName: com.pedroocalado.motorbikeparking
11-17 01:52:33.228  1714  2224 I MiuiNetworkPolicy: updateUidState uid = 10161, uidState = 20
11-17 01:52:33.232  2320  2896 D NetworkController.MobileSignalController(2): 4G level = 1
11-17 01:52:33.245  1714  2224 I MiuiNetworkPolicy: updateUidState uid = 10161, uidState = 5
11-17 01:52:33.245  1714  2224 I MiuiNetworkPolicy: updateMLUid uid:10161,old:20,new:5
11-17 01:52:33.245  1714  2224 I MiuiNetworkPolicy: isMLEnabled state:20,uid:10161,connect:DISCONNECTED
11-17 01:52:33.245  1714  2224 I MiuiNetworkPolicy: isMLEnabled state:5,uid:10161,connect:DISCONNECTED
11-17 01:52:33.248  5467  5467 I Finsky  : [2] AIM: AppInfoCacheUpdater -> invalidating apps: [com.pedroocalado.motorbikeparking]
11-17 01:52:33.265  1714  1800 W BroadcastQueue: Background execution not allowed: receiving Intent { act=android.intent.action.USER_PRESENT flg=0x24200010 } to com.google.android.gms/.auth.setup.devicesignals.LockScreenReceiver
11-17 01:52:33.265  1714  2224 I MiuiNetworkPolicy: updateUidState uid = 10189, uidState = 20
11-17 01:52:33.265  1714  2224 I MiuiNetworkPolicy: updateMLUid uid:10189,old:12,new:20
11-17 01:52:33.265  1714  2224 I MiuiNetworkPolicy: isMLEnabled state:12,uid:10189,connect:DISCONNECTED
11-17 01:52:33.265  1714  2224 I MiuiNetworkPolicy: isMLEnabled state:20,uid:10189,connect:DISCONNECTED
11-17 01:52:33.280  1714  1800 W BroadcastQueue: Background execution not allowed: receiving Intent { act=android.intent.action.PACKAGE_REMOVED dat=package:com.pedroocalado.motorbikeparking flg=0x4000010 (has extras) } to com.lbe.security.miui/com.lbe.security.service.BootReceiver
11-17 01:52:33.294  1714  1747 W BroadcastQueue: Background execution not allowed: receiving Intent { act=android.intent.action.PACKAGE_REMOVED dat=package:com.pedroocalado.motorbikeparking flg=0x4000010 (has extras) } to com.android.vending/com.google.android.finsky.packagemonitor.impl.PackageMonitorReceiverImpl$RegisteredReceiver
11-17 01:52:33.299  1714  1800 W BroadcastQueue: Background execution not allowed: receiving Intent { act=android.intent.action.PACKAGE_REMOVED dat=package:com.pedroocalado.motorbikeparking flg=0x4000010 (has extras) } to com.android.vending/com.google.android.finsky.packagemonitor.backgroundimpl.BackgroundPackageMonitorReceiverImpl$RegisteredReceiver
11-17 01:52:33.301  1714  1800 W BroadcastQueue: Background execution not allowed: receiving Intent { act=android.intent.action.PACKAGE_REMOVED dat=package:com.pedroocalado.motorbikeparking flg=0x4000010 (has extras) } to com.android.vending/com.google.android.finsky.instantapps.appmanagement.InstantAppRemoveMonitor
11-17 01:52:33.301  1714  1800 W BroadcastQueue: Background execution not allowed: receiving Intent { act=android.intent.action.PACKAGE_REMOVED dat=package:com.pedroocalado.motorbikeparking flg=0x4000010 (has extras) } to com.facebook.services/com.facebook.oxygen.services.fbns.RegisteredMqttSystemBroadcastReceiver
11-17 01:52:33.302  1714  1800 W BroadcastQueue: Background execution not allowed: receiving Intent { act=android.intent.action.PACKAGE_REMOVED dat=package:com.pedroocalado.motorbikeparking flg=0x4000010 (has extras) } to com.google.android.apps.maps/com.google.android.libraries.social.peoplekit.thirdparty.viewcontrollers.ThirdPartyReceiver
11-17 01:52:33.302  1714  1800 W BroadcastQueue: Background execution not allowed: receiving Intent { act=android.intent.action.PACKAGE_REMOVED dat=package:com.pedroocalado.motorbikeparking flg=0x4000010 (has extras) } to com.google.android.gms/.chimera.GmsIntentOperationService$PersistentTrustedReceiver
11-17 01:52:33.302  1714  1800 W BroadcastQueue: Background execution not allowed: receiving Intent { act=android.intent.action.PACKAGE_REMOVED dat=package:com.pedroocalado.motorbikeparking flg=0x4000010 (has extras) } to com.miui.audioeffect/com.android.musicfx.Compatibility$Receiver
11-17 01:52:33.302  1714  1800 W BroadcastQueue: Background execution not allowed: receiving Intent { act=android.intent.action.PACKAGE_REMOVED dat=package:com.pedroocalado.motorbikeparking flg=0x4000010 (has extras) } to com.xiaomi.discover/com.xiaomi.market.data.MyPackageMonitor
11-17 01:52:33.302  1714  1800 W BroadcastQueue: Background execution not allowed: receiving Intent { act=android.intent.action.PACKAGE_REMOVED dat=package:com.pedroocalado.motorbikeparking flg=0x4000010 (has extras) } to com.xiaomi.mipicks/com.xiaomi.market.data.MyPackageMonitor
11-17 01:52:33.368  5467  5527 I Finsky  : [4290] AIM: AppInfoManager-Perf > OnDeviceAppInfo > cacheHitCount=0, cacheMissCount=1. Missed  in cache (limit 10) : [com.pedroocalado.motorbikeparking]
11-17 01:52:33.503  5467  5467 I Finsky  : [2] AIM: AppInfoCacheUpdater -> invalidating apps: [com.pedroocalado.motorbikeparking]
11-17 01:52:33.507  5467  5527 I Finsky  : [4290] AIM: AppInfoManager-Perf > OnDeviceAppInfo > cacheHitCount=0, cacheMissCount=1. Missed  in cache (limit 10) : [com.pedroocalado.motorbikeparking]
11-17 01:52:33.858  1714  2224 I MiuiNetworkPolicy: updateUidState uid = 10222, uidState = 12
11-17 01:52:33.858  1714  2224 I MiuiNetworkPolicy: updateMLUid uid:10222,old:20,new:12
11-17 01:52:33.858  1714  2224 I MiuiNetworkPolicy: isMLEnabled state:20,uid:10222,connect:DISCONNECTED
11-17 01:52:33.858  1714  2224 I MiuiNetworkPolicy: isMLEnabled state:12,uid:10222,connect:DISCONNECTED
11-17 01:52:33.872  1714  2224 I MiuiNetworkPolicy: updateUidState uid = 10222, uidState = 20
11-17 01:52:33.872  1714  2224 I MiuiNetworkPolicy: updateMLUid uid:10222,old:12,new:20
11-17 01:52:33.872  1714  2224 I MiuiNetworkPolicy: isMLEnabled state:12,uid:10222,connect:DISCONNECTED
11-17 01:52:33.872  1714  2224 I MiuiNetworkPolicy: isMLEnabled state:20,uid:10222,connect:DISCONNECTED
11-17 01:52:33.875  1714  2224 I MiuiNetworkPolicy: updateUidState uid = 10218, uidState = 12
11-17 01:52:33.875  1714  2224 I MiuiNetworkPolicy: updateMLUid uid:10218,old:20,new:12
11-17 01:52:33.875  1714  2224 I MiuiNetworkPolicy: isMLEnabled state:20,uid:10218,connect:DISCONNECTED
11-17 01:52:33.875  1714  2224 I MiuiNetworkPolicy: isMLEnabled state:12,uid:10218,connect:DISCONNECTED
11-17 01:52:33.879  9188  9188 I FG_LOG  : NetworkEventImpl: onLsShow。。。。。。
11-17 01:52:33.879  9188  9188 I FG_LOG  : NetworkEventImpl: onStart。。。。。。
11-17 01:52:33.887  1714  2224 I MiuiNetworkPolicy: updateUidState uid = 10218, uidState = 20
11-17 01:52:33.887  1714  2224 I MiuiNetworkPolicy: updateMLUid uid:10218,old:12,new:20
11-17 01:52:33.887  1714  2224 I MiuiNetworkPolicy: isMLEnabled state:12,uid:10218,connect:DISCONNECTED
11-17 01:52:33.887  1714  2224 I MiuiNetworkPolicy: isMLEnabled state:20,uid:10218,connect:DISCONNECTED
11-17 01:52:33.932  9637  9637 I PI-ScanDispatch: service bind, pkgName = com.pedroocalado.motorbikeparking, installer = null, isReplace = true, firstGoogleTime = 1741283085955
11-17 01:52:33.938  9637  9700 D FBAudienceNetwork: SDK dex loading time: 148
11-17 01:52:33.989  9637  9708 D NetworkSecurityConfig: Using Network Security Config from resource network_security_config debugBuild: false
11-17 01:52:34.085  1714  2224 I MiuiNetworkPolicy: updateUidState uid = 10121, uidState = 6
11-17 01:52:34.086  1714  2224 I MiuiNetworkPolicy: updateMLUid uid:10121,old:9,new:6
11-17 01:52:34.086  1714  2224 I MiuiNetworkPolicy: isMLEnabled state:9,uid:10121,connect:DISCONNECTED
11-17 01:52:34.086  1714  2224 I MiuiNetworkPolicy: isMLEnabled state:6,uid:10121,connect:DISCONNECTED
11-17 01:52:34.121  1714  2224 I MiuiNetworkPolicy: updateUidState uid = 10175, uidState = 5
11-17 01:52:34.121  1714  2224 I MiuiNetworkPolicy: updateMLUid uid:10175,old:11,new:5
11-17 01:52:34.121  1714  2224 I MiuiNetworkPolicy: isMLEnabled state:11,uid:10175,connect:DISCONNECTED
11-17 01:52:34.121  1714  2224 I MiuiNetworkPolicy: isMLEnabled state:5,uid:10175,connect:DISCONNECTED
11-17 01:52:34.143  1714  2224 I MiuiNetworkPolicy: updateUidState uid = 10161, uidState = 11
11-17 01:52:34.144  1714  2224 I MiuiNetworkPolicy: updateMLUid uid:10161,old:5,new:11
11-17 01:52:34.144  1714  2224 I MiuiNetworkPolicy: isMLEnabled state:5,uid:10161,connect:DISCONNECTED
11-17 01:52:34.144  1714  2224 I MiuiNetworkPolicy: isMLEnabled state:11,uid:10161,connect:DISCONNECTED
11-17 01:52:34.144  1714  2224 I MiuiNetworkPolicy: updateUidState uid = 10121, uidState = 9
11-17 01:52:34.144  1714  2224 I MiuiNetworkPolicy: updateMLUid uid:10121,old:6,new:9
11-17 01:52:34.144  1714  2224 I MiuiNetworkPolicy: isMLEnabled state:6,uid:10121,connect:DISCONNECTED
11-17 01:52:34.144  1714  2224 I MiuiNetworkPolicy: isMLEnabled state:9,uid:10121,connect:DISCONNECTED
11-17 01:52:34.146  1714  2224 I MiuiNetworkPolicy: updateUidState uid = 10161, uidState = 20
11-17 01:52:34.146  1714  2224 I MiuiNetworkPolicy: updateMLUid uid:10161,old:11,new:20
11-17 01:52:34.146  1714  2224 I MiuiNetworkPolicy: isMLEnabled state:11,uid:10161,connect:DISCONNECTED
11-17 01:52:34.146  1714  2224 I MiuiNetworkPolicy: isMLEnabled state:20,uid:10161,connect:DISCONNECTED
11-17 01:52:34.327  1714  2224 I MiuiNetworkPolicy: updateUidState uid = 10250, uidState = 11
11-17 01:52:34.327  1714  2224 I MiuiNetworkPolicy: updateMLUid uid:10250,old:20,new:11
11-17 01:52:34.327  1714  2224 I MiuiNetworkPolicy: isMLEnabled state:20,uid:10250,connect:DISCONNECTED
11-17 01:52:34.327  1714  2224 I MiuiNetworkPolicy: isMLEnabled state:11,uid:10250,connect:DISCONNECTED
11-17 01:52:34.709  2651  2651 D PhoneSwitcherNetworkRequstListener: got request NetworkRequest [ TRACK_DEFAULT id=926, [ Capabilities: INTERNET&NOT_RESTRICTED&TRUSTED Uid: 10161] ] with score 60 and serial -1
11-17 01:52:34.709  1714  2281 D Ethernet: got request NetworkRequest [ TRACK_DEFAULT id=926, [ Capabilities: INTERNET&NOT_RESTRICTED&TRUSTED Uid: 10161] ] with score 60 and serial -1
11-17 01:52:34.709  1714  2226 D WifiNetworkFactory: got request NetworkRequest [ TRACK_DEFAULT id=926, [ Capabilities: INTERNET&NOT_RESTRICTED&TRUSTED Uid: 10161] ] with score 60 and serial -1
11-17 01:52:34.709  1714  2226 D UntrustedWifiNetworkFactory: got request NetworkRequest [ TRACK_DEFAULT id=926, [ Capabilities: INTERNET&NOT_RESTRICTED&TRUSTED Uid: 10161] ] with score 60 and serial -1
11-17 01:52:34.833  1714  2224 I MiuiNetworkPolicy: updateUidState uid = 10250, uidState = 20
11-17 01:52:34.833  1714  2224 I MiuiNetworkPolicy: updateMLUid uid:10250,old:11,new:20
11-17 01:52:34.833  1714  2224 I MiuiNetworkPolicy: isMLEnabled state:11,uid:10250,connect:DISCONNECTED
11-17 01:52:34.833  1714  2224 I MiuiNetworkPolicy: isMLEnabled state:20,uid:10250,connect:DISCONNECTED
11-17 01:52:34.856  1714  2224 I MiuiNetworkPolicy: updateUidState uid = 10250, uidState = 11
11-17 01:52:34.856  1714  2224 I MiuiNetworkPolicy: updateMLUid uid:10250,old:20,new:11
11-17 01:52:34.856  1714  2224 I MiuiNetworkPolicy: isMLEnabled state:20,uid:10250,connect:DISCONNECTED
11-17 01:52:34.856  1714  2224 I MiuiNetworkPolicy: isMLEnabled state:11,uid:10250,connect:DISCONNECTED
11-17 01:52:34.881  1714  2224 I MiuiNetworkPolicy: updateUidState uid = 10250, uidState = 20
11-17 01:52:34.881  1714  2224 I MiuiNetworkPolicy: updateMLUid uid:10250,old:11,new:20
11-17 01:52:34.881  1714  2224 I MiuiNetworkPolicy: isMLEnabled state:11,uid:10250,connect:DISCONNECTED
11-17 01:52:34.881  1714  2224 I MiuiNetworkPolicy: isMLEnabled state:20,uid:10250,connect:DISCONNECTED
11-17 01:52:35.031  3129  9598 I NetworkScheduler: (REDACTED) Error inserting %s
11-17 01:52:35.266  1714  4482 W BroadcastQueueInjector: Unable to launch app com.alibaba.aliexpresshd/10227 for broadcast Intent { act=android.intent.action.PACKAGE_REMOVED dat=package:com.pedroocalado.motorbikeparking flg=0x4000010 (has extras) }: process is not permitted to  auto start
11-17 01:52:35.270  1714  1800 W BroadcastQueueInjector: Unable to launch app com.alibaba.aliexpresshd/10227 for broadcast Intent { act=android.intent.action.PACKAGE_REMOVED dat=package:com.pedroocalado.motorbikeparking flg=0x4000010 (has extras) }: process is not permitted to  auto start
11-17 01:52:35.271  1714  1800 W BroadcastQueue: Background execution not allowed: receiving Intent { act=android.intent.action.PACKAGE_REMOVED dat=package:com.pedroocalado.motorbikeparking flg=0x4000010 (has extras) } to com.google.android.apps.photos/com.google.android.libraries.social.peoplekit.thirdparty.viewcontrollers.ThirdPartyReceiver
11-17 01:52:35.272  1714  1800 W BroadcastQueueInjector: Unable to launch app com.google.android.videos/10219 for broadcast Intent { act=android.intent.action.PACKAGE_REMOVED dat=package:com.pedroocalado.motorbikeparking flg=0x4000010 (has extras) }: process is not permitted to  auto start
11-17 01:52:35.272  1714  1800 W BroadcastQueueInjector: Unable to launch app com.idealista.android/10238 for broadcast Intent { act=android.intent.action.PACKAGE_REMOVED dat=package:com.pedroocalado.motorbikeparking flg=0x4000010 (has extras) }: process is not permitted to  auto start
11-17 01:52:35.272  1714  1800 W BroadcastQueue: Background execution not allowed: receiving Intent { act=android.intent.action.PACKAGE_ADDED dat=package:com.pedroocalado.motorbikeparking flg=0x4000010 (has extras) } to com.lbe.security.miui/com.lbe.security.service.BootReceiver
11-17 01:52:35.273  1714  1800 W BroadcastQueue: Background execution not allowed: receiving Intent { act=android.intent.action.PACKAGE_ADDED dat=package:com.pedroocalado.motorbikeparking flg=0x4000010 (has extras) } to com.google.android.packageinstaller/com.android.packageinstaller.PackageInstalledReceiver
11-17 01:52:35.276  1714  3935 W BroadcastQueue: Background execution not allowed: receiving Intent { act=android.intent.action.PACKAGE_ADDED dat=package:com.pedroocalado.motorbikeparking flg=0x4000010 (has extras) } to com.android.vending/com.google.android.finsky.packagemonitor.impl.PackageMonitorReceiverImpl$RegisteredReceiver
11-17 01:52:35.278  1714  1800 W BroadcastQueue: Background execution not allowed: receiving Intent { act=android.intent.action.PACKAGE_ADDED dat=package:com.pedroocalado.motorbikeparking flg=0x4000010 (has extras) } to com.android.vending/com.google.android.finsky.packagemonitor.backgroundimpl.BackgroundPackageMonitorReceiverImpl$RegisteredReceiver
11-17 01:52:35.278  1714  1800 W BroadcastQueue: Background execution not allowed: receiving Intent { act=android.intent.action.PACKAGE_ADDED dat=package:com.pedroocalado.motorbikeparking flg=0x4000010 (has extras) } to com.facebook.appmanager/com.facebook.oxygen.common.packages.event.manifest.ManifestPackageEventReceiver
11-17 01:52:35.278  1714  1800 W BroadcastQueue: Background execution not allowed: receiving Intent { act=android.intent.action.PACKAGE_ADDED dat=package:com.pedroocalado.motorbikeparking flg=0x4000010 (has extras) } to com.google.android.gms/.chimera.GmsIntentOperationService$PersistentTrustedReceiver
11-17 01:52:35.278  1714  1800 W BroadcastQueue: Background execution not allowed: receiving Intent { act=android.intent.action.PACKAGE_ADDED dat=package:com.pedroocalado.motorbikeparking flg=0x4000010 (has extras) } to com.google.android.gms/.gass.chimera.PackageChangeBroadcastReceiver
11-17 01:52:35.278  1714  1800 W BroadcastQueue: Background execution not allowed: receiving Intent { act=android.intent.action.PACKAGE_ADDED dat=package:com.pedroocalado.motorbikeparking flg=0x4000010 (has extras) } to com.miui.audioeffect/com.android.musicfx.Compatibility$Receiver
11-17 01:52:35.278  1714  1800 W BroadcastQueue: Background execution not allowed: receiving Intent { act=android.intent.action.PACKAGE_ADDED dat=package:com.pedroocalado.motorbikeparking flg=0x4000010 (has extras) } to com.xiaomi.discover/com.xiaomi.market.data.MyPackageMonitor
11-17 01:52:35.278  1714  1800 W BroadcastQueue: Background execution not allowed: receiving Intent { act=android.intent.action.PACKAGE_ADDED dat=package:com.pedroocalado.motorbikeparking flg=0x4000010 (has extras) } to com.xiaomi.mipicks/com.xiaomi.market.data.MyPackageMonitor
11-17 01:52:35.282  1714  3935 W BroadcastQueue: Background execution not allowed: receiving Intent { act=android.intent.action.PACKAGE_ADDED dat=package:com.pedroocalado.motorbikeparking flg=0x4000010 (has extras) } to com.facebook.katana/com.facebook.feed.platformads.AppInstallReceiver
11-17 01:52:35.283  1714  1800 W BroadcastQueueInjector: Unable to launch app com.idealista.android/10238 for broadcast Intent { act=android.intent.action.PACKAGE_ADDED dat=package:com.pedroocalado.motorbikeparking flg=0x4000010 (has extras) }: process is not permitted to  auto start
11-17 01:52:35.347  1714  2224 I MiuiNetworkPolicy: updateUidState uid = 99018, uidState = 20
11-17 01:52:35.377  2320  2896 D NetworkController.MobileSignalController(2): 4G level = 1
11-17 01:52:35.404  1714  2224 I MiuiNetworkPolicy: updateUidState uid = 99018, uidState = 11
11-17 01:52:35.404  1714  2224 I MiuiNetworkPolicy: updateMLUid uid:99018,old:20,new:11
11-17 01:52:35.550  1714  2224 I MiuiNetworkPolicy: updateUidState uid = 99018, uidState = 20
11-17 01:52:35.550  1714  2224 I MiuiNetworkPolicy: updateMLUid uid:99018,old:11,new:20
11-17 01:52:35.639  2664  2664 D Launcher.Model: LauncherAppsCallback onPackageChanged|com.pedroocalado.motorbikeparking|UserHandle{0}
11-17 01:52:35.644  1714  2224 I MiuiNetworkPolicy: removeUidState uid = 10178
11-17 01:52:35.644  2664  2839 D Launcher.Model: Got broadcast:Intent { act=android.intent.action.PACKAGE_CHANGED dat=package:com.pedroocalado.motorbikeparking (has extras) }
11-17 01:52:35.668  2664  2839 D IconCustomizer: Generate customized icon for com.pedroocalado.motorbikeparking.png
11-17 01:52:35.674  2664  2839 I ThemeRuntimeManager: add pending job com.pedroocalado.motorbikeparking.png
11-17 01:52:35.674  2664 10086 I ThemeRuntimeManager: saving icon for com.pedroocalado.motorbikeparking.png
11-17 01:52:35.676  2664  2839 D Launcher.AllAppsList: updatePackage, packageName=com.pedroocalado.motorbikeparking, loadMissing=false, user=UserHandle{0}, matchedSize=1
11-17 01:52:35.676  2664  2839 D Launcher.AllAppsList: updatePackage, find appInfo=AppInfo, id=-1, itemType=0, user=UserHandle{0}, mIconType=0, pkgName=com.pedroocalado.motorbikeparking, className=com.pedroocalado.motorbikeparking.MainActivity, screenId=-1, container=-1, cellX=-1, cellY=-1, spanX=1, spanY=1, isLandscapePos=false from ComponentInfo{com.pedroocalado.motorbikeparking/com.pedroocalado.motorbikeparking.MainActivity}
11-17 01:52:35.677  2664  2839 D Launcher.Model: onReceiveBackground, mAllAppsList=add=[], remove=[], modified=[(0, AppInfo, id=-1, itemType=0, user=UserHandle{0}, mIconType=0, pkgName=com.pedroocalado.motorbikeparking, className=com.pedroocalado.motorbikeparking.MainActivity, screenId=-1, container=-1, cellX=-1, cellY=-1, spanX=1, spanY=1, isLandscapePos=false)]
11-17 01:52:35.772  1714  2224 I MiuiNetworkPolicy: updateUidState uid = 10192, uidState = 20
11-17 01:52:35.800  9637  9637 W chromium: [WARNING:android_webview/browser/network_service/net_helpers.cc:143] HTTP Cache size is: 20971520
11-17 01:52:35.837  1714  2224 I MiuiNetworkPolicy: updateUidState uid = 10192, uidState = 11
11-17 01:52:35.837  1714  2224 I MiuiNetworkPolicy: updateMLUid uid:10192,old:20,new:11
11-17 01:52:35.837  1714  2224 I MiuiNetworkPolicy: isMLEnabled state:20,uid:10192,connect:DISCONNECTED
11-17 01:52:35.837  1714  2224 I MiuiNetworkPolicy: isMLEnabled state:11,uid:10192,connect:DISCONNECTED
11-17 01:52:35.863  1714  2281 D Ethernet: got request NetworkRequest [ TRACK_DEFAULT id=927, [ Capabilities: INTERNET&NOT_RESTRICTED&TRUSTED Uid: 10161] ] with score 59 and serial -1
11-17 01:52:35.863  1714  2226 D WifiNetworkFactory: got request NetworkRequest [ TRACK_DEFAULT id=927, [ Capabilities: INTERNET&NOT_RESTRICTED&TRUSTED Uid: 10161] ] with score 59 and serial -1
11-17 01:52:35.863  1714  2226 D UntrustedWifiNetworkFactory: got request NetworkRequest [ TRACK_DEFAULT id=927, [ Capabilities: INTERNET&NOT_RESTRICTED&TRUSTED Uid: 10161] ] with score 59 and serial -1
11-17 01:52:35.863  2651  2651 D PhoneSwitcherNetworkRequstListener: got request NetworkRequest [ TRACK_DEFAULT id=927, [ Capabilities: INTERNET&NOT_RESTRICTED&TRUSTED Uid: 10161] ] with score 59 and serial -1
11-17 01:52:36.059  1714  2224 I MiuiNetworkPolicy: updateUidState uid = 10192, uidState = 20
11-17 01:52:36.059  1714  2224 I MiuiNetworkPolicy: updateMLUid uid:10192,old:11,new:20
11-17 01:52:36.059  1714  2224 I MiuiNetworkPolicy: isMLEnabled state:11,uid:10192,connect:DISCONNECTED
11-17 01:52:36.059  1714  2224 I MiuiNetworkPolicy: isMLEnabled state:20,uid:10192,connect:DISCONNECTED
11-17 01:52:36.117  1714  2224 I MiuiNetworkPolicy: updateUidState uid = 10192, uidState = 9
11-17 01:52:36.117  1714  2224 I MiuiNetworkPolicy: updateMLUid uid:10192,old:20,new:9
11-17 01:52:36.117  1714  2224 I MiuiNetworkPolicy: isMLEnabled state:20,uid:10192,connect:DISCONNECTED
11-17 01:52:36.117  1714  2224 I MiuiNetworkPolicy: isMLEnabled state:9,uid:10192,connect:DISCONNECTED
11-17 01:52:36.227  1714  4468 W BroadcastQueue: Background execution not allowed: receiving Intent { act=android.intent.action.PACKAGE_REPLACED dat=package:com.pedroocalado.motorbikeparking flg=0x4000010 (has extras) } to com.facebook.appmanager/com.facebook.oxygen.common.packages.event.manifest.ManifestPackageEventReceiver
11-17 01:52:36.232  1714  1800 W BroadcastQueue: Background execution not allowed: receiving Intent { act=android.intent.action.PACKAGE_REPLACED dat=package:com.pedroocalado.motorbikeparking flg=0x4000010 (has extras) } to com.google.android.gms/.chimera.GmsIntentOperationService$PersistentTrustedReceiver
11-17 01:52:36.233  1714  1800 W BroadcastQueue: Background execution not allowed: receiving Intent { act=android.intent.action.PACKAGE_REPLACED dat=package:com.pedroocalado.motorbikeparking flg=0x4000010 (has extras) } to com.google.android.gms/.gass.chimera.PackageChangeBroadcastReceiver
11-17 01:52:36.233  1714  1800 W BroadcastQueue: Background execution not allowed: receiving Intent { act=android.intent.action.PACKAGE_REPLACED dat=package:com.pedroocalado.motorbikeparking flg=0x4000010 (has extras) } to com.miui.audioeffect/com.android.musicfx.Compatibility$Receiver
11-17 01:52:36.233  1714  1800 W BroadcastQueue: Background execution not allowed: receiving Intent { act=android.intent.action.PACKAGE_REPLACED dat=package:com.pedroocalado.motorbikeparking flg=0x4000010 (has extras) } to com.miui.notes/com.miui.floatwindow.BootBroadcastReceiver
11-17 01:52:36.233  1714  1800 W BroadcastQueue: Background execution not allowed: receiving Intent { act=android.intent.action.PACKAGE_REPLACED dat=package:com.pedroocalado.motorbikeparking flg=0x4000010 (has extras) } to com.google.android.apps.photos/.account.full.FetchAccountPropertiesAppUpgradeBroadcastReceiver
11-17 01:52:36.234  1714  1800 W BroadcastQueue: Background execution not allowed: receiving Intent { act=android.intent.action.PACKAGE_REPLACED dat=package:com.pedroocalado.motorbikeparking flg=0x4000010 (has extras) } to com.google.android.apps.photos/.account.full.SyncAccountsForLoginBroadcastReceiver
11-17 01:52:36.234  1714  1800 W BroadcastQueue: Background execution not allowed: receiving Intent { act=android.intent.action.PACKAGE_REPLACED dat=package:com.pedroocalado.motorbikeparking flg=0x4000010 (has extras) } to com.google.android.apps.photos/.notificationchannels.AppUpdateBroadcastReceiver
11-17 01:52:36.234  1714  1800 W BroadcastQueueInjector: Unable to launch app com.idealista.android/10238 for broadcast Intent { act=android.intent.action.PACKAGE_REPLACED dat=package:com.pedroocalado.motorbikeparking flg=0x4000010 (has extras) }: process is not permitted to  auto start
11-17 01:52:36.320 10174 10220 D NetworkSecurityConfig: No Network Security Config specified, using platform default
11-17 01:52:36.331  1714  2224 I MiuiNetworkPolicy: removeUidState uid = 10083
11-17 01:52:36.519 10045 10244 D HttpFlagsLoader: Not loading HTTP flags because they are disabled in the manifest
11-17 01:52:36.527  1714  2281 D Ethernet: got request NetworkRequest [ TRACK_DEFAULT id=929, [ Capabilities: INTERNET&NOT_RESTRICTED&TRUSTED Uid: 10175] ] with score 59 and serial -1
11-17 01:52:36.528  1714  2226 D WifiNetworkFactory: got request NetworkRequest [ TRACK_DEFAULT id=929, [ Capabilities: INTERNET&NOT_RESTRICTED&TRUSTED Uid: 10175] ] with score 59 and serial -1
11-17 01:52:36.528  1714  2226 D UntrustedWifiNetworkFactory: got request NetworkRequest [ TRACK_DEFAULT id=929, [ Capabilities: INTERNET&NOT_RESTRICTED&TRUSTED Uid: 10175] ] with score 59 and serial -1
11-17 01:52:36.528  2651  2651 D PhoneSwitcherNetworkRequstListener: got request NetworkRequest [ TRACK_DEFAULT id=929, [ Capabilities: INTERNET&NOT_RESTRICTED&TRUSTED Uid: 10175] ] with score 59 and serial -1
11-17 01:52:36.532  1714  2226 D WifiNetworkFactory: got request NetworkRequest [ TRACK_DEFAULT id=930, [ Capabilities: INTERNET&NOT_RESTRICTED&TRUSTED Uid: 10175] ] with score 59 and serial -1
11-17 01:52:36.532  1714  2226 D UntrustedWifiNetworkFactory: got request NetworkRequest [ TRACK_DEFAULT id=930, [ Capabilities: INTERNET&NOT_RESTRICTED&TRUSTED Uid: 10175] ] with score 59 and serial -1
11-17 01:52:36.532  1714  2281 D Ethernet: got request NetworkRequest [ TRACK_DEFAULT id=930, [ Capabilities: INTERNET&NOT_RESTRICTED&TRUSTED Uid: 10175] ] with score 59 and serial -1
11-17 01:52:36.532  2651  2651 D PhoneSwitcherNetworkRequstListener: got request NetworkRequest [ TRACK_DEFAULT id=930, [ Capabilities: INTERNET&NOT_RESTRICTED&TRUSTED Uid: 10175] ] with score 59 and serial -1
11-17 01:52:36.723 10045 10165 D NetworkSecurityConfig: No Network Security Config specified, using platform default
11-17 01:52:36.876  1714  2224 I MiuiNetworkPolicy: updateUidState uid = 10192, uidState = 11
11-17 01:52:36.876  1714  2224 I MiuiNetworkPolicy: updateMLUid uid:10192,old:9,new:11
11-17 01:52:36.876  1714  2224 I MiuiNetworkPolicy: isMLEnabled state:9,uid:10192,connect:DISCONNECTED
11-17 01:52:36.876  1714  2224 I MiuiNetworkPolicy: isMLEnabled state:11,uid:10192,connect:DISCONNECTED
11-17 01:52:36.907  1714  2224 I MiuiNetworkPolicy: updateUidState uid = 10192, uidState = 20
11-17 01:52:36.907  1714  2224 I MiuiNetworkPolicy: updateMLUid uid:10192,old:11,new:20
11-17 01:52:36.907  1714  2224 I MiuiNetworkPolicy: isMLEnabled state:11,uid:10192,connect:DISCONNECTED
11-17 01:52:36.907  1714  2224 I MiuiNetworkPolicy: isMLEnabled state:20,uid:10192,connect:DISCONNECTED
11-17 01:52:37.155  1714  2224 I MiuiNetworkPolicy: removeUidState uid = 10215
11-17 01:52:38.978  2664  2664 D Launcher.CellLayout: touch item:ShortcutInfo, id=190, itemType=0, user=UserHandle{0}, mIconType=0, pkgName=com.pedroocalado.motorbikeparking, className=com.pedroocalado.motorbikeparking.MainActivity, screenId=1, container=-100, cellX=1, cellY=5, spanX=1, spanY=1, isLandscapePos=false
11-17 01:52:39.067  1714  4482 I ActivityTaskManager: START u0 {act=android.intent.action.MAIN cat=[android.intent.category.LAUNCHER] flg=0x10200000 cmp=com.pedroocalado.motorbikeparking/.MainActivity bnds=[335,1607][503,1775] (has extras)} from uid 10093
11-17 01:52:39.103  1714  2224 I MiuiNetworkPolicy: updateUidState uid = 10323, uidState = 20
11-17 01:52:39.103  1714  2224 I MiuiNetworkPolicy: updateMLUid uid:10323,old:21,new:20
11-17 01:52:39.103  1714  2224 I MiuiNetworkPolicy: isMLEnabled state:21,uid:10323,connect:DISCONNECTED
11-17 01:52:39.103  1714  2224 I MiuiNetworkPolicy: isMLEnabled state:20,uid:10323,connect:DISCONNECTED
11-17 01:52:39.140   675  1314 D OemNetd : setPidForPackage: packageName=com.pedroocalado.motorbikeparking, pid=10296, pid=10323
11-17 01:52:39.140  1714  1801 I ActivityManager: Start proc 10296:com.pedroocalado.motorbikeparking/u0a323 for activity {com.pedroocalado.motorbikeparking/com.pedroocalado.motorbikeparking.MainActivity} caller=com.miui.home
11-17 01:52:39.186  3813 11936 I ProcessMonitor: onForegroundInfoChanged: ForegroundInfo{mForegroundPackageName='com.pedroocalado.motorbikeparking', mForegroundUid=10323, mForegroundPid=10296, mLastForegroundPackageName='com.miui.home', mLastForegroundUid=10093, mLastForegroundPid=2664, mMultiWindowForegroundPackageName='null', mMultiWindowForegroundUid=-1, mFlags=1}
11-17 01:52:39.186 12377 12393 I GST     : forePkg: com.pedroocalado.motorbikeparking, preForePkg: com.miui.home
11-17 01:52:39.186  3813 11936 I GameBoosterService: onForegroundInfoChanged: Cur=com.pedroocalado.motorbikeparking	 last=com.miui.home
11-17 01:52:39.198  3813 11936 D GameBoosterService: onGameStatusChange foreground:ForegroundInfo{mForegroundPackageName='com.pedroocalado.motorbikeparking', mForegroundUid=10323, mForegroundPid=10296, mLastForegroundPackageName='com.miui.home', mLastForegroundUid=10093, mLastForegroundPid=2664, mMultiWindowForegroundPackageName='null', mMultiWindowForegroundUid=-1, mFlags=1}
11-17 01:52:39.203  1714  2224 I MiuiNetworkPolicy: updateUidState uid = 10323, uidState = 2
11-17 01:52:39.203  1714  2224 I MiuiNetworkPolicy: updateWmmForUidState uid: 10323 state: 2 wmm: 1
11-17 01:52:39.210  1714  2224 I MiuiNetworkPolicy: updateMLUid uid:10323,old:20,new:2
11-17 01:52:39.211  1714  2224 I MiuiNetworkPolicy: isMLEnabled state:20,uid:10323,connect:DISCONNECTED
11-17 01:52:39.211  1714  2224 I MiuiNetworkPolicy: isMLEnabled state:2,uid:10323,connect:DISCONNECTED
11-17 01:52:39.598 10296 10320 E Perf    : Fail to get file list com.pedroocalado.motorbikeparking
11-17 01:52:39.598 10296 10320 E Perf    : Fail to get file list com.pedroocalado.motorbikeparking
11-17 01:52:39.915 10296 10325 I ResourceExtractor: Extracted baseline resource assets/flutter_assets/kernel_blob.bin
11-17 01:52:39.916 10296 10325 I ResourceExtractor: Extracted baseline resource assets/flutter_assets/vm_snapshot_data
11-17 01:52:39.971 10296 10325 I ResourceExtractor: Extracted baseline resource assets/flutter_assets/isolate_snapshot_data
11-17 01:52:40.071 10296 10296 D ForceDarkHelper: updateByCheckExcludeList: pkg: com.pedroocalado.motorbikeparking activity: com.pedroocalado.motorbikeparking.MainActivity@281ba9e
11-17 01:52:40.078 10296 10296 I chatty  : uid=10323(com.pedroocalado.motorbikeparking) identical 1 line
11-17 01:52:40.079 10296 10296 D ForceDarkHelper: updateByCheckExcludeList: pkg: com.pedroocalado.motorbikeparking activity: com.pedroocalado.motorbikeparking.MainActivity@281ba9e
11-17 01:52:40.115 10296 10296 D ForceDarkHelper: updateByCheckExcludeList: pkg: com.pedroocalado.motorbikeparking activity: com.pedroocalado.motorbikeparking.MainActivity@281ba9e
11-17 01:52:40.134 10296 10296 W Looper  : Slow Looper main: Activity com.pedroocalado.motorbikeparking/.MainActivity is 313ms late (wall=536ms running=152ms ClientTransaction{ callbacks=[android.app.servertransaction.LaunchActivityItem] lifecycleRequest=android.app.servertransaction.ResumeActivityItem }) because of 1 msg, msg 1 took 398ms (seq=2 running=362ms runnable=10ms io=3ms late=1ms h=android.app.ActivityThread$H w=110)
11-17 01:52:40.117 10296 10296 I chatty  : uid=10323(com.pedroocalado.motorbikeparking) identical 1 line
11-17 01:52:40.117 10296 10296 D ForceDarkHelper: updateByCheckExcludeList: pkg: com.pedroocalado.motorbikeparking activity: com.pedroocalado.motorbikeparking.MainActivity@281ba9e
11-17 01:52:40.134  2664  2664 D RecentsImpl: mActivityStateObserver com.pedroocalado.motorbikeparking.MainActivity
11-17 01:52:40.134  2664  2664 W RecentsImpl: onResumed className=com.pedroocalado.motorbikeparking.MainActivity   mIsInAnotherPro=false
11-17 01:52:40.134 10296 10296 W Looper  : Slow Looper main: Activity com.pedroocalado.motorbikeparking/.MainActivity is 849ms late (wall=0ms running=0ms ClientTransaction{ callbacks=[android.app.servertransaction.TopResumedActivityChangeItem] }) because of 2 msg, msg 1 took 398ms (seq=2 running=362ms runnable=10ms io=3ms late=1ms h=android.app.ActivityThread$H w=110), msg 2 took 536ms (seq=3 running=152ms runnable=9ms io=8ms late=313ms h=android.app.ActivityThread$H w=159)
11-17 01:52:40.176 10296 10337 I flutter : The Dart VM service is listening on http://127.0.0.1:37239/xmIlzzupUyc=/
11-17 01:52:40.238  3728  3728 I GoogleInputMethodService: GoogleInputMethodService.onStartInput():1347 onStartInput(EditorInfo{EditorInfo{packageName=com.pedroocalado.motorbikeparking, inputType=0, inputTypeString=NULL, enableLearning=false, autoCorrection=false, autoComplete=false, imeOptions=0, privateImeOptions=null, actionName=UNSPECIFIED, actionLabel=null, initialSelStart=-1, initialSelEnd=-1, initialCapsMode=0, label=null, fieldId=-1, fieldName=null, extras=null, hintText=null, hintLocales=[]}}, false)
11-17 01:52:41.241 10296 10327 I flutter : === API SERVICE INITIALIZATION ===
11-17 01:52:41.241 10296 10327 I flutter : Base URL: http://192.168.1.67:3000
11-17 01:52:41.241 10296 10327 I flutter : Environment: EnvironmentType.production
11-17 01:52:41.243 10296 10327 I flutter : Timeout: 30000ms
11-17 01:52:41.243 10296 10327 I flutter : ==================================
11-17 01:52:41.703  1714  1799 I ActivityTaskManager: Fully drawn com.pedroocalado.motorbikeparking/.MainActivity: +2s635ms
11-17 01:52:41.723  1714  1780 I Timeline: Timeline: Activity_windows_visible id: ActivityRecord{3bd8532 u0 com.pedroocalado.motorbikeparking/.MainActivity t20353} time:19153247
11-17 01:52:41.725  1714  1799 I ActivityTaskManager: Displayed com.pedroocalado.motorbikeparking/.MainActivity: +2s656ms
11-17 01:52:41.735  1714  2224 I MiuiNetworkPolicy: updateUidState uid = 10093, uidState = 6
11-17 01:52:41.735  1714  2224 I MiuiNetworkPolicy: updateWmmForUidState uid: 10093 state: 6 wmm: 0
11-17 01:52:41.736  1714  2224 I MiuiNetworkPolicy: updateMLUid uid:10093,old:2,new:6
11-17 01:52:41.736  1714  2224 I MiuiNetworkPolicy: isMLEnabled state:2,uid:10093,connect:DISCONNECTED
11-17 01:52:41.736  1714  2224 I MiuiNetworkPolicy: isMLEnabled state:6,uid:10093,connect:DISCONNECTED
11-17 01:52:43.781  1714  2224 I MiuiNetworkPolicy: updateUidState uid = 99004, uidState = 7
11-17 01:52:43.781  1714  2224 I MiuiNetworkPolicy: updateMLUid uid:99004,old:5,new:7
11-17 01:52:43.781  1714  2224 I MiuiNetworkPolicy: updateUidState uid = 10175, uidState = 7
11-17 01:52:43.781  1714  2224 I MiuiNetworkPolicy: updateMLUid uid:10175,old:5,new:7
11-17 01:52:43.781  1714  2224 I MiuiNetworkPolicy: isMLEnabled state:5,uid:10175,connect:DISCONNECTED
11-17 01:52:43.781  1714  2224 I MiuiNetworkPolicy: isMLEnabled state:7,uid:10175,connect:DISCONNECTED
11-17 01:52:43.794  3129  9598 I NetworkScheduler.Stats: (REDACTED) Task %s/%s started execution. cause:%s exec_start_elapsed_seconds: %s
11-17 01:52:43.795  3129  9598 I NetworkScheduler.Stats: (REDACTED) Task %s/%s started execution. cause:%s exec_start_elapsed_seconds: %s
11-17 01:52:43.871  3129  9246 I NetworkScheduler.Stats: (REDACTED) Task %s/%s finished executing. cause:%s result: %s elapsed_millis: %s uptime_millis: %s exec_start_elapsed_seconds: %s
11-17 01:52:43.883  1714  2224 I MiuiNetworkPolicy: updateUidState uid = 99004, uidState = 7
11-17 01:52:43.883  1714  2224 I MiuiNetworkPolicy: updateUidState uid = 10175, uidState = 7
11-17 01:52:43.884  3129  9246 I NetworkScheduler.Stats: (REDACTED) Task %s/%s finished executing. cause:%s result: %s elapsed_millis: %s uptime_millis: %s exec_start_elapsed_seconds: %s
11-17 01:52:43.890  1714  2224 I MiuiNetworkPolicy: updateUidState uid = 99004, uidState = 5
11-17 01:52:43.890  1714  2224 I MiuiNetworkPolicy: updateMLUid uid:99004,old:7,new:5
11-17 01:52:43.890  1714  2224 I MiuiNetworkPolicy: updateUidState uid = 10175, uidState = 5
11-17 01:52:43.890  1714  2224 I MiuiNetworkPolicy: updateMLUid uid:10175,old:7,new:5
11-17 01:52:43.890  1714  2224 I MiuiNetworkPolicy: isMLEnabled state:7,uid:10175,connect:DISCONNECTED
11-17 01:52:43.890  1714  2224 I MiuiNetworkPolicy: isMLEnabled state:5,uid:10175,connect:DISCONNECTED
11-17 01:52:43.917  1714  2224 I MiuiNetworkPolicy: updateUidState uid = 99004, uidState = 7
11-17 01:52:43.917  1714  2224 I MiuiNetworkPolicy: updateMLUid uid:99004,old:5,new:7
11-17 01:52:43.917  1714  2224 I MiuiNetworkPolicy: updateUidState uid = 10175, uidState = 7
11-17 01:52:43.917  1714  2224 I MiuiNetworkPolicy: updateMLUid uid:10175,old:5,new:7
11-17 01:52:43.917  1714  2224 I MiuiNetworkPolicy: isMLEnabled state:5,uid:10175,connect:DISCONNECTED
11-17 01:52:43.917  1714  2224 I MiuiNetworkPolicy: isMLEnabled state:7,uid:10175,connect:DISCONNECTED
11-17 01:52:43.926  3526 10372 I SignInPerformer-4: Successfully brokered first-party unauthenticated GamesService [CONTEXT service_id=1 ]
11-17 01:52:43.928  1714  2224 I MiuiNetworkPolicy: updateUidState uid = 99004, uidState = 5
11-17 01:52:43.928  1714  2224 I MiuiNetworkPolicy: updateMLUid uid:99004,old:7,new:5
11-17 01:52:43.928  1714  2224 I MiuiNetworkPolicy: updateUidState uid = 10175, uidState = 5
11-17 01:52:43.928  1714  2224 I MiuiNetworkPolicy: updateMLUid uid:10175,old:7,new:5
11-17 01:52:43.928  1714  2224 I MiuiNetworkPolicy: isMLEnabled state:7,uid:10175,connect:DISCONNECTED
11-17 01:52:43.928  1714  2224 I MiuiNetworkPolicy: isMLEnabled state:5,uid:10175,connect:DISCONNECTED
11-17 01:52:43.933  3129  9246 I NetworkScheduler.Stats: (REDACTED) Task %s/%s started execution. cause:%s exec_start_elapsed_seconds: %s
11-17 01:52:43.939  3129  9246 I NetworkScheduler.Stats: (REDACTED) Task %s/%s finished executing. cause:%s result: %s elapsed_millis: %s uptime_millis: %s exec_start_elapsed_seconds: %s
11-17 01:52:43.946  1714  2224 I MiuiNetworkPolicy: updateUidState uid = 99004, uidState = 7
11-17 01:52:43.946  1714  2224 I MiuiNetworkPolicy: updateMLUid uid:99004,old:5,new:7
11-17 01:52:43.946  1714  2224 I MiuiNetworkPolicy: updateUidState uid = 10175, uidState = 7
11-17 01:52:43.946  1714  2224 I MiuiNetworkPolicy: updateMLUid uid:10175,old:5,new:7
11-17 01:52:43.946  1714  2224 I MiuiNetworkPolicy: isMLEnabled state:5,uid:10175,connect:DISCONNECTED
11-17 01:52:43.946  1714  2224 I MiuiNetworkPolicy: isMLEnabled state:7,uid:10175,connect:DISCONNECTED
11-17 01:52:43.955  1714  2224 I MiuiNetworkPolicy: updateUidState uid = 99004, uidState = 5
11-17 01:52:43.955  1714  2224 I MiuiNetworkPolicy: updateMLUid uid:99004,old:7,new:5
11-17 01:52:43.955  1714  2224 I MiuiNetworkPolicy: updateUidState uid = 10175, uidState = 5
11-17 01:52:43.955  1714  2224 I MiuiNetworkPolicy: updateMLUid uid:10175,old:7,new:5
11-17 01:52:43.955  1714  2224 I MiuiNetworkPolicy: isMLEnabled state:7,uid:10175,connect:DISCONNECTED
11-17 01:52:43.955  1714  2224 I MiuiNetworkPolicy: isMLEnabled state:5,uid:10175,connect:DISCONNECTED
11-17 01:52:45.161  1714  2224 I MiuiNetworkPolicy: updateUidState uid = 99004, uidState = 5
11-17 01:52:45.162  1714  2224 I MiuiNetworkPolicy: updateUidState uid = 10175, uidState = 5
11-17 01:52:45.315  2320  2896 D NetworkController.MobileSignalController(2): 4G level = 2
11-17 01:52:45.604 10296 10375 D ProfileInstaller: Installing profile for com.pedroocalado.motorbikeparking
11-17 01:52:46.014  1714  2224 I MiuiNetworkPolicy: updateUidState uid = 99004, uidState = 7
11-17 01:52:46.014  1714  2224 I MiuiNetworkPolicy: updateMLUid uid:99004,old:5,new:7
11-17 01:52:46.014  1714  2224 I MiuiNetworkPolicy: updateUidState uid = 10175, uidState = 7
11-17 01:52:46.014  1714  2224 I MiuiNetworkPolicy: updateMLUid uid:10175,old:5,new:7
