11-17 02:00:50.233  1714  2224 I MiuiNetworkPolicy: isMLEnabled state:16,uid:10218,connect:DISCONNECTED
11-17 02:00:50.234  1714  2224 I MiuiNetworkPolicy: isMLEnabled state:12,uid:10218,connect:DISCONNECTED
11-17 02:00:50.245  1714  2224 I MiuiNetworkPolicy: updateUidState uid = 99018, uidState = 12
11-17 02:00:50.245  1714  2224 I MiuiNetworkPolicy: updateMLUid uid:99018,old:20,new:12
11-17 02:00:50.245  1714  2224 I MiuiNetworkPolicy: updateUidState uid = 10218, uidState = 16
11-17 02:00:50.245  1714  2224 I MiuiNetworkPolicy: updateMLUid uid:10218,old:12,new:16
11-17 02:00:50.245  1714  2224 I MiuiNetworkPolicy: isMLEnabled state:12,uid:10218,connect:DISCONNECTED
11-17 02:00:50.245  1714  2224 I MiuiNetworkPolicy: isMLEnabled state:16,uid:10218,connect:DISCONNECTED
11-17 02:00:50.245  1714  2224 I MiuiNetworkPolicy: updateUidState uid = 10161, uidState = 12
11-17 02:00:50.245  1714  2224 I MiuiNetworkPolicy: updateMLUid uid:10161,old:20,new:12
11-17 02:00:50.245  1714  2224 I MiuiNetworkPolicy: isMLEnabled state:20,uid:10161,connect:DISCONNECTED
11-17 02:00:50.245  1714  2224 I MiuiNetworkPolicy: isMLEnabled state:12,uid:10161,connect:DISCONNECTED
11-17 02:00:50.250  1714  2224 I MiuiNetworkPolicy: updateUidState uid = 99018, uidState = 20
11-17 02:00:50.250  1714  2224 I MiuiNetworkPolicy: updateMLUid uid:99018,old:12,new:20
11-17 02:00:50.250  1714  2224 I MiuiNetworkPolicy: updateUidState uid = 10262, uidState = 12
11-17 02:00:50.250  1714  2224 I MiuiNetworkPolicy: updateMLUid uid:10262,old:20,new:12
11-17 02:00:50.250  1714  2224 I MiuiNetworkPolicy: isMLEnabled state:20,uid:10262,connect:DISCONNECTED
11-17 02:00:50.250  1714  2224 I MiuiNetworkPolicy: isMLEnabled state:12,uid:10262,connect:DISCONNECTED
11-17 02:00:50.250  1714  2224 I MiuiNetworkPolicy: updateUidState uid = 10161, uidState = 20
11-17 02:00:50.250  1714  2224 I MiuiNetworkPolicy: updateMLUid uid:10161,old:12,new:20
11-17 02:00:50.250  1714  2224 I MiuiNetworkPolicy: isMLEnabled state:12,uid:10161,connect:DISCONNECTED
11-17 02:00:50.250  1714  2224 I MiuiNetworkPolicy: isMLEnabled state:20,uid:10161,connect:DISCONNECTED
11-17 02:00:50.255  1714  2224 I MiuiNetworkPolicy: updateUidState uid = 10262, uidState = 20
11-17 02:00:50.255  1714  2224 I MiuiNetworkPolicy: updateMLUid uid:10262,old:12,new:20
11-17 02:00:50.255  1714  2224 I MiuiNetworkPolicy: isMLEnabled state:12,uid:10262,connect:DISCONNECTED
11-17 02:00:50.255  1714  2224 I MiuiNetworkPolicy: isMLEnabled state:20,uid:10262,connect:DISCONNECTED
11-17 02:00:51.594  2320  2896 D NetworkController.MobileSignalController(2): 4G level = 4
11-17 02:00:57.214  3129  3129 D BoundBrokerSvc: onUnbind: Intent { act=com.google.android.gms.auth.aang.events.services.START dat=chimera-action: cmp=com.google.android.gms/.chimera.PersistentApiService }
11-17 02:01:00.117  2320  2896 D NetworkController.MobileSignalController(2): 4G level = 3
11-17 02:01:03.772  1412  1613 W DGW     : W[closeNetworkConnection:61] DGW Closing MNS connection based on throttling rate 5000ms
11-17 02:01:03.772  1412  1613 I DGW     : I[notifyStreamGroupError:1787] StreamGroupTransport[notifgateway] notify StreamGroup error: StreamGroupNetworkRequest failed - ping timeout error
11-17 02:01:03.776  1412  1614 I DGW     : I[notifyStreamGroupError:1787] StreamGroupTransport[notifgateway] notify StreamGroup error: Error Domain=MNSHTTPClient Code=3 UserInfo=0x762b39fc00 {MCFErrorDirectLocalizedFailureReasonKey=Host session was closed, num pending transactions: 0}
11-17 02:01:05.319  1412  1471 I DGW     : I[sendRequest:90] StreamGroupConnectivityAwareNetworkLayer[notifgateway] processing request with connection state: 1
11-17 02:01:05.320  1412  1471 I DGW     : I[sendRequest:98] StreamGroupMNSNetworkLayer[notifgateway] DGW Connecting to https://z-m-gateway.facebook.com/notifgateway
11-17 02:01:07.110  1714  2224 I MiuiNetworkPolicy: wasConnected = true mWifiConnected = false mNetworkPriorityMode =0
11-17 02:01:07.110  1714  2224 I MiuiNetworkPolicy: enable ps, mPS = true, enable = true
11-17 02:01:07.111  2651  2651 D HingeNetworkManager: NETWORK_STATE_CHANGED_ACTION: mIsWifiConnected=false
11-17 02:01:07.119  1714  2224 I MiuiNetworkPolicy: wasConnected = false mWifiConnected = false mNetworkPriorityMode =255
11-17 02:01:07.120  2651  2651 D HingeNetworkManager: NETWORK_STATE_CHANGED_ACTION: mIsWifiConnected=false
11-17 02:01:07.125  1714  1776 I GnssNetworkConnectivityHandler: Network connection lost. Available networks count: 0
11-17 02:01:07.125  1714  1776 I GnssNetworkConnectivityHandler: updateNetworkState, state=CLOSED, connected=false, network=126, capabilities=[ Transports: WIFI Capabilities: NOT_METERED&INTERNET&NOT_RESTRICTED&TRUSTED&NOT_VPN&VALIDATED&NOT_ROAMING&FOREGROUND&NOT_CONGESTED&NOT_SUSPENDED LinkUpBandwidth>=1048576Kbps LinkDnBandwidth>=1048576Kbps SignalStrength: -30 SSID: "CCF Headquarters"], apn: null, availableNetworkCount: 0
11-17 02:01:07.130  1714  2226 D WifiNetworkAgent: NetworkAgent: NetworkAgent channel lost
11-17 02:01:07.132  2299  3241 D HeadsetStateMachine: The current Network:126 is lost, mIsAvailable: false
11-17 02:01:07.132  2299  3241 D HeadsetStateMachine: The current Network:126 is lost, mIsAvailable: false
11-17 02:01:07.152  1714  1776 D NetworkManagement: wlan0 <====> 1
11-17 02:01:07.152  1714  1776 I MiuiNetworkPolicy: label wlan0, uid -1, active false, tsNanos 35857075615029
11-17 02:01:07.162  3728 11472 I DeviceStatusMonitor: DeviceStatusMonitor.getCurrentNetworkState():212 getCurrentNetworkState(): no networks
11-17 02:01:07.162  3728 11472 I DeviceStatusMonitor: DeviceStatusMonitor.notifyIfNetworkChanged():196 notifyIfNetworkChanged: newState = NO_CONNECTION, airplaneModeOn = false, notifyAnyway = false
11-17 02:01:07.163  3728 11472 I NetworkInfoNotification: NetworkInfoNotification$Listener.onReceive():112 onNetworkLost: networkState = NO_CONNECTION, isAirplaneModeOn = false
11-17 02:01:07.163  3728  3728 I NetworkInfoNotification: NetworkInfoNotification$Listener.onReceive():112 onNetworkLost: networkState = NO_CONNECTION, isAirplaneModeOn = false
11-17 02:01:07.168   675  2369 D OemNetd : setCurrentNetworkState: state=0
11-17 02:01:07.172   675  2373 I netd    : destroyNetworkCache(126) <0.10ms>
11-17 02:01:07.172  8278  8278 I Ja      : handleNetworkConnectivityChanged: 
11-17 02:01:07.173  3728 11480 I NetworkInfoNotification: NetworkInfoNotification$Listener.onReceive():112 onNetworkLost: networkState = NO_CONNECTION, isAirplaneModeOn = false
11-17 02:01:07.176  1714  1846 W NetworkStatsFactorySysApp: stats=NetworkStatsSysApp: elapsedRealtime=35857099
11-17 02:01:07.176  1714  1846 W NetworkStatsFactorySysApp:   [0] iface=wlan0 nameOrHashs=com.miui.daemon rxBytes=240 rxPackets=2 txBytes=1800 txPackets=59  [1] iface=wlan0 nameOrHashs=curitycenter:ui rxBytes=18845 rxPackets=41 txBytes=6467 txPackets=44  [2] iface=wlan0 nameOrHashs=iui.cleanmaster rxBytes=8409 rxPackets=13 txBytes=3609 txPackets=19  [3] iface=wlan0 nameOrHashs=m.xiaomi.joyose rxBytes=6127 rxPackets=15 txBytes=1710 txPackets=15  [4] iface=wlan0 nameOrHashs=ndroid.settings rxBytes=44171 rxPackets=103 txBytes=13984 txPackets=118  [5] iface=wlan0 nameOrHashs=settings:remote rxBytes=23951 rxPackets=57 txBytes=24135 txPackets=67  [6] iface=wlan0 nameOrHashs=system_server rxBytes=856 rxPackets=13 txBytes=980 txPackets=15  [7] iface=wlan0 nameOrHashs=tycenter.remote rxBytes=5728 rxPackets=13 txBytes=1641 txPackets=12
11-17 02:01:07.181  3129  3632 I NearbyPresence: (REDACTED) NetworkMonitorImpl onLost %s
11-17 02:01:07.184  2320  2896 D NetworkController.MobileSignalController(2): 4G level = 3
11-17 02:01:07.234  3129 11408 I SQLiteCastStore: [CastNetworkInfo] saved: 0, skipped: 0, [CastDeviceInfo]: saved 0, skipped 0, [ProbedNetworks]: saved 0, skipped: 0, [ProbedSocketAddress]: saved 0, skipped: 0, [Network-Device pairs]: saved: 0
11-17 02:01:07.684  3129 10947 I NearbySharing: Network state changed: NetworkState(isRestricted=false, isOnline=false, isCongested=false, isMetered=false, isWifiConnected=false)
11-17 02:01:07.769  1714  2226 D SupplicantStaIfaceHal: connectToNetwork "CCF Headquarters"-WPA_PSK isAscii=true
11-17 02:01:07.769  1714  2226 D SupplicantStaIfaceHal: Network is already saved, will not trigger remove and add operation.
11-17 02:01:07.776  1714  2224 I MiuiNetworkPolicy: wasConnected = false mWifiConnected = false mNetworkPriorityMode =255
11-17 02:01:07.783  2651  2651 D HingeNetworkManager: NETWORK_STATE_CHANGED_ACTION: mIsWifiConnected=false
11-17 02:01:07.943  1714  2224 I MiuiNetworkPolicy: wasConnected = false mWifiConnected = false mNetworkPriorityMode =255
11-17 02:01:07.946  2651  2651 D HingeNetworkManager: NETWORK_STATE_CHANGED_ACTION: mIsWifiConnected=false
11-17 02:01:07.974  1714  2224 I MiuiNetworkPolicy: wasConnected = false mWifiConnected = false mNetworkPriorityMode =255
11-17 02:01:07.975  2651  2651 D HingeNetworkManager: NETWORK_STATE_CHANGED_ACTION: mIsWifiConnected=false
11-17 02:01:07.986  2651  2651 D HingeNetworkManager: NETWORK_STATE_CHANGED_ACTION: mIsWifiConnected=false
11-17 02:01:07.986  1714  2224 I MiuiNetworkPolicy: wasConnected = false mWifiConnected = false mNetworkPriorityMode =255
11-17 02:01:08.003  1714  2224 I MiuiNetworkPolicy: wasConnected = false mWifiConnected = false mNetworkPriorityMode =255
11-17 02:01:08.006  2651  2651 D HingeNetworkManager: NETWORK_STATE_CHANGED_ACTION: mIsWifiConnected=false
11-17 02:01:08.008   675  2369 D OemNetd : setCurrentNetworkState: state=1
11-17 02:01:08.442  1714  2224 I MiuiNetworkPolicy: wasConnected = false mWifiConnected = false mNetworkPriorityMode =255
11-17 02:01:08.443  2651  2651 D HingeNetworkManager: NETWORK_STATE_CHANGED_ACTION: mIsWifiConnected=false
11-17 02:01:08.452   675  2373 D OemNetd : setCurrentNetworkState: state=1
11-17 02:01:08.453  1714  2224 I MiuiNetworkPolicy: wasConnected = false mWifiConnected = true mNetworkPriorityMode =255
11-17 02:01:08.453  1714  2224 I MiuiNetworkPolicy: enable ps, mPS = true, enable = true
11-17 02:01:08.454  2651  2651 D HingeNetworkManager: NETWORK_STATE_CHANGED_ACTION: mIsWifiConnected=true
11-17 02:01:08.455  1714  2224 I MiuiNetworkPolicy: updateRuleGlobal uid = 1000, state = 0
11-17 02:01:08.455  1714  2224 I MiuiNetworkPolicy: updateRuleGlobal uid = 1001, state = 0
11-17 02:01:08.455  1714  2224 I MiuiNetworkPolicy: updateRuleGlobal uid = 1027, state = 0
11-17 02:01:08.455  1714  2224 I MiuiNetworkPolicy: updateRuleGlobal uid = 1068, state = 0
11-17 02:01:08.455  1714  2224 I MiuiNetworkPolicy: updateRuleGlobal uid = 9801, state = 16
11-17 02:01:08.455  1714  2224 I MiuiNetworkPolicy: updateRuleGlobal uid = 9802, state = 11
11-17 02:01:08.455  1714  2224 I MiuiNetworkPolicy: updateRuleGlobal uid = 9810, state = 0
11-17 02:01:08.455  1714  2224 I MiuiNetworkPolicy: updateRuleGlobal uid = 10057, state = 0
11-17 02:01:08.456  1714  2224 I MiuiNetworkPolicy: updateWmmForUidState uid: 10057 state: 0 wmm: 1
11-17 02:01:08.457  1714  2224 I MiuiNetworkPolicy: updateRuleGlobal uid = 10058, state = 20
11-17 02:01:08.457  1714  2224 I MiuiNetworkPolicy: updateRuleGlobal uid = 10064, state = 11
11-17 02:01:08.457  1714  2224 I MiuiNetworkPolicy: updateRuleGlobal uid = 10071, state = 9
11-17 02:01:08.457  1714  2224 I MiuiNetworkPolicy: updateRuleGlobal uid = 10083, state = 20
11-17 02:01:08.457  1714  2224 I MiuiNetworkPolicy: updateRuleGlobal uid = 10091, state = 0
11-17 02:01:08.457  1714  2224 I MiuiNetworkPolicy: updateWmmForUidState uid: 10091 state: 0 wmm: 1
11-17 02:01:08.457  2651  2651 D HingeNetworkManager: NETWORK_STATE_CHANGED_ACTION: mIsWifiConnected=true
11-17 02:01:08.458  1714  2224 I MiuiNetworkPolicy: updateRuleGlobal uid = 10093, state = 6
11-17 02:01:08.458  1714  2224 I MiuiNetworkPolicy: updateRuleGlobal uid = 10096, state = 3
11-17 02:01:08.458  1714  2224 I MiuiNetworkPolicy: updateRuleGlobal uid = 10099, state = 11
11-17 02:01:08.458  1714  2224 I MiuiNetworkPolicy: updateRuleGlobal uid = 10103, state = 4
11-17 02:01:08.458  1714  2224 I MiuiNetworkPolicy: updateRuleGlobal uid = 10107, state = 7
11-17 02:01:08.458  1714  2224 I MiuiNetworkPolicy: updateRuleGlobal uid = 10115, state = 5
11-17 02:01:08.458  1714  2224 I MiuiNetworkPolicy: updateRuleGlobal uid = 10121, state = 9
11-17 02:01:08.458  1714  2224 I MiuiNetworkPolicy: updateRuleGlobal uid = 10130, state = 7
11-17 02:01:08.458  1714  2224 I MiuiNetworkPolicy: updateRuleGlobal uid = 10150, state = 7
11-17 02:01:08.458  1714  2224 I MiuiNetworkPolicy: updateRuleGlobal uid = 10155, state = 21
11-17 02:01:08.458  1714  2224 I MiuiNetworkPolicy: updateRuleGlobal uid = 10160, state = 0
11-17 02:01:08.458  1714  2224 I MiuiNetworkPolicy: updateWmmForUidState uid: 10160 state: 0 wmm: 1
11-17 02:01:08.458  1714  2224 I MiuiNetworkPolicy: updateRuleGlobal uid = 10161, state = 20
11-17 02:01:08.458  1714  2224 I MiuiNetworkPolicy: updateRuleGlobal uid = 10175, state = 11
11-17 02:01:08.458  1714  2224 I MiuiNetworkPolicy: updateRuleGlobal uid = 10185, state = 3
11-17 02:01:08.459  1714  2224 I MiuiNetworkPolicy: updateRuleGlobal uid = 10186, state = 3
11-17 02:01:08.459  1714  2224 I MiuiNetworkPolicy: updateRuleGlobal uid = 10189, state = 20
11-17 02:01:08.459  1714  2224 I MiuiNetworkPolicy: updateRuleGlobal uid = 10192, state = 20
11-17 02:01:08.459  1714  2224 I MiuiNetworkPolicy: updateRuleGlobal uid = 10195, state = 11
11-17 02:01:08.459  1714  2224 I MiuiNetworkPolicy: updateRuleGlobal uid = 10197, state = 0
11-17 02:01:08.459  1714  2224 I MiuiNetworkPolicy: updateWmmForUidState uid: 10197 state: 0 wmm: 1
11-17 02:01:08.459  1714  2224 I MiuiNetworkPolicy: updateRuleGlobal uid = 10199, state = 3
11-17 02:01:08.459  1714  2224 I MiuiNetworkPolicy: updateRuleGlobal uid = 10201, state = 7
11-17 02:01:08.459  1714  2224 I MiuiNetworkPolicy: updateRuleGlobal uid = 10212, state = 21
11-17 02:01:08.459  1714  2224 I MiuiNetworkPolicy: updateRuleGlobal uid = 10213, state = 21
11-17 02:01:08.459  1714  2224 I MiuiNetworkPolicy: updateRuleGlobal uid = 10214, state = 21
11-17 02:01:08.459  1714  2224 I MiuiNetworkPolicy: updateRuleGlobal uid = 10216, state = 21
11-17 02:01:08.459  1714  2224 I MiuiNetworkPolicy: updateRuleGlobal uid = 10217, state = 21
11-17 02:01:08.459  1714  2224 I MiuiNetworkPolicy: updateRuleGlobal uid = 10218, state = 16
11-17 02:01:08.459  1714  2224 I MiuiNetworkPolicy: updateRuleGlobal uid = 10219, state = 21
11-17 02:01:08.459  1714  2224 I MiuiNetworkPolicy: updateRuleGlobal uid = 10220, state = 21
11-17 02:01:08.459  1714  2224 I MiuiNetworkPolicy: updateRuleGlobal uid = 10221, state = 21
11-17 02:01:08.459  1714  2224 I MiuiNetworkPolicy: updateRuleGlobal uid = 10223, state = 11
11-17 02:01:08.459  1714  2224 I MiuiNetworkPolicy: updateRuleGlobal uid = 10224, state = 21
11-17 02:01:08.459  1714  2224 I MiuiNetworkPolicy: updateRuleGlobal uid = 10225, state = 21
11-17 02:01:08.459  1714  2224 I MiuiNetworkPolicy: updateRuleGlobal uid = 10226, state = 21
11-17 02:01:08.459  1714  2224 I MiuiNetworkPolicy: updateRuleGlobal uid = 10227, state = 21
11-17 02:01:08.459  1714  2224 I MiuiNetworkPolicy: updateRuleGlobal uid = 10228, state = 21
11-17 02:01:08.460  1714  2224 I MiuiNetworkPolicy: updateRuleGlobal uid = 10229, state = 21
11-17 02:01:08.460  1714  2224 I MiuiNetworkPolicy: updateRuleGlobal uid = 10230, state = 21
11-17 02:01:08.460  1714  2224 I MiuiNetworkPolicy: updateRuleGlobal uid = 10231, state = 21
11-17 02:01:08.460  1714  2224 I MiuiNetworkPolicy: updateRuleGlobal uid = 10233, state = 21
11-17 02:01:08.460  1714  2224 I MiuiNetworkPolicy: updateRuleGlobal uid = 10234, state = 21
11-17 02:01:08.460  1714  2224 I MiuiNetworkPolicy: updateRuleGlobal uid = 10235, state = 21
11-17 02:01:08.460  1714  2224 I MiuiNetworkPolicy: updateRuleGlobal uid = 10236, state = 21
11-17 02:01:08.460  1714  2224 I MiuiNetworkPolicy: updateRuleGlobal uid = 10237, state = 21
11-17 02:01:08.460  1714  2224 I MiuiNetworkPolicy: updateRuleGlobal uid = 10238, state = 21
11-17 02:01:08.460  1714  2224 I MiuiNetworkPolicy: updateRuleGlobal uid = 10239, state = 21
11-17 02:01:08.460  1714  2224 I MiuiNetworkPolicy: updateRuleGlobal uid = 10240, state = 21
11-17 02:01:08.460  1714  2224 I MiuiNetworkPolicy: updateRuleGlobal uid = 10241, state = 21
11-17 02:01:08.460  1714  2224 I MiuiNetworkPolicy: updateRuleGlobal uid = 10242, state = 21
11-17 02:01:08.460  1714  2224 I MiuiNetworkPolicy: updateRuleGlobal uid = 10243, state = 21
11-17 02:01:08.460  1714  2224 I MiuiNetworkPolicy: updateRuleGlobal uid = 10244, state = 21
11-17 02:01:08.460  1714  2224 I MiuiNetworkPolicy: updateRuleGlobal uid = 10245, state = 21
11-17 02:01:08.460  1714  2224 I MiuiNetworkPolicy: updateRuleGlobal uid = 10246, state = 21
11-17 02:01:08.460  1714  2224 I MiuiNetworkPolicy: updateRuleGlobal uid = 10247, state = 21
11-17 02:01:08.460  1714  2224 I MiuiNetworkPolicy: updateRuleGlobal uid = 10248, state = 21
11-17 02:01:08.460  1714  2224 I MiuiNetworkPolicy: updateRuleGlobal uid = 10249, state = 21
11-17 02:01:08.460  1714  2224 I MiuiNetworkPolicy: updateRuleGlobal uid = 10250, state = 20
11-17 02:01:08.460  1714  2224 I MiuiNetworkPolicy: updateRuleGlobal uid = 10251, state = 21
11-17 02:01:08.460  1714  2224 I MiuiNetworkPolicy: updateRuleGlobal uid = 10252, state = 21
11-17 02:01:08.460  1714  2224 I MiuiNetworkPolicy: updateRuleGlobal uid = 10253, state = 21
11-17 02:01:08.460  1714  2224 I MiuiNetworkPolicy: updateRuleGlobal uid = 10254, state = 21
11-17 02:01:08.460  1714  2224 I MiuiNetworkPolicy: updateRuleGlobal uid = 10255, state = 21
11-17 02:01:08.460  1714  2224 I MiuiNetworkPolicy: updateRuleGlobal uid = 10256, state = 21
11-17 02:01:08.460  1714  2224 I MiuiNetworkPolicy: updateRuleGlobal uid = 10257, state = 21
11-17 02:01:08.460  1714  2224 I MiuiNetworkPolicy: updateRuleGlobal uid = 10258, state = 21
11-17 02:01:08.460  1714  2224 I MiuiNetworkPolicy: updateRuleGlobal uid = 10259, state = 21
11-17 02:01:08.460  1714  2224 I MiuiNetworkPolicy: updateRuleGlobal uid = 10260, state = 21
11-17 02:01:08.460  1714  2224 I MiuiNetworkPolicy: updateRuleGlobal uid = 10261, state = 21
11-17 02:01:08.460  1714  2224 I MiuiNetworkPolicy: updateRuleGlobal uid = 10262, state = 20
11-17 02:01:08.460  1714  2224 I MiuiNetworkPolicy: updateRuleGlobal uid = 10263, state = 21
11-17 02:01:08.460  1714  2224 I MiuiNetworkPolicy: updateRuleGlobal uid = 10264, state = 11
11-17 02:01:08.460  1714  2224 I MiuiNetworkPolicy: updateRuleGlobal uid = 10265, state = 21
11-17 02:01:08.460  1714  2224 I MiuiNetworkPolicy: updateRuleGlobal uid = 10266, state = 21
11-17 02:01:08.460  1714  2224 I MiuiNetworkPolicy: updateRuleGlobal uid = 10267, state = 21
11-17 02:01:08.460  1714  2224 I MiuiNetworkPolicy: updateRuleGlobal uid = 10268, state = 21
11-17 02:01:08.460  1714  2224 I MiuiNetworkPolicy: updateRuleGlobal uid = 10269, state = 21
11-17 02:01:08.460  1714  2224 I MiuiNetworkPolicy: updateRuleGlobal uid = 10270, state = 21
11-17 02:01:08.460  1714  2224 I MiuiNetworkPolicy: updateRuleGlobal uid = 10271, state = 21
11-17 02:01:08.460  1714  2224 I MiuiNetworkPolicy: updateRuleGlobal uid = 10274, state = 21
11-17 02:01:08.460  1714  2224 I MiuiNetworkPolicy: updateRuleGlobal uid = 10275, state = 21
11-17 02:01:08.460  1714  2224 I MiuiNetworkPolicy: updateRuleGlobal uid = 10276, state = 21
11-17 02:01:08.460  1714  2224 I MiuiNetworkPolicy: updateRuleGlobal uid = 10277, state = 21
11-17 02:01:08.460  1714  2224 I MiuiNetworkPolicy: updateRuleGlobal uid = 10278, state = 21
11-17 02:01:08.460  1714  2224 I MiuiNetworkPolicy: updateRuleGlobal uid = 10279, state = 21
11-17 02:01:08.460  1714  2224 I MiuiNetworkPolicy: updateRuleGlobal uid = 10280, state = 21
11-17 02:01:08.460  1714  2224 I MiuiNetworkPolicy: updateRuleGlobal uid = 10281, state = 21
11-17 02:01:08.460  1714  2224 I MiuiNetworkPolicy: updateRuleGlobal uid = 10282, state = 21
11-17 02:01:08.460  1714  2224 I MiuiNetworkPolicy: updateRuleGlobal uid = 10283, state = 21
11-17 02:01:08.460  1714  2224 I MiuiNetworkPolicy: updateRuleGlobal uid = 10284, state = 21
11-17 02:01:08.460  1714  2224 I MiuiNetworkPolicy: updateRuleGlobal uid = 10285, state = 21
11-17 02:01:08.460  1714  2224 I MiuiNetworkPolicy: updateRuleGlobal uid = 10286, state = 21
11-17 02:01:08.460  1714  2224 I MiuiNetworkPolicy: updateRuleGlobal uid = 10287, state = 21
11-17 02:01:08.460  1714  2224 I MiuiNetworkPolicy: updateRuleGlobal uid = 10288, state = 21
11-17 02:01:08.460  1714  2224 I MiuiNetworkPolicy: updateRuleGlobal uid = 10290, state = 21
11-17 02:01:08.460  1714  2224 I MiuiNetworkPolicy: updateRuleGlobal uid = 10291, state = 21
11-17 02:01:08.460  1714  2224 I MiuiNetworkPolicy: updateRuleGlobal uid = 10292, state = 21
11-17 02:01:08.460  1714  2224 I MiuiNetworkPolicy: updateRuleGlobal uid = 10293, state = 21
11-17 02:01:08.460  1714  2224 I MiuiNetworkPolicy: updateRuleGlobal uid = 10294, state = 21
11-17 02:01:08.460  1714  2224 I MiuiNetworkPolicy: updateRuleGlobal uid = 10295, state = 21
11-17 02:01:08.460  1714  2224 I MiuiNetworkPolicy: updateRuleGlobal uid = 10296, state = 21
11-17 02:01:08.460  1714  2224 I MiuiNetworkPolicy: updateRuleGlobal uid = 10297, state = 21
11-17 02:01:08.460  1714  2224 I MiuiNetworkPolicy: updateRuleGlobal uid = 10298, state = 21
11-17 02:01:08.460  1714  2224 I MiuiNetworkPolicy: updateRuleGlobal uid = 10299, state = 21
11-17 02:01:08.460  1714  2224 I MiuiNetworkPolicy: updateRuleGlobal uid = 10300, state = 21
11-17 02:01:08.460  1714  2224 I MiuiNetworkPolicy: updateRuleGlobal uid = 10303, state = 6
11-17 02:01:08.460  1714  2224 I MiuiNetworkPolicy: updateRuleGlobal uid = 10304, state = 21
11-17 02:01:08.460  1714  2224 I MiuiNetworkPolicy: updateRuleGlobal uid = 10305, state = 21
11-17 02:01:08.460  1714  2224 I MiuiNetworkPolicy: updateRuleGlobal uid = 10306, state = 21
11-17 02:01:08.460  1714  2224 I MiuiNetworkPolicy: updateRuleGlobal uid = 10314, state = 21
11-17 02:01:08.460  1714  2224 I MiuiNetworkPolicy: updateRuleGlobal uid = 10316, state = 21
11-17 02:01:08.460  1714  2224 I MiuiNetworkPolicy: updateRuleGlobal uid = 10319, state = 21
11-17 02:01:08.460  1714  2224 I MiuiNetworkPolicy: updateRuleGlobal uid = 10320, state = 21
11-17 02:01:08.460  1714  2224 I MiuiNetworkPolicy: updateRuleGlobal uid = 10323, state = 13
11-17 02:01:08.460  1714  2224 I MiuiNetworkPolicy: updateRuleGlobal uid = 10324, state = 21
11-17 02:01:08.460  1714  2224 I MiuiNetworkPolicy: updateRuleGlobal uid = 99004, state = 7
11-17 02:01:08.460  1714  2224 I MiuiNetworkPolicy: updateRuleGlobal uid = 99018, state = 20
11-17 02:01:08.461  1714  2224 I MiuiNetworkPolicy: wasConnected = true mWifiConnected = true mNetworkPriorityMode =0
11-17 02:01:08.490 10569 10583 E System  : org.chromium.net.impl.NetworkExceptionImpl: Exception in CronetUrlRequest: net::ERR_INTERNET_DISCONNECTED, ErrorCode=2, InternalErrorCode=-106, Retryable=false
11-17 02:01:08.504  1714  1846 W NetworkStatsFactorySysApp: stats=NetworkStatsSysApp: elapsedRealtime=35858427
11-17 02:01:08.504  1714  1846 W NetworkStatsFactorySysApp:   [0] iface=wlan0 nameOrHashs=com.miui.daemon rxBytes=240 rxPackets=2 txBytes=1800 txPackets=59  [1] iface=wlan0 nameOrHashs=curitycenter:ui rxBytes=18845 rxPackets=41 txBytes=6467 txPackets=44  [2] iface=wlan0 nameOrHashs=iui.cleanmaster rxBytes=8409 rxPackets=13 txBytes=3609 txPackets=19  [3] iface=wlan0 nameOrHashs=m.xiaomi.joyose rxBytes=6127 rxPackets=15 txBytes=1710 txPackets=15  [4] iface=wlan0 nameOrHashs=ndroid.settings rxBytes=44171 rxPackets=103 txBytes=13984 txPackets=118  [5] iface=wlan0 nameOrHashs=settings:remote rxBytes=23951 rxPackets=57 txBytes=24135 txPackets=67  [6] iface=wlan0 nameOrHashs=system_server rxBytes=856 rxPackets=13 txBytes=980 txPackets=15  [7] iface=wlan0 nameOrHashs=tycenter.remote rxBytes=5728 rxPackets=13 txBytes=1641 txPackets=12
11-17 02:01:08.507   675  2369 I netd    : createNetworkCache(127) <0.01ms>
11-17 02:01:08.529  1714  2226 D WifiNetworkAgent: NetworkAgent: Received signal strength thresholds: []
11-17 02:01:08.531  2320  2896 D NetworkController.MobileSignalController(2): 4G level = 3
11-17 02:01:08.532  1714  2224 I MiuiNetworkPolicy: mMobileNwReceiver mConnectState = CONNECTED
11-17 02:01:08.532   675  2369 I netd    : networkSetPermissionForNetwork(127, 0) <0.01ms>
11-17 02:01:08.534  1714  1776 D NetworkManagement: wlan0 <====> 1
11-17 02:01:08.534  1714  1776 I MiuiNetworkPolicy: label wlan0, uid -1, active true, tsNanos 35858457983779
11-17 02:01:08.551  3129  3632 I NearbyPresence: (REDACTED) NetworkMonitorImpl onAvailable %s
11-17 02:01:08.551  3129  3632 I NearbyPresence: (REDACTED) NetworkMonitorImpl onLinkPropertiesChanged %s
11-17 02:01:08.559  2299  3241 D HeadsetStateMachine: The current Network: 127 is avialable: true
11-17 02:01:08.560  1714  2439 D NetworkTimeUpdateService: New default network 127; checking time.
11-17 02:01:08.561  1714  2439 D NetworkTimeUpdateService: mNitzTimeSetTime: 6872929, refTime: 35858484, mLastNtpFetchTime: 33847967
11-17 02:01:08.562  2299  3241 D HeadsetStateMachine: The current Network: 127 is avialable: true
11-17 02:01:08.563  2584  3552 D QCNEJ/DefaultNetworkInfoRelay: Default network available: 127
11-17 02:01:08.563  2584  3552 D QCNEJ/NativeHalConnector: -> SND notifyDefaultNetworkChanged(1)
11-17 02:01:08.570   675  2373 I netd    : createNetworkCache(128) <0.02ms>
11-17 02:01:08.582  1714  2439 D NetworkTimeUpdateService: Ignoring NTP update due to recent NITZ
11-17 02:01:08.591  3728 11529 I DeviceStatusMonitor: DeviceStatusMonitor.notifyIfNetworkChanged():196 notifyIfNetworkChanged: newState = NON_METERED, airplaneModeOn = false, notifyAnyway = false
11-17 02:01:08.596  1714 11527 D NetworkMonitor/127: PROBE_DNS connectivitycheck.gstatic.com 66ms OK 142.250.184.3
11-17 02:01:08.597  3728  3728 I NetworkInfoNotification: NetworkInfoNotification$Listener.onReceive():107 onNetworkAvailable: networkState = NON_METERED, isAirplaneModeOn = false
11-17 02:01:08.597  3728 11529 I NetworkInfoNotification: NetworkInfoNotification$Listener.onReceive():107 onNetworkAvailable: networkState = NON_METERED, isAirplaneModeOn = false
11-17 02:01:08.597  3728 11542 I NetworkInfoNotification: NetworkInfoNotification$Listener.onReceive():107 onNetworkAvailable: networkState = NON_METERED, isAirplaneModeOn = false
11-17 02:01:08.597   675  2369 D OemNetd : setCurrentNetworkState: state=1
11-17 02:01:08.598  3129 11408 I NetworkManagementSocketTagger: tagSocketFd(-1, 1031, -1, -1) failed with errno-9
11-17 02:01:08.603  8278  8278 I Ja      : handleNetworkConnectivityChanged: 
11-17 02:01:08.616  1714  2224 I MiuiNetworkPolicy: updateUidState uid = 99004, uidState = 6
11-17 02:01:08.616  1714  2224 I MiuiNetworkPolicy: updateMLUid uid:99004,old:7,new:6
11-17 02:01:08.616  1714  2224 I MiuiNetworkPolicy: updateUidState uid = 10107, uidState = 6
11-17 02:01:08.616  1714  2224 I MiuiNetworkPolicy: updateMLUid uid:10107,old:7,new:6
11-17 02:01:08.616  1714  2224 I MiuiNetworkPolicy: isMLEnabled state:7,uid:10107,connect:CONNECTED
11-17 02:01:08.616  1714  2224 I MiuiNetworkPolicy: isMLEnabled state:6,uid:10107,connect:CONNECTED
11-17 02:01:08.628  1714  2224 I MiuiNetworkPolicy: updateUidState uid = 99004, uidState = 7
11-17 02:01:08.628  1714  2224 I MiuiNetworkPolicy: updateMLUid uid:99004,old:6,new:7
11-17 02:01:08.628  1714  2224 I MiuiNetworkPolicy: updateUidState uid = 10107, uidState = 7
11-17 02:01:08.628  1714  2224 I MiuiNetworkPolicy: updateMLUid uid:10107,old:6,new:7
11-17 02:01:08.628  1714  2224 I MiuiNetworkPolicy: isMLEnabled state:6,uid:10107,connect:CONNECTED
11-17 02:01:08.628  1714  2224 I MiuiNetworkPolicy: isMLEnabled state:7,uid:10107,connect:CONNECTED
11-17 02:01:08.639  2651  2859 D DcNetworkAgent-14: NetworkAgent: NetworkAgent channel lost
11-17 02:01:08.668  1714  2224 I MiuiNetworkPolicy: updateUidState uid = 99004, uidState = 6
11-17 02:01:08.669  1714  2224 I MiuiNetworkPolicy: updateMLUid uid:99004,old:7,new:6
11-17 02:01:08.669  1714  2224 I MiuiNetworkPolicy: updateUidState uid = 10107, uidState = 6
11-17 02:01:08.669  1714  2224 I MiuiNetworkPolicy: updateMLUid uid:10107,old:7,new:6
11-17 02:01:08.669  1714  2224 I MiuiNetworkPolicy: isMLEnabled state:7,uid:10107,connect:CONNECTED
11-17 02:01:08.669  1714  2224 I MiuiNetworkPolicy: isMLEnabled state:6,uid:10107,connect:CONNECTED
11-17 02:01:08.676   675  2369 I netd    : destroyNetworkCache(128) <0.02ms>
11-17 02:01:08.679  1714  2224 I MiuiNetworkPolicy: updateUidState uid = 99004, uidState = 7
11-17 02:01:08.679  1714  2224 I MiuiNetworkPolicy: updateMLUid uid:99004,old:6,new:7
11-17 02:01:08.679  1714  2224 I MiuiNetworkPolicy: updateUidState uid = 10107, uidState = 7
11-17 02:01:08.679  1714  2224 I MiuiNetworkPolicy: updateMLUid uid:10107,old:6,new:7
11-17 02:01:08.679  1714  2224 I MiuiNetworkPolicy: isMLEnabled state:6,uid:10107,connect:CONNECTED
11-17 02:01:08.679  1714  2224 I MiuiNetworkPolicy: isMLEnabled state:7,uid:10107,connect:CONNECTED
11-17 02:01:08.707  1714 11527 D NetworkMonitor/127: PROBE_HTTP http://connectivitycheck.gstatic.com/generate_204 time=110ms ret=204 request={Connection=[close], User-Agent=[Mozilla/5.0 (X11; Linux x86_64) AppleWebKit/537.36 (KHTML, like Gecko) Chrome/60.0.3112.32 Safari/537.36]} headers={null=[HTTP/1.1 204 No Content], Connection=[close], Content-Length=[0], Cross-Origin-Resource-Policy=[cross-origin], Date=[Mon, 17 Nov 2025 02:01:09 GMT], X-Android-Received-Millis=[1763344868706], X-Android-Response-Source=[NETWORK 204], X-Android-Selected-Protocol=[http/1.1], X-Android-Sent-Millis=[1763344868647]}
11-17 02:01:08.708  1714 11527 D NetworkMonitor/127: isCaptivePortal: isSuccessful()=true isPortal()=false RedirectUrl=null isPartialConnectivity()=false Time=177ms
11-17 02:01:08.708  1714  2230 D WifiAssistant: handleNetworkValidationResult: 127 | true | false | false
11-17 02:01:08.710  1714  2230 D WifiAssistant: handleNetworkValidationResult: abort for validated: true
11-17 02:01:08.718  1714  1776 I GnssNetworkConnectivityHandler: updateNetworkState, state=CLOSED, connected=true, network=127, capabilities=[ Transports: WIFI Capabilities: NOT_METERED&INTERNET&NOT_RESTRICTED&TRUSTED&NOT_VPN&VALIDATED&NOT_ROAMING&FOREGROUND&NOT_CONGESTED&NOT_SUSPENDED LinkUpBandwidth>=1048576Kbps LinkDnBandwidth>=1048576Kbps SSID: "CCF Headquarters"], apn: null, availableNetworkCount: 1
11-17 02:01:09.094  2320  2896 D NetworkController.MobileSignalController(2): 4G level = 3
11-17 02:01:09.095  1714  2224 I MiuiNetworkPolicy: mMobileNwReceiver mConnectState = DISCONNECTED
11-17 02:01:09.109  2320  2896 D MobileSignalController: onServiceStateChanged: {mVoiceRegState=0(IN_SERVICE), mDataRegState=0(IN_SERVICE), mChannelNumber=122, duplexMode()=0, mCellBandwidths=[2147483647], mVoiceOperatorAlphaLong=MEO, mVoiceOperatorAlphaShort=MEO, mDataOperatorAlphaLong=MEO, mDataOperatorAlphaShort=MEO, isManualNetworkSelection=false(automatic), getRilVoiceRadioTechnology=16(GSM), getRilDataRadioTechnology=2(EDGE), mCssIndicator=supported, mNetworkId=-1, mSystemId=-1, mCdmaRoamingIndicator=-1, mCdmaDefaultRoamingIndicator=-1, mIsEmergencyOnly=false, isUsingCarrierAggregation=false, mLteEarfcnRsrpBoost=0, mNetworkRegistrationInfos=[NetworkRegistrationInfo{ domain=CS transportType=WWAN registrationState=HOME roamingType=NOT_ROAMING accessNetworkTechnology=GSM rejectCause=0 emergencyEnabled=false availableServices=[VOICE,SMS,VIDEO] cellIdentity=CellIdentityGsm mMcc=268 mMnc=06 mAlphaLong=MEO mAlphaShort=MEO} voiceSpecificInfo=VoiceSpecificRegistrationInfo { mCssSupported=true mRoamingIndicator=1 mSystemIsInPrl=-1 mDefaultRoamingIndicator=-1} dataSpecificInfo=null nrState=NONE}, NetworkRegistrationInfo{ domain=PS transportType=WWAN registrationState=HOME roamingType=NOT_ROAMING accessNetworkTechnology=EDGE rejectCause=0 emergencyEnabled=false availableServices=[DATA] cellIdentity=CellIdentityGsm mMcc=268 mMnc=06 mAlphaLong=MEO mAlphaShort=MEO} voiceSpecificInfo=null dataSpecificInfo=android.telephony.DataSpecificRegistrationInfo :{ maxDataCalls = 20 isDcNrRestricted = false isNrAvailable = false isEnDcAvailable = false LteVopsSupportInfo :  mVopsSupport = 1 mEmcBearerSupport = 1 mIsUsingCarrierAggregation = false } nrState=NONE}], mNrFrequencyRange=-1, mOperatorAlphaLongRaw=MEO, mOperatorAlphaShortRaw=MEO, mIsIwlanPreferred=false}, data type = 2
11-17 02:01:09.109  2320  2896 D NetworkController.MobileSignalController(2): 4G level = 3
11-17 02:01:09.120  2320  2320 V KeyguardUpdateMonitor: action android.intent.action.SERVICE_STATE serviceState={mVoiceRegState=0(IN_SERVICE), mDataRegState=0(IN_SERVICE), mChannelNumber=122, duplexMode()=0, mCellBandwidths=[2147483647], mVoiceOperatorAlphaLong=MEO, mVoiceOperatorAlphaShort=MEO, mDataOperatorAlphaLong=MEO, mDataOperatorAlphaShort=MEO, isManualNetworkSelection=false(automatic), getRilVoiceRadioTechnology=16(GSM), getRilDataRadioTechnology=2(EDGE), mCssIndicator=supported, mNetworkId=-1, mSystemId=-1, mCdmaRoamingIndicator=-1, mCdmaDefaultRoamingIndicator=-1, mIsEmergencyOnly=false, isUsingCarrierAggregation=false, mLteEarfcnRsrpBoost=0, mNetworkRegistrationInfos=[NetworkRegistrationInfo{ domain=CS transportType=WWAN registrationState=HOME roamingType=NOT_ROAMING accessNetworkTechnology=GSM rejectCause=0 emergencyEnabled=false availableServices=[VOICE,SMS,VIDEO] cellIdentity=CellIdentityGsm mMcc=268 mMnc=06 mAlphaLong=MEO mAlphaShort=MEO} voiceSpecificInfo=VoiceSpecificRegistrationInfo { mCssSupported=true mRoamingIndicator=1 mSystemIsInPrl=-1 mDefaultRoamingIndicator=-1} dataSpecificInfo=null nrState=NONE}, NetworkRegistrationInfo{ domain=PS transportType=WWAN registrationState=HOME roamingType=NOT_ROAMING accessNetworkTechnology=EDGE rejectCause=0 emergencyEnabled=false availableServices=[DATA] cellIdentity=CellIdentityGsm mMcc=268 mMnc=06 mAlphaLong=MEO mAlphaShort=MEO} voiceSpecificInfo=null dataSpecificInfo=android.telephony.DataSpecificRegistrationInfo :{ maxDataCalls = 20 isDcNrRestricted = false isNrAvailable = false isEnDcAvailable = false LteVopsSupportInfo :  mVopsSupport = 1 mEmcBearerSupport = 1 mIsUsingCarrierAggregation = false } nrState=NONE}], mNrFrequencyRange=-1, mOperatorAlphaLongRaw=MEO, mOperatorAlphaShortRaw=MEO, mIsIwlanPreferred=false} subId=2
11-17 02:01:09.121  2320  2320 D KeyguardUpdateMonitor: handleServiceStateChange(subId=2, serviceState={mVoiceRegState=0(IN_SERVICE), mDataRegState=0(IN_SERVICE), mChannelNumber=122, duplexMode()=0, mCellBandwidths=[2147483647], mVoiceOperatorAlphaLong=MEO, mVoiceOperatorAlphaShort=MEO, mDataOperatorAlphaLong=MEO, mDataOperatorAlphaShort=MEO, isManualNetworkSelection=false(automatic), getRilVoiceRadioTechnology=16(GSM), getRilDataRadioTechnology=2(EDGE), mCssIndicator=supported, mNetworkId=-1, mSystemId=-1, mCdmaRoamingIndicator=-1, mCdmaDefaultRoamingIndicator=-1, mIsEmergencyOnly=false, isUsingCarrierAggregation=false, mLteEarfcnRsrpBoost=0, mNetworkRegistrationInfos=[NetworkRegistrationInfo{ domain=CS transportType=WWAN registrationState=HOME roamingType=NOT_ROAMING accessNetworkTechnology=GSM rejectCause=0 emergencyEnabled=false availableServices=[VOICE,SMS,VIDEO] cellIdentity=CellIdentityGsm mMcc=268 mMnc=06 mAlphaLong=MEO mAlphaShort=MEO} voiceSpecificInfo=VoiceSpecificRegistrationInfo { mCssSupported=true mRoamingIndicator=1 mSystemIsInPrl=-1 mDefaultRoamingIndicator=-1} dataSpecificInfo=null nrState=NONE}, NetworkRegistrationInfo{ domain=PS transportType=WWAN registrationState=HOME roamingType=NOT_ROAMING accessNetworkTechnology=EDGE rejectCause=0 emergencyEnabled=false availableServices=[DATA] cellIdentity=CellIdentityGsm mMcc=268 mMnc=06 mAlphaLong=MEO mAlphaShort=MEO} voiceSpecificInfo=null dataSpecificInfo=android.telephony.DataSpecificRegistrationInfo :{ maxDataCalls = 20 isDcNrRestricted = false isNrAvailable = false isEnDcAvailable = false LteVopsSupportInfo :  mVopsSupport = 1 mEmcBearerSupport = 1 mIsUsingCarrierAggregation = false } nrState=NONE}], mNrFrequencyRange=-1, mOperatorAlphaLongRaw=MEO, mOperatorAlphaShortRaw=MEO, mIsIwlanPreferred=false}
11-17 02:01:09.122  1714  2224 I MiuiNetworkPolicy: updateUidState uid = 10083, uidState = 12
11-17 02:01:09.122  1714  2224 I MiuiNetworkPolicy: updateMLUid uid:10083,old:20,new:12
11-17 02:01:09.122  1714  2224 I MiuiNetworkPolicy: isMLEnabled state:20,uid:10083,connect:DISCONNECTED
11-17 02:01:09.122  1714  2224 I MiuiNetworkPolicy: isMLEnabled state:12,uid:10083,connect:DISCONNECTED
11-17 02:01:09.129  1714  2224 I MiuiNetworkPolicy: updateUidState uid = 10083, uidState = 20
11-17 02:01:09.129  1714  2224 I MiuiNetworkPolicy: updateMLUid uid:10083,old:12,new:20
11-17 02:01:09.129  1714  2224 I MiuiNetworkPolicy: isMLEnabled state:12,uid:10083,connect:DISCONNECTED
11-17 02:01:09.129  1714  2224 I MiuiNetworkPolicy: isMLEnabled state:20,uid:10083,connect:DISCONNECTED
11-17 02:01:09.135  2320  2896 D NetworkController.MobileSignalController(2): 4G level = 3
11-17 02:01:09.215  3129 11555 I NearbySharing: Network state changed: NetworkState(isRestricted=false, isOnline=true, isCongested=false, isMetered=false, isWifiConnected=true)
11-17 02:01:09.470  1714  2224 I MiuiNetworkPolicy: updateUidState uid = 10223, uidState = 9
11-17 02:01:09.470  1714  2224 I MiuiNetworkPolicy: updateMLUid uid:10223,old:11,new:9
11-17 02:01:09.471  1714  2224 I MiuiNetworkPolicy: isMLEnabled state:11,uid:10223,connect:DISCONNECTED
11-17 02:01:09.471  1714  2224 I MiuiNetworkPolicy: isMLEnabled state:9,uid:10223,connect:DISCONNECTED
11-17 02:01:09.493  1714  2224 I MiuiNetworkPolicy: updateUidState uid = 10223, uidState = 11
11-17 02:01:09.493  1714  2224 I MiuiNetworkPolicy: updateMLUid uid:10223,old:9,new:11
11-17 02:01:09.493  1714  2224 I MiuiNetworkPolicy: isMLEnabled state:9,uid:10223,connect:DISCONNECTED
11-17 02:01:09.493  1714  2224 I MiuiNetworkPolicy: isMLEnabled state:11,uid:10223,connect:DISCONNECTED
11-17 02:01:09.505  1714  2224 I MiuiNetworkPolicy: updateUidState uid = 10223, uidState = 11
11-17 02:01:10.627  3129  3632 I NearbyPresence: (REDACTED) NetworkMonitorImpl onLinkPropertiesChanged %s
11-17 02:01:10.643  3129  3129 D BoundBrokerSvc: onRebind: Intent { act=com.google.android.gms.auth.aang.events.services.START dat=chimera-action: cmp=com.google.android.gms/.chimera.PersistentApiService }
11-17 02:01:10.644  1714  2224 I MiuiNetworkPolicy: updateUidState uid = 10218, uidState = 20
11-17 02:01:10.644  1714  2224 I MiuiNetworkPolicy: updateMLUid uid:10218,old:16,new:20
11-17 02:01:10.644  1714  2224 I MiuiNetworkPolicy: isMLEnabled state:16,uid:10218,connect:DISCONNECTED
11-17 02:01:10.644  1714  2224 I MiuiNetworkPolicy: isMLEnabled state:20,uid:10218,connect:DISCONNECTED
11-17 02:01:10.644  1714  2224 I MiuiNetworkPolicy: updateUidState uid = 9801, uidState = 20